[0.102s] Invoking command in '/root/ros2_ws/build/message': /usr/bin/cmake --build /root/ros2_ws/build/message -- -j8 -l8
[1.030s] [  3%] Built target message__cpp
[1.087s] [ 12%] Built target message__rosidl_generator_c
[1.407s] [ 12%] Built target ament_cmake_python_copy_message
[1.819s] [ 22%] Built target message__rosidl_typesupport_introspection_cpp
[2.094s] [ 32%] Built target message__rosidl_typesupport_fastrtps_c
[2.117s] [ 41%] Built target message__rosidl_typesupport_fastrtps_cpp
[2.162s] [ 51%] Built target message__rosidl_typesupport_c
[2.219s] [ 61%] Built target message__rosidl_typesupport_cpp
[2.231s] [ 70%] Built target message__rosidl_typesupport_introspection_c
[2.668s] [ 70%] Built target message
[3.082s] [ 74%] Built target message__py
[3.495s] [ 80%] Built target message__rosidl_generator_py
[4.173s] [ 87%] Built target message__rosidl_typesupport_c__pyext
[4.191s] [ 93%] Built target message__rosidl_typesupport_fastrtps_c__pyext
[4.193s] [100%] Built target message__rosidl_typesupport_introspection_c__pyext
[4.290s] running egg_info
[4.296s] writing message.egg-info/PKG-INFO
[4.298s] writing dependency_links to message.egg-info/dependency_links.txt
[4.301s] writing top-level names to message.egg-info/top_level.txt
[4.314s] reading manifest file 'message.egg-info/SOURCES.txt'
[4.320s] writing manifest file 'message.egg-info/SOURCES.txt'
[4.518s] [100%] Built target ament_cmake_python_build_message_egg
[4.648s] Invoked command in '/root/ros2_ws/build/message' returned '0': /usr/bin/cmake --build /root/ros2_ws/build/message -- -j8 -l8
[4.779s] Invoking command in '/root/ros2_ws/build/message': /usr/bin/cmake --install /root/ros2_ws/build/message
[4.914s] -- Install configuration: ""
[4.918s] -- Up-to-date: /root/ros2_ws/install/message/share/ament_index/resource_index/rosidl_interfaces/message
[4.920s] -- Up-to-date: /root/ros2_ws/install/message/include/message/message
[4.921s] -- Up-to-date: /root/ros2_ws/install/message/include/message/message/msg
[4.922s] -- Up-to-date: /root/ros2_ws/install/message/include/message/message/msg/detail
[4.922s] -- Up-to-date: /root/ros2_ws/install/message/include/message/message/msg/detail/emotion__functions.h
[4.923s] -- Up-to-date: /root/ros2_ws/install/message/include/message/message/msg/detail/emotion__functions.c
[4.924s] -- Up-to-date: /root/ros2_ws/install/message/include/message/message/msg/detail/emotion__type_support.h
[4.924s] -- Up-to-date: /root/ros2_ws/install/message/include/message/message/msg/detail/emotion__struct.h
[4.925s] -- Up-to-date: /root/ros2_ws/install/message/include/message/message/msg/rosidl_generator_c__visibility_control.h
[4.926s] -- Up-to-date: /root/ros2_ws/install/message/include/message/message/msg/emotion.h
[4.926s] -- Up-to-date: /root/ros2_ws/install/message/share/message/environment/library_path.sh
[4.927s] -- Up-to-date: /root/ros2_ws/install/message/share/message/environment/library_path.dsv
[4.928s] -- Up-to-date: /root/ros2_ws/install/message/lib/libmessage__rosidl_generator_c.so
[4.929s] -- Up-to-date: /root/ros2_ws/install/message/include/message/message
[4.930s] -- Up-to-date: /root/ros2_ws/install/message/include/message/message/msg
[4.931s] -- Up-to-date: /root/ros2_ws/install/message/include/message/message/msg/detail
[4.931s] -- Up-to-date: /root/ros2_ws/install/message/include/message/message/msg/detail/emotion__rosidl_typesupport_fastrtps_c.h
[4.932s] -- Up-to-date: /root/ros2_ws/install/message/include/message/message/msg/rosidl_typesupport_fastrtps_c__visibility_control.h
[4.933s] -- Up-to-date: /root/ros2_ws/install/message/lib/libmessage__rosidl_typesupport_fastrtps_c.so
[4.935s] -- Up-to-date: /root/ros2_ws/install/message/include/message/message
[4.936s] -- Up-to-date: /root/ros2_ws/install/message/include/message/message/msg
[4.936s] -- Up-to-date: /root/ros2_ws/install/message/include/message/message/msg/detail
[4.937s] -- Up-to-date: /root/ros2_ws/install/message/include/message/message/msg/detail/emotion__struct.hpp
[4.938s] -- Up-to-date: /root/ros2_ws/install/message/include/message/message/msg/detail/emotion__traits.hpp
[4.939s] -- Up-to-date: /root/ros2_ws/install/message/include/message/message/msg/detail/emotion__builder.hpp
[4.940s] -- Up-to-date: /root/ros2_ws/install/message/include/message/message/msg/detail/emotion__type_support.hpp
[4.941s] -- Up-to-date: /root/ros2_ws/install/message/include/message/message/msg/emotion.hpp
[4.942s] -- Up-to-date: /root/ros2_ws/install/message/include/message/message/msg/rosidl_generator_cpp__visibility_control.hpp
[4.943s] -- Up-to-date: /root/ros2_ws/install/message/include/message/message
[4.944s] -- Up-to-date: /root/ros2_ws/install/message/include/message/message/msg
[4.945s] -- Up-to-date: /root/ros2_ws/install/message/include/message/message/msg/detail
[4.945s] -- Up-to-date: /root/ros2_ws/install/message/include/message/message/msg/detail/emotion__rosidl_typesupport_fastrtps_cpp.hpp
[4.946s] -- Up-to-date: /root/ros2_ws/install/message/include/message/message/msg/detail/dds_fastrtps
[4.947s] -- Up-to-date: /root/ros2_ws/install/message/include/message/message/msg/rosidl_typesupport_fastrtps_cpp__visibility_control.h
[4.947s] -- Up-to-date: /root/ros2_ws/install/message/lib/libmessage__rosidl_typesupport_fastrtps_cpp.so
[4.948s] -- Up-to-date: /root/ros2_ws/install/message/include/message/message
[4.948s] -- Up-to-date: /root/ros2_ws/install/message/include/message/message/msg
[4.949s] -- Up-to-date: /root/ros2_ws/install/message/include/message/message/msg/detail
[4.951s] -- Up-to-date: /root/ros2_ws/install/message/include/message/message/msg/detail/emotion__type_support.c
[4.951s] -- Up-to-date: /root/ros2_ws/install/message/include/message/message/msg/detail/emotion__rosidl_typesupport_introspection_c.h
[4.952s] -- Up-to-date: /root/ros2_ws/install/message/include/message/message/msg/rosidl_typesupport_introspection_c__visibility_control.h
[4.955s] -- Up-to-date: /root/ros2_ws/install/message/lib/libmessage__rosidl_typesupport_introspection_c.so
[4.956s] -- Up-to-date: /root/ros2_ws/install/message/lib/libmessage__rosidl_typesupport_c.so
[4.957s] -- Up-to-date: /root/ros2_ws/install/message/include/message/message
[4.958s] -- Up-to-date: /root/ros2_ws/install/message/include/message/message/msg
[4.959s] -- Up-to-date: /root/ros2_ws/install/message/include/message/message/msg/detail
[4.960s] -- Up-to-date: /root/ros2_ws/install/message/include/message/message/msg/detail/emotion__type_support.cpp
[4.961s] -- Up-to-date: /root/ros2_ws/install/message/include/message/message/msg/detail/emotion__rosidl_typesupport_introspection_cpp.hpp
[4.961s] -- Up-to-date: /root/ros2_ws/install/message/lib/libmessage__rosidl_typesupport_introspection_cpp.so
[4.964s] -- Up-to-date: /root/ros2_ws/install/message/lib/libmessage__rosidl_typesupport_cpp.so
[4.976s] -- Up-to-date: /root/ros2_ws/install/message/share/message/environment/pythonpath.sh
[4.977s] -- Up-to-date: /root/ros2_ws/install/message/share/message/environment/pythonpath.dsv
[4.977s] -- Up-to-date: /root/ros2_ws/install/message/local/lib/python3.10/dist-packages/message-0.0.0-py3.10.egg-info
[4.978s] -- Installing: /root/ros2_ws/install/message/local/lib/python3.10/dist-packages/message-0.0.0-py3.10.egg-info/dependency_links.txt
[4.979s] -- Installing: /root/ros2_ws/install/message/local/lib/python3.10/dist-packages/message-0.0.0-py3.10.egg-info/SOURCES.txt
[4.979s] -- Installing: /root/ros2_ws/install/message/local/lib/python3.10/dist-packages/message-0.0.0-py3.10.egg-info/top_level.txt
[4.980s] -- Installing: /root/ros2_ws/install/message/local/lib/python3.10/dist-packages/message-0.0.0-py3.10.egg-info/PKG-INFO
[4.980s] -- Up-to-date: /root/ros2_ws/install/message/local/lib/python3.10/dist-packages/message
[4.981s] -- Up-to-date: /root/ros2_ws/install/message/local/lib/python3.10/dist-packages/message/__init__.py
[4.981s] -- Up-to-date: /root/ros2_ws/install/message/local/lib/python3.10/dist-packages/message/libmessage__rosidl_generator_py.so
[4.982s] -- Up-to-date: /root/ros2_ws/install/message/local/lib/python3.10/dist-packages/message/message_s__rosidl_typesupport_introspection_c.cpython-310-aarch64-linux-gnu.so
[4.982s] -- Up-to-date: /root/ros2_ws/install/message/local/lib/python3.10/dist-packages/message/message_s__rosidl_typesupport_c.cpython-310-aarch64-linux-gnu.so
[4.983s] -- Up-to-date: /root/ros2_ws/install/message/local/lib/python3.10/dist-packages/message/_message_s.ep.rosidl_typesupport_c.c
[4.984s] -- Up-to-date: /root/ros2_ws/install/message/local/lib/python3.10/dist-packages/message/message_s__rosidl_typesupport_fastrtps_c.cpython-310-aarch64-linux-gnu.so
[4.984s] -- Up-to-date: /root/ros2_ws/install/message/local/lib/python3.10/dist-packages/message/_message_s.ep.rosidl_typesupport_introspection_c.c
[4.985s] -- Up-to-date: /root/ros2_ws/install/message/local/lib/python3.10/dist-packages/message/msg
[4.985s] -- Up-to-date: /root/ros2_ws/install/message/local/lib/python3.10/dist-packages/message/msg/__init__.py
[4.987s] -- Up-to-date: /root/ros2_ws/install/message/local/lib/python3.10/dist-packages/message/msg/_emotion.py
[4.987s] -- Up-to-date: /root/ros2_ws/install/message/local/lib/python3.10/dist-packages/message/msg/_emotion_s.c
[4.988s] -- Up-to-date: /root/ros2_ws/install/message/local/lib/python3.10/dist-packages/message/_message_s.ep.rosidl_typesupport_fastrtps_c.c
[5.400s] Listing '/root/ros2_ws/install/message/local/lib/python3.10/dist-packages/message'...
[5.401s] Listing '/root/ros2_ws/install/message/local/lib/python3.10/dist-packages/message/msg'...
[5.429s] -- Up-to-date: /root/ros2_ws/install/message/local/lib/python3.10/dist-packages/message/message_s__rosidl_typesupport_fastrtps_c.cpython-310-aarch64-linux-gnu.so
[5.432s] -- Up-to-date: /root/ros2_ws/install/message/local/lib/python3.10/dist-packages/message/message_s__rosidl_typesupport_introspection_c.cpython-310-aarch64-linux-gnu.so
[5.433s] -- Up-to-date: /root/ros2_ws/install/message/local/lib/python3.10/dist-packages/message/message_s__rosidl_typesupport_c.cpython-310-aarch64-linux-gnu.so
[5.434s] -- Up-to-date: /root/ros2_ws/install/message/lib/libmessage__rosidl_generator_py.so
[5.435s] -- Up-to-date: /root/ros2_ws/install/message/share/message/msg/Emotion.idl
[5.436s] -- Up-to-date: /root/ros2_ws/install/message/share/message/msg/Emotion.msg
[5.437s] -- Up-to-date: /root/ros2_ws/install/message/share/ament_index/resource_index/package_run_dependencies/message
[5.438s] -- Up-to-date: /root/ros2_ws/install/message/share/ament_index/resource_index/parent_prefix_path/message
[5.439s] -- Up-to-date: /root/ros2_ws/install/message/share/message/environment/ament_prefix_path.sh
[5.439s] -- Up-to-date: /root/ros2_ws/install/message/share/message/environment/ament_prefix_path.dsv
[5.441s] -- Up-to-date: /root/ros2_ws/install/message/share/message/environment/path.sh
[5.442s] -- Up-to-date: /root/ros2_ws/install/message/share/message/environment/path.dsv
[5.442s] -- Up-to-date: /root/ros2_ws/install/message/share/message/local_setup.bash
[5.443s] -- Up-to-date: /root/ros2_ws/install/message/share/message/local_setup.sh
[5.444s] -- Up-to-date: /root/ros2_ws/install/message/share/message/local_setup.zsh
[5.445s] -- Up-to-date: /root/ros2_ws/install/message/share/message/local_setup.dsv
[5.445s] -- Installing: /root/ros2_ws/install/message/share/message/package.dsv
[5.447s] -- Up-to-date: /root/ros2_ws/install/message/share/ament_index/resource_index/packages/message
[5.448s] -- Up-to-date: /root/ros2_ws/install/message/share/message/cmake/export_message__rosidl_generator_cExport.cmake
[5.449s] -- Up-to-date: /root/ros2_ws/install/message/share/message/cmake/export_message__rosidl_generator_cExport-noconfig.cmake
[5.450s] -- Up-to-date: /root/ros2_ws/install/message/share/message/cmake/export_message__rosidl_typesupport_fastrtps_cExport.cmake
[5.450s] -- Up-to-date: /root/ros2_ws/install/message/share/message/cmake/export_message__rosidl_typesupport_fastrtps_cExport-noconfig.cmake
[5.451s] -- Up-to-date: /root/ros2_ws/install/message/share/message/cmake/export_message__rosidl_generator_cppExport.cmake
[5.451s] -- Up-to-date: /root/ros2_ws/install/message/share/message/cmake/export_message__rosidl_typesupport_fastrtps_cppExport.cmake
[5.452s] -- Up-to-date: /root/ros2_ws/install/message/share/message/cmake/export_message__rosidl_typesupport_fastrtps_cppExport-noconfig.cmake
[5.452s] -- Up-to-date: /root/ros2_ws/install/message/share/message/cmake/message__rosidl_typesupport_introspection_cExport.cmake
[5.453s] -- Up-to-date: /root/ros2_ws/install/message/share/message/cmake/message__rosidl_typesupport_introspection_cExport-noconfig.cmake
[5.454s] -- Up-to-date: /root/ros2_ws/install/message/share/message/cmake/message__rosidl_typesupport_cExport.cmake
[5.454s] -- Up-to-date: /root/ros2_ws/install/message/share/message/cmake/message__rosidl_typesupport_cExport-noconfig.cmake
[5.455s] -- Up-to-date: /root/ros2_ws/install/message/share/message/cmake/message__rosidl_typesupport_introspection_cppExport.cmake
[5.455s] -- Up-to-date: /root/ros2_ws/install/message/share/message/cmake/message__rosidl_typesupport_introspection_cppExport-noconfig.cmake
[5.456s] -- Up-to-date: /root/ros2_ws/install/message/share/message/cmake/message__rosidl_typesupport_cppExport.cmake
[5.456s] -- Up-to-date: /root/ros2_ws/install/message/share/message/cmake/message__rosidl_typesupport_cppExport-noconfig.cmake
[5.457s] -- Up-to-date: /root/ros2_ws/install/message/share/message/cmake/export_message__rosidl_generator_pyExport.cmake
[5.457s] -- Up-to-date: /root/ros2_ws/install/message/share/message/cmake/export_message__rosidl_generator_pyExport-noconfig.cmake
[5.458s] -- Up-to-date: /root/ros2_ws/install/message/share/message/cmake/rosidl_cmake-extras.cmake
[5.459s] -- Up-to-date: /root/ros2_ws/install/message/share/message/cmake/ament_cmake_export_dependencies-extras.cmake
[5.459s] -- Up-to-date: /root/ros2_ws/install/message/share/message/cmake/ament_cmake_export_include_directories-extras.cmake
[5.460s] -- Up-to-date: /root/ros2_ws/install/message/share/message/cmake/ament_cmake_export_libraries-extras.cmake
[5.460s] -- Up-to-date: /root/ros2_ws/install/message/share/message/cmake/ament_cmake_export_targets-extras.cmake
[5.461s] -- Up-to-date: /root/ros2_ws/install/message/share/message/cmake/rosidl_cmake_export_typesupport_targets-extras.cmake
[5.462s] -- Up-to-date: /root/ros2_ws/install/message/share/message/cmake/rosidl_cmake_export_typesupport_libraries-extras.cmake
[5.462s] -- Up-to-date: /root/ros2_ws/install/message/share/message/cmake/messageConfig.cmake
[5.463s] -- Up-to-date: /root/ros2_ws/install/message/share/message/cmake/messageConfig-version.cmake
[5.464s] -- Up-to-date: /root/ros2_ws/install/message/share/message/package.xml
[5.511s] Invoked command in '/root/ros2_ws/build/message' returned '0': /usr/bin/cmake --install /root/ros2_ws/build/message
