[0.819s] DEBUG:colcon:Command line arguments: ['/usr/bin/colcon', 'build']
[0.822s] DEBUG:colcon:Parsed command line arguments: Namespace(log_base=None, log_level=None, verb_name='build', build_base='build', install_base='install', merge_install=False, symlink_install=False, test_result_base=None, continue_on_error=False, executor='parallel', parallel_workers=8, event_handlers=None, ignore_user_meta=False, metas=['./colcon.meta'], base_paths=['.'], packages_ignore=None, packages_ignore_regex=None, paths=None, packages_up_to=None, packages_up_to_regex=None, packages_above=None, packages_above_and_dependencies=None, packages_above_depth=None, packages_select_by_dep=None, packages_skip_by_dep=None, packages_skip_up_to=None, packages_select_build_failed=False, packages_skip_build_finished=False, packages_select_test_failures=False, packages_skip_test_passed=False, packages_select=None, packages_skip=None, packages_select_regex=None, packages_skip_regex=None, packages_start=None, packages_end=None, allow_overriding=[], cmake_args=None, cmake_target=None, cmake_target_skip_unavailable=False, cmake_clean_cache=False, cmake_clean_first=False, cmake_force_configure=False, ament_cmake_args=None, catkin_cmake_args=None, catkin_skip_building_tests=False, mixin_files=None, mixin=None, verb_parser=<colcon_mixin.mixin.mixin_argument.MixinArgumentDecorator object at 0x5504763a30>, verb_extension=<colcon_core.verb.build.BuildVerb object at 0x55047634c0>, main=<bound method BuildVerb.main of <colcon_core.verb.build.BuildVerb object at 0x55047634c0>>, mixin_verb=('build',))
[1.827s] Level 1:colcon.colcon_core.package_discovery:discover_packages(colcon_meta) check parameters
[1.828s] Level 1:colcon.colcon_core.package_discovery:discover_packages(recursive) check parameters
[1.828s] Level 1:colcon.colcon_core.package_discovery:discover_packages(ignore) check parameters
[1.828s] Level 1:colcon.colcon_core.package_discovery:discover_packages(path) check parameters
[1.828s] Level 1:colcon.colcon_core.package_discovery:discover_packages(colcon_meta) discover
[1.829s] Level 1:colcon.colcon_core.package_discovery:discover_packages(recursive) discover
[1.829s] INFO:colcon.colcon_core.package_discovery:Crawling recursively for packages in '/root/ros2_ws'
[1.830s] Level 1:colcon.colcon_core.package_identification:_identify(.) by extensions ['ignore', 'ignore_ament_install']
[1.832s] Level 1:colcon.colcon_core.package_identification:_identify(.) by extension 'ignore'
[1.832s] Level 1:colcon.colcon_core.package_identification:_identify(.) by extension 'ignore_ament_install'
[1.833s] Level 1:colcon.colcon_core.package_identification:_identify(.) by extensions ['colcon_pkg']
[1.833s] Level 1:colcon.colcon_core.package_identification:_identify(.) by extension 'colcon_pkg'
[1.833s] Level 1:colcon.colcon_core.package_identification:_identify(.) by extensions ['colcon_meta']
[1.833s] Level 1:colcon.colcon_core.package_identification:_identify(.) by extension 'colcon_meta'
[1.834s] Level 1:colcon.colcon_core.package_identification:_identify(.) by extensions ['ros']
[1.834s] Level 1:colcon.colcon_core.package_identification:_identify(.) by extension 'ros'
[1.908s] Level 1:colcon.colcon_core.package_identification:_identify(.) by extensions ['cmake', 'python']
[1.908s] Level 1:colcon.colcon_core.package_identification:_identify(.) by extension 'cmake'
[1.909s] Level 1:colcon.colcon_core.package_identification:_identify(.) by extension 'python'
[1.909s] Level 1:colcon.colcon_core.package_identification:_identify(.) by extensions ['python_setup_py']
[1.909s] Level 1:colcon.colcon_core.package_identification:_identify(.) by extension 'python_setup_py'
[1.910s] Level 1:colcon.colcon_core.package_identification:_identify(build) by extensions ['ignore', 'ignore_ament_install']
[1.911s] Level 1:colcon.colcon_core.package_identification:_identify(build) by extension 'ignore'
[1.911s] Level 1:colcon.colcon_core.package_identification:_identify(build) ignored
[1.912s] Level 1:colcon.colcon_core.package_identification:_identify(install) by extensions ['ignore', 'ignore_ament_install']
[1.913s] Level 1:colcon.colcon_core.package_identification:_identify(install) by extension 'ignore'
[1.913s] Level 1:colcon.colcon_core.package_identification:_identify(install) ignored
[1.914s] Level 1:colcon.colcon_core.package_identification:_identify(log) by extensions ['ignore', 'ignore_ament_install']
[1.914s] Level 1:colcon.colcon_core.package_identification:_identify(log) by extension 'ignore'
[1.915s] Level 1:colcon.colcon_core.package_identification:_identify(log) ignored
[1.915s] Level 1:colcon.colcon_core.package_identification:_identify(src) by extensions ['ignore', 'ignore_ament_install']
[1.916s] Level 1:colcon.colcon_core.package_identification:_identify(src) by extension 'ignore'
[1.916s] Level 1:colcon.colcon_core.package_identification:_identify(src) by extension 'ignore_ament_install'
[1.916s] Level 1:colcon.colcon_core.package_identification:_identify(src) by extensions ['colcon_pkg']
[1.917s] Level 1:colcon.colcon_core.package_identification:_identify(src) by extension 'colcon_pkg'
[1.917s] Level 1:colcon.colcon_core.package_identification:_identify(src) by extensions ['colcon_meta']
[1.917s] Level 1:colcon.colcon_core.package_identification:_identify(src) by extension 'colcon_meta'
[1.918s] Level 1:colcon.colcon_core.package_identification:_identify(src) by extensions ['ros']
[1.918s] Level 1:colcon.colcon_core.package_identification:_identify(src) by extension 'ros'
[1.919s] Level 1:colcon.colcon_core.package_identification:_identify(src) by extensions ['cmake', 'python']
[1.919s] Level 1:colcon.colcon_core.package_identification:_identify(src) by extension 'cmake'
[1.919s] Level 1:colcon.colcon_core.package_identification:_identify(src) by extension 'python'
[1.919s] Level 1:colcon.colcon_core.package_identification:_identify(src) by extensions ['python_setup_py']
[1.920s] Level 1:colcon.colcon_core.package_identification:_identify(src) by extension 'python_setup_py'
[1.920s] Level 1:colcon.colcon_core.package_identification:_identify(src/message) by extensions ['ignore', 'ignore_ament_install']
[1.921s] Level 1:colcon.colcon_core.package_identification:_identify(src/message) by extension 'ignore'
[1.921s] Level 1:colcon.colcon_core.package_identification:_identify(src/message) by extension 'ignore_ament_install'
[1.922s] Level 1:colcon.colcon_core.package_identification:_identify(src/message) by extensions ['colcon_pkg']
[1.922s] Level 1:colcon.colcon_core.package_identification:_identify(src/message) by extension 'colcon_pkg'
[1.922s] Level 1:colcon.colcon_core.package_identification:_identify(src/message) by extensions ['colcon_meta']
[1.923s] Level 1:colcon.colcon_core.package_identification:_identify(src/message) by extension 'colcon_meta'
[1.923s] Level 1:colcon.colcon_core.package_identification:_identify(src/message) by extensions ['ros']
[1.923s] Level 1:colcon.colcon_core.package_identification:_identify(src/message) by extension 'ros'
[1.948s] DEBUG:colcon.colcon_core.package_identification:Package 'src/message' with type 'ros.ament_cmake' and name 'message'
[1.949s] Level 1:colcon.colcon_core.package_identification:_identify(src/my_ros2_project) by extensions ['ignore', 'ignore_ament_install']
[1.950s] Level 1:colcon.colcon_core.package_identification:_identify(src/my_ros2_project) by extension 'ignore'
[1.950s] Level 1:colcon.colcon_core.package_identification:_identify(src/my_ros2_project) by extension 'ignore_ament_install'
[1.950s] Level 1:colcon.colcon_core.package_identification:_identify(src/my_ros2_project) by extensions ['colcon_pkg']
[1.951s] Level 1:colcon.colcon_core.package_identification:_identify(src/my_ros2_project) by extension 'colcon_pkg'
[1.951s] Level 1:colcon.colcon_core.package_identification:_identify(src/my_ros2_project) by extensions ['colcon_meta']
[1.951s] Level 1:colcon.colcon_core.package_identification:_identify(src/my_ros2_project) by extension 'colcon_meta'
[1.952s] Level 1:colcon.colcon_core.package_identification:_identify(src/my_ros2_project) by extensions ['ros']
[1.952s] Level 1:colcon.colcon_core.package_identification:_identify(src/my_ros2_project) by extension 'ros'
[1.956s] DEBUG:colcon.colcon_core.package_identification:Package 'src/my_ros2_project' with type 'ros.ament_python' and name 'my_ros2_project'
[1.957s] Level 1:colcon.colcon_core.package_identification:_identify(src/mybot) by extensions ['ignore', 'ignore_ament_install']
[1.958s] Level 1:colcon.colcon_core.package_identification:_identify(src/mybot) by extension 'ignore'
[1.959s] Level 1:colcon.colcon_core.package_identification:_identify(src/mybot) by extension 'ignore_ament_install'
[1.959s] Level 1:colcon.colcon_core.package_identification:_identify(src/mybot) by extensions ['colcon_pkg']
[1.959s] Level 1:colcon.colcon_core.package_identification:_identify(src/mybot) by extension 'colcon_pkg'
[1.960s] Level 1:colcon.colcon_core.package_identification:_identify(src/mybot) by extensions ['colcon_meta']
[1.960s] Level 1:colcon.colcon_core.package_identification:_identify(src/mybot) by extension 'colcon_meta'
[1.960s] Level 1:colcon.colcon_core.package_identification:_identify(src/mybot) by extensions ['ros']
[1.960s] Level 1:colcon.colcon_core.package_identification:_identify(src/mybot) by extension 'ros'
[1.967s] DEBUG:colcon.colcon_core.package_identification:Package 'src/mybot' with type 'ros.ament_cmake' and name 'mybot'
[1.968s] Level 1:colcon.colcon_core.package_identification:_identify(src/mybot_interfaces) by extensions ['ignore', 'ignore_ament_install']
[1.968s] Level 1:colcon.colcon_core.package_identification:_identify(src/mybot_interfaces) by extension 'ignore'
[1.969s] Level 1:colcon.colcon_core.package_identification:_identify(src/mybot_interfaces) by extension 'ignore_ament_install'
[1.969s] Level 1:colcon.colcon_core.package_identification:_identify(src/mybot_interfaces) by extensions ['colcon_pkg']
[1.969s] Level 1:colcon.colcon_core.package_identification:_identify(src/mybot_interfaces) by extension 'colcon_pkg'
[1.970s] Level 1:colcon.colcon_core.package_identification:_identify(src/mybot_interfaces) by extensions ['colcon_meta']
[1.970s] Level 1:colcon.colcon_core.package_identification:_identify(src/mybot_interfaces) by extension 'colcon_meta'
[1.970s] Level 1:colcon.colcon_core.package_identification:_identify(src/mybot_interfaces) by extensions ['ros']
[1.971s] Level 1:colcon.colcon_core.package_identification:_identify(src/mybot_interfaces) by extension 'ros'
[1.975s] DEBUG:colcon.colcon_core.package_identification:Package 'src/mybot_interfaces' with type 'ros.ament_cmake' and name 'mybot_interfaces'
[1.975s] Level 1:colcon.colcon_core.package_discovery:discover_packages(recursive) using defaults
[1.976s] Level 1:colcon.colcon_core.package_discovery:discover_packages(ignore) discover
[1.976s] Level 1:colcon.colcon_core.package_discovery:discover_packages(ignore) using defaults
[1.976s] Level 1:colcon.colcon_core.package_discovery:discover_packages(path) discover
[1.976s] Level 1:colcon.colcon_core.package_discovery:discover_packages(path) using defaults
[2.119s] Level 1:colcon.colcon_core.package_discovery:discover_packages(prefix_path) check parameters
[2.120s] Level 1:colcon.colcon_core.package_discovery:discover_packages(prefix_path) discover
[2.132s] DEBUG:colcon.colcon_installed_package_information.package_discovery:Found 4 installed packages in /root/ros2_ws/install
[2.139s] DEBUG:colcon.colcon_installed_package_information.package_discovery:Found 180 installed packages in /opt/ros/humble
[2.148s] Level 1:colcon.colcon_core.package_discovery:discover_packages(prefix_path) using defaults
[2.346s] Level 5:colcon.colcon_core.verb:set package 'message' build argument 'cmake_args' from command line to 'None'
[2.347s] Level 5:colcon.colcon_core.verb:set package 'message' build argument 'cmake_target' from command line to 'None'
[2.347s] Level 5:colcon.colcon_core.verb:set package 'message' build argument 'cmake_target_skip_unavailable' from command line to 'False'
[2.347s] Level 5:colcon.colcon_core.verb:set package 'message' build argument 'cmake_clean_cache' from command line to 'False'
[2.348s] Level 5:colcon.colcon_core.verb:set package 'message' build argument 'cmake_clean_first' from command line to 'False'
[2.348s] Level 5:colcon.colcon_core.verb:set package 'message' build argument 'cmake_force_configure' from command line to 'False'
[2.348s] Level 5:colcon.colcon_core.verb:set package 'message' build argument 'ament_cmake_args' from command line to 'None'
[2.348s] Level 5:colcon.colcon_core.verb:set package 'message' build argument 'catkin_cmake_args' from command line to 'None'
[2.348s] Level 5:colcon.colcon_core.verb:set package 'message' build argument 'catkin_skip_building_tests' from command line to 'False'
[2.349s] DEBUG:colcon.colcon_core.verb:Building package 'message' with the following arguments: {'ament_cmake_args': None, 'build_base': '/root/ros2_ws/build/message', 'catkin_cmake_args': None, 'catkin_skip_building_tests': False, 'cmake_args': None, 'cmake_clean_cache': False, 'cmake_clean_first': False, 'cmake_force_configure': False, 'cmake_target': None, 'cmake_target_skip_unavailable': False, 'install_base': '/root/ros2_ws/install/message', 'merge_install': False, 'path': '/root/ros2_ws/src/message', 'symlink_install': False, 'test_result_base': None}
[2.352s] Level 5:colcon.colcon_core.verb:set package 'mybot_interfaces' build argument 'cmake_args' from command line to 'None'
[2.352s] Level 5:colcon.colcon_core.verb:set package 'mybot_interfaces' build argument 'cmake_target' from command line to 'None'
[2.353s] Level 5:colcon.colcon_core.verb:set package 'mybot_interfaces' build argument 'cmake_target_skip_unavailable' from command line to 'False'
[2.353s] Level 5:colcon.colcon_core.verb:set package 'mybot_interfaces' build argument 'cmake_clean_cache' from command line to 'False'
[2.353s] Level 5:colcon.colcon_core.verb:set package 'mybot_interfaces' build argument 'cmake_clean_first' from command line to 'False'
[2.353s] Level 5:colcon.colcon_core.verb:set package 'mybot_interfaces' build argument 'cmake_force_configure' from command line to 'False'
[2.353s] Level 5:colcon.colcon_core.verb:set package 'mybot_interfaces' build argument 'ament_cmake_args' from command line to 'None'
[2.354s] Level 5:colcon.colcon_core.verb:set package 'mybot_interfaces' build argument 'catkin_cmake_args' from command line to 'None'
[2.354s] Level 5:colcon.colcon_core.verb:set package 'mybot_interfaces' build argument 'catkin_skip_building_tests' from command line to 'False'
[2.354s] DEBUG:colcon.colcon_core.verb:Building package 'mybot_interfaces' with the following arguments: {'ament_cmake_args': None, 'build_base': '/root/ros2_ws/build/mybot_interfaces', 'catkin_cmake_args': None, 'catkin_skip_building_tests': False, 'cmake_args': None, 'cmake_clean_cache': False, 'cmake_clean_first': False, 'cmake_force_configure': False, 'cmake_target': None, 'cmake_target_skip_unavailable': False, 'install_base': '/root/ros2_ws/install/mybot_interfaces', 'merge_install': False, 'path': '/root/ros2_ws/src/mybot_interfaces', 'symlink_install': False, 'test_result_base': None}
[2.357s] Level 5:colcon.colcon_core.verb:set package 'my_ros2_project' build argument 'cmake_args' from command line to 'None'
[2.358s] Level 5:colcon.colcon_core.verb:set package 'my_ros2_project' build argument 'cmake_target' from command line to 'None'
[2.358s] Level 5:colcon.colcon_core.verb:set package 'my_ros2_project' build argument 'cmake_target_skip_unavailable' from command line to 'False'
[2.358s] Level 5:colcon.colcon_core.verb:set package 'my_ros2_project' build argument 'cmake_clean_cache' from command line to 'False'
[2.358s] Level 5:colcon.colcon_core.verb:set package 'my_ros2_project' build argument 'cmake_clean_first' from command line to 'False'
[2.358s] Level 5:colcon.colcon_core.verb:set package 'my_ros2_project' build argument 'cmake_force_configure' from command line to 'False'
[2.359s] Level 5:colcon.colcon_core.verb:set package 'my_ros2_project' build argument 'ament_cmake_args' from command line to 'None'
[2.359s] Level 5:colcon.colcon_core.verb:set package 'my_ros2_project' build argument 'catkin_cmake_args' from command line to 'None'
[2.359s] Level 5:colcon.colcon_core.verb:set package 'my_ros2_project' build argument 'catkin_skip_building_tests' from command line to 'False'
[2.359s] DEBUG:colcon.colcon_core.verb:Building package 'my_ros2_project' with the following arguments: {'ament_cmake_args': None, 'build_base': '/root/ros2_ws/build/my_ros2_project', 'catkin_cmake_args': None, 'catkin_skip_building_tests': False, 'cmake_args': None, 'cmake_clean_cache': False, 'cmake_clean_first': False, 'cmake_force_configure': False, 'cmake_target': None, 'cmake_target_skip_unavailable': False, 'install_base': '/root/ros2_ws/install/my_ros2_project', 'merge_install': False, 'path': '/root/ros2_ws/src/my_ros2_project', 'symlink_install': False, 'test_result_base': None}
[2.363s] Level 5:colcon.colcon_core.verb:set package 'mybot' build argument 'cmake_args' from command line to 'None'
[2.363s] Level 5:colcon.colcon_core.verb:set package 'mybot' build argument 'cmake_target' from command line to 'None'
[2.363s] Level 5:colcon.colcon_core.verb:set package 'mybot' build argument 'cmake_target_skip_unavailable' from command line to 'False'
[2.363s] Level 5:colcon.colcon_core.verb:set package 'mybot' build argument 'cmake_clean_cache' from command line to 'False'
[2.363s] Level 5:colcon.colcon_core.verb:set package 'mybot' build argument 'cmake_clean_first' from command line to 'False'
[2.364s] Level 5:colcon.colcon_core.verb:set package 'mybot' build argument 'cmake_force_configure' from command line to 'False'
[2.364s] Level 5:colcon.colcon_core.verb:set package 'mybot' build argument 'ament_cmake_args' from command line to 'None'
[2.364s] Level 5:colcon.colcon_core.verb:set package 'mybot' build argument 'catkin_cmake_args' from command line to 'None'
[2.364s] Level 5:colcon.colcon_core.verb:set package 'mybot' build argument 'catkin_skip_building_tests' from command line to 'False'
[2.364s] DEBUG:colcon.colcon_core.verb:Building package 'mybot' with the following arguments: {'ament_cmake_args': None, 'build_base': '/root/ros2_ws/build/mybot', 'catkin_cmake_args': None, 'catkin_skip_building_tests': False, 'cmake_args': None, 'cmake_clean_cache': False, 'cmake_clean_first': False, 'cmake_force_configure': False, 'cmake_target': None, 'cmake_target_skip_unavailable': False, 'install_base': '/root/ros2_ws/install/mybot', 'merge_install': False, 'path': '/root/ros2_ws/src/mybot', 'symlink_install': False, 'test_result_base': None}
[2.365s] INFO:colcon.colcon_core.executor:Executing jobs using 'parallel' executor
[2.383s] DEBUG:colcon.colcon_parallel_executor.executor.parallel:run_until_complete
[2.388s] INFO:colcon.colcon_ros.task.ament_cmake.build:Building ROS package in '/root/ros2_ws/src/message' with build type 'ament_cmake'
[2.389s] INFO:colcon.colcon_cmake.task.cmake.build:Building CMake package in '/root/ros2_ws/src/message'
[2.404s] INFO:colcon.colcon_core.plugin_system:Skipping extension 'colcon_core.shell.bat': Not used on non-Windows systems
[2.406s] INFO:colcon.colcon_core.shell:Skip shell extension 'powershell' for command environment: Not usable outside of PowerShell
[2.406s] DEBUG:colcon.colcon_core.shell:Skip shell extension 'dsv' for command environment
[2.460s] INFO:colcon.colcon_ros.task.ament_cmake.build:Building ROS package in '/root/ros2_ws/src/mybot_interfaces' with build type 'ament_cmake'
[2.462s] INFO:colcon.colcon_cmake.task.cmake.build:Building CMake package in '/root/ros2_ws/src/mybot_interfaces'
[2.464s] INFO:colcon.colcon_core.shell:Skip shell extension 'powershell' for command environment: Not usable outside of PowerShell
[2.465s] DEBUG:colcon.colcon_core.shell:Skip shell extension 'dsv' for command environment
[2.541s] DEBUG:colcon.colcon_core.event_handler.log_command:Invoking command in '/root/ros2_ws/build/message': CMAKE_PREFIX_PATH=${CMAKE_PREFIX_PATH}:/root/ros2_ws/install/my_ros2_project:/opt/ros/humble /usr/bin/cmake --build /root/ros2_ws/build/message -- -j8 -l8
[2.578s] DEBUG:colcon.colcon_core.event_handler.log_command:Invoking command in '/root/ros2_ws/build/mybot_interfaces': CMAKE_PREFIX_PATH=${CMAKE_PREFIX_PATH}:/root/ros2_ws/install/my_ros2_project:/opt/ros/humble /usr/bin/cmake --build /root/ros2_ws/build/mybot_interfaces -- -j8 -l8
[7.498s] DEBUG:colcon.colcon_core.event_handler.log_command:Invoked command in '/root/ros2_ws/build/message' returned '0': CMAKE_PREFIX_PATH=${CMAKE_PREFIX_PATH}:/root/ros2_ws/install/my_ros2_project:/opt/ros/humble /usr/bin/cmake --build /root/ros2_ws/build/message -- -j8 -l8
[7.628s] DEBUG:colcon.colcon_core.event_handler.log_command:Invoking command in '/root/ros2_ws/build/message': CMAKE_PREFIX_PATH=${CMAKE_PREFIX_PATH}:/root/ros2_ws/install/my_ros2_project:/opt/ros/humble /usr/bin/cmake --install /root/ros2_ws/build/message
[7.637s] DEBUG:colcon.colcon_core.event_handler.log_command:Invoked command in '/root/ros2_ws/build/mybot_interfaces' returned '0': CMAKE_PREFIX_PATH=${CMAKE_PREFIX_PATH}:/root/ros2_ws/install/my_ros2_project:/opt/ros/humble /usr/bin/cmake --build /root/ros2_ws/build/mybot_interfaces -- -j8 -l8
[7.642s] DEBUG:colcon.colcon_core.event_handler.log_command:Invoking command in '/root/ros2_ws/build/mybot_interfaces': CMAKE_PREFIX_PATH=${CMAKE_PREFIX_PATH}:/root/ros2_ws/install/my_ros2_project:/opt/ros/humble /usr/bin/cmake --install /root/ros2_ws/build/mybot_interfaces
[8.435s] Level 1:colcon.colcon_core.environment:create_environment_scripts_only(message)
[8.454s] DEBUG:colcon.colcon_core.event_handler.log_command:Invoked command in '/root/ros2_ws/build/message' returned '0': CMAKE_PREFIX_PATH=${CMAKE_PREFIX_PATH}:/root/ros2_ws/install/my_ros2_project:/opt/ros/humble /usr/bin/cmake --install /root/ros2_ws/build/message
[8.466s] Level 1:colcon.colcon_core.environment:checking '/root/ros2_ws/install/message' for CMake module files
[8.471s] Level 1:colcon.colcon_core.environment:checking '/root/ros2_ws/install/message' for CMake config files
[8.474s] Level 1:colcon.colcon_core.shell:create_environment_hook('message', 'cmake_prefix_path')
[8.476s] INFO:colcon.colcon_core.shell:Creating environment hook '/root/ros2_ws/install/message/share/message/hook/cmake_prefix_path.ps1'
[8.481s] INFO:colcon.colcon_core.shell:Creating environment descriptor '/root/ros2_ws/install/message/share/message/hook/cmake_prefix_path.dsv'
[8.484s] INFO:colcon.colcon_core.shell:Creating environment hook '/root/ros2_ws/install/message/share/message/hook/cmake_prefix_path.sh'
[8.492s] Level 1:colcon.colcon_core.environment:checking '/root/ros2_ws/install/message/lib'
[8.494s] Level 1:colcon.colcon_core.shell:create_environment_hook('message', 'ld_library_path_lib')
[8.495s] INFO:colcon.colcon_core.shell:Creating environment hook '/root/ros2_ws/install/message/share/message/hook/ld_library_path_lib.ps1'
[8.499s] INFO:colcon.colcon_core.shell:Creating environment descriptor '/root/ros2_ws/install/message/share/message/hook/ld_library_path_lib.dsv'
[8.501s] INFO:colcon.colcon_core.shell:Creating environment hook '/root/ros2_ws/install/message/share/message/hook/ld_library_path_lib.sh'
[8.504s] Level 1:colcon.colcon_core.environment:checking '/root/ros2_ws/install/message/bin'
[8.505s] Level 1:colcon.colcon_core.environment:checking '/root/ros2_ws/install/message/lib/pkgconfig/message.pc'
[8.506s] Level 1:colcon.colcon_core.environment:checking '/root/ros2_ws/install/message/lib/python3.10/site-packages'
[8.508s] Level 1:colcon.colcon_core.environment:checking '/root/ros2_ws/install/message/bin'
[8.510s] INFO:colcon.colcon_core.shell:Creating package script '/root/ros2_ws/install/message/share/message/package.ps1'
[8.518s] INFO:colcon.colcon_core.shell:Creating package descriptor '/root/ros2_ws/install/message/share/message/package.dsv'
[8.522s] INFO:colcon.colcon_core.shell:Creating package script '/root/ros2_ws/install/message/share/message/package.sh'
[8.528s] INFO:colcon.colcon_core.shell:Creating package script '/root/ros2_ws/install/message/share/message/package.bash'
[8.534s] INFO:colcon.colcon_core.shell:Creating package script '/root/ros2_ws/install/message/share/message/package.zsh'
[8.539s] Level 1:colcon.colcon_core.environment:create_file_with_runtime_dependencies(/root/ros2_ws/install/message/share/colcon-core/packages/message)
[8.543s] Level 1:colcon.colcon_core.environment:create_environment_scripts_only(message)
[8.545s] Level 1:colcon.colcon_core.environment:checking '/root/ros2_ws/install/message' for CMake module files
[8.550s] Level 1:colcon.colcon_core.environment:checking '/root/ros2_ws/install/message' for CMake config files
[8.553s] Level 1:colcon.colcon_core.shell:create_environment_hook('message', 'cmake_prefix_path')
[8.554s] INFO:colcon.colcon_core.shell:Creating environment hook '/root/ros2_ws/install/message/share/message/hook/cmake_prefix_path.ps1'
[8.557s] INFO:colcon.colcon_core.shell:Creating environment descriptor '/root/ros2_ws/install/message/share/message/hook/cmake_prefix_path.dsv'
[8.560s] INFO:colcon.colcon_core.shell:Creating environment hook '/root/ros2_ws/install/message/share/message/hook/cmake_prefix_path.sh'
[8.564s] Level 1:colcon.colcon_core.environment:checking '/root/ros2_ws/install/message/lib'
[8.564s] Level 1:colcon.colcon_core.shell:create_environment_hook('message', 'ld_library_path_lib')
[8.566s] INFO:colcon.colcon_core.shell:Creating environment hook '/root/ros2_ws/install/message/share/message/hook/ld_library_path_lib.ps1'
[8.569s] INFO:colcon.colcon_core.shell:Creating environment descriptor '/root/ros2_ws/install/message/share/message/hook/ld_library_path_lib.dsv'
[8.572s] INFO:colcon.colcon_core.shell:Creating environment hook '/root/ros2_ws/install/message/share/message/hook/ld_library_path_lib.sh'
[8.574s] Level 1:colcon.colcon_core.environment:checking '/root/ros2_ws/install/message/bin'
[8.575s] Level 1:colcon.colcon_core.environment:checking '/root/ros2_ws/install/message/lib/pkgconfig/message.pc'
[8.576s] Level 1:colcon.colcon_core.environment:checking '/root/ros2_ws/install/message/lib/python3.10/site-packages'
[8.578s] Level 1:colcon.colcon_core.environment:checking '/root/ros2_ws/install/message/bin'
[8.580s] INFO:colcon.colcon_core.shell:Creating package script '/root/ros2_ws/install/message/share/message/package.ps1'
[8.584s] INFO:colcon.colcon_core.shell:Creating package descriptor '/root/ros2_ws/install/message/share/message/package.dsv'
[8.589s] INFO:colcon.colcon_core.shell:Creating package script '/root/ros2_ws/install/message/share/message/package.sh'
[8.593s] INFO:colcon.colcon_core.shell:Creating package script '/root/ros2_ws/install/message/share/message/package.bash'
[8.598s] INFO:colcon.colcon_core.shell:Creating package script '/root/ros2_ws/install/message/share/message/package.zsh'
[8.602s] Level 1:colcon.colcon_core.environment:create_file_with_runtime_dependencies(/root/ros2_ws/install/message/share/colcon-core/packages/message)
[8.603s] Level 1:colcon.colcon_core.environment:create_environment_scripts_only(mybot_interfaces)
[8.605s] Level 1:colcon.colcon_core.environment:checking '/root/ros2_ws/install/mybot_interfaces' for CMake module files
[8.611s] DEBUG:colcon.colcon_core.event_handler.log_command:Invoked command in '/root/ros2_ws/build/mybot_interfaces' returned '0': CMAKE_PREFIX_PATH=${CMAKE_PREFIX_PATH}:/root/ros2_ws/install/my_ros2_project:/opt/ros/humble /usr/bin/cmake --install /root/ros2_ws/build/mybot_interfaces
[8.616s] Level 1:colcon.colcon_core.environment:checking '/root/ros2_ws/install/mybot_interfaces' for CMake config files
[8.619s] Level 1:colcon.colcon_core.shell:create_environment_hook('mybot_interfaces', 'cmake_prefix_path')
[8.621s] INFO:colcon.colcon_core.shell:Creating environment hook '/root/ros2_ws/install/mybot_interfaces/share/mybot_interfaces/hook/cmake_prefix_path.ps1'
[8.624s] INFO:colcon.colcon_core.shell:Creating environment descriptor '/root/ros2_ws/install/mybot_interfaces/share/mybot_interfaces/hook/cmake_prefix_path.dsv'
[8.626s] INFO:colcon.colcon_core.shell:Creating environment hook '/root/ros2_ws/install/mybot_interfaces/share/mybot_interfaces/hook/cmake_prefix_path.sh'
[8.630s] Level 1:colcon.colcon_core.environment:checking '/root/ros2_ws/install/mybot_interfaces/lib'
[8.631s] Level 1:colcon.colcon_core.shell:create_environment_hook('mybot_interfaces', 'ld_library_path_lib')
[8.633s] INFO:colcon.colcon_core.shell:Creating environment hook '/root/ros2_ws/install/mybot_interfaces/share/mybot_interfaces/hook/ld_library_path_lib.ps1'
[8.635s] INFO:colcon.colcon_core.shell:Creating environment descriptor '/root/ros2_ws/install/mybot_interfaces/share/mybot_interfaces/hook/ld_library_path_lib.dsv'
[8.638s] INFO:colcon.colcon_core.shell:Creating environment hook '/root/ros2_ws/install/mybot_interfaces/share/mybot_interfaces/hook/ld_library_path_lib.sh'
[8.640s] Level 1:colcon.colcon_core.environment:checking '/root/ros2_ws/install/mybot_interfaces/bin'
[8.641s] Level 1:colcon.colcon_core.environment:checking '/root/ros2_ws/install/mybot_interfaces/lib/pkgconfig/mybot_interfaces.pc'
[8.642s] Level 1:colcon.colcon_core.environment:checking '/root/ros2_ws/install/mybot_interfaces/lib/python3.10/site-packages'
[8.644s] Level 1:colcon.colcon_core.environment:checking '/root/ros2_ws/install/mybot_interfaces/bin'
[8.646s] INFO:colcon.colcon_core.shell:Creating package script '/root/ros2_ws/install/mybot_interfaces/share/mybot_interfaces/package.ps1'
[8.650s] INFO:colcon.colcon_core.shell:Creating package descriptor '/root/ros2_ws/install/mybot_interfaces/share/mybot_interfaces/package.dsv'
[8.653s] INFO:colcon.colcon_core.shell:Creating package script '/root/ros2_ws/install/mybot_interfaces/share/mybot_interfaces/package.sh'
[8.657s] INFO:colcon.colcon_core.shell:Creating package script '/root/ros2_ws/install/mybot_interfaces/share/mybot_interfaces/package.bash'
[8.660s] INFO:colcon.colcon_core.shell:Creating package script '/root/ros2_ws/install/mybot_interfaces/share/mybot_interfaces/package.zsh'
[8.662s] Level 1:colcon.colcon_core.environment:create_file_with_runtime_dependencies(/root/ros2_ws/install/mybot_interfaces/share/colcon-core/packages/mybot_interfaces)
[8.666s] Level 1:colcon.colcon_core.environment:create_environment_scripts_only(mybot_interfaces)
[8.668s] Level 1:colcon.colcon_core.environment:checking '/root/ros2_ws/install/mybot_interfaces' for CMake module files
[8.673s] Level 1:colcon.colcon_core.environment:checking '/root/ros2_ws/install/mybot_interfaces' for CMake config files
[8.675s] Level 1:colcon.colcon_core.shell:create_environment_hook('mybot_interfaces', 'cmake_prefix_path')
[8.677s] INFO:colcon.colcon_core.shell:Creating environment hook '/root/ros2_ws/install/mybot_interfaces/share/mybot_interfaces/hook/cmake_prefix_path.ps1'
[8.680s] INFO:colcon.colcon_core.shell:Creating environment descriptor '/root/ros2_ws/install/mybot_interfaces/share/mybot_interfaces/hook/cmake_prefix_path.dsv'
[8.682s] INFO:colcon.colcon_core.shell:Creating environment hook '/root/ros2_ws/install/mybot_interfaces/share/mybot_interfaces/hook/cmake_prefix_path.sh'
[8.686s] Level 1:colcon.colcon_core.environment:checking '/root/ros2_ws/install/mybot_interfaces/lib'
[8.687s] Level 1:colcon.colcon_core.shell:create_environment_hook('mybot_interfaces', 'ld_library_path_lib')
[8.688s] INFO:colcon.colcon_core.shell:Creating environment hook '/root/ros2_ws/install/mybot_interfaces/share/mybot_interfaces/hook/ld_library_path_lib.ps1'
[8.691s] INFO:colcon.colcon_core.shell:Creating environment descriptor '/root/ros2_ws/install/mybot_interfaces/share/mybot_interfaces/hook/ld_library_path_lib.dsv'
[8.694s] INFO:colcon.colcon_core.shell:Creating environment hook '/root/ros2_ws/install/mybot_interfaces/share/mybot_interfaces/hook/ld_library_path_lib.sh'
[8.699s] Level 1:colcon.colcon_core.environment:checking '/root/ros2_ws/install/mybot_interfaces/bin'
[8.699s] Level 1:colcon.colcon_core.environment:checking '/root/ros2_ws/install/mybot_interfaces/lib/pkgconfig/mybot_interfaces.pc'
[8.702s] Level 1:colcon.colcon_core.environment:checking '/root/ros2_ws/install/mybot_interfaces/lib/python3.10/site-packages'
[8.704s] Level 1:colcon.colcon_core.environment:checking '/root/ros2_ws/install/mybot_interfaces/bin'
[8.706s] INFO:colcon.colcon_core.shell:Creating package script '/root/ros2_ws/install/mybot_interfaces/share/mybot_interfaces/package.ps1'
[8.710s] INFO:colcon.colcon_core.shell:Creating package descriptor '/root/ros2_ws/install/mybot_interfaces/share/mybot_interfaces/package.dsv'
[8.715s] INFO:colcon.colcon_core.shell:Creating package script '/root/ros2_ws/install/mybot_interfaces/share/mybot_interfaces/package.sh'
[8.719s] INFO:colcon.colcon_core.shell:Creating package script '/root/ros2_ws/install/mybot_interfaces/share/mybot_interfaces/package.bash'
[8.722s] INFO:colcon.colcon_core.shell:Creating package script '/root/ros2_ws/install/mybot_interfaces/share/mybot_interfaces/package.zsh'
[8.725s] Level 1:colcon.colcon_core.environment:create_file_with_runtime_dependencies(/root/ros2_ws/install/mybot_interfaces/share/colcon-core/packages/mybot_interfaces)
[8.727s] INFO:colcon.colcon_ros.task.ament_python.build:Building ROS package in '/root/ros2_ws/src/my_ros2_project' with build type 'ament_python'
[8.728s] Level 1:colcon.colcon_core.shell:create_environment_hook('my_ros2_project', 'ament_prefix_path')
[8.730s] INFO:colcon.colcon_core.shell:Creating environment hook '/root/ros2_ws/install/my_ros2_project/share/my_ros2_project/hook/ament_prefix_path.ps1'
[8.736s] INFO:colcon.colcon_core.shell:Creating environment descriptor '/root/ros2_ws/install/my_ros2_project/share/my_ros2_project/hook/ament_prefix_path.dsv'
[8.740s] INFO:colcon.colcon_core.shell:Creating environment hook '/root/ros2_ws/install/my_ros2_project/share/my_ros2_project/hook/ament_prefix_path.sh'
[8.744s] INFO:colcon.colcon_core.shell:Skip shell extension 'powershell' for command environment: Not usable outside of PowerShell
[8.745s] DEBUG:colcon.colcon_core.shell:Skip shell extension 'dsv' for command environment
[10.702s] INFO:colcon.colcon_core.task.python.build:Building Python package in '/root/ros2_ws/src/my_ros2_project'
[10.704s] INFO:colcon.colcon_core.shell:Skip shell extension 'powershell' for command environment: Not usable outside of PowerShell
[10.705s] DEBUG:colcon.colcon_core.shell:Skip shell extension 'dsv' for command environment
[13.094s] DEBUG:colcon.colcon_core.event_handler.log_command:Invoking command in '/root/ros2_ws/src/my_ros2_project': CMAKE_PREFIX_PATH=/root/ros2_ws/install/message:/root/ros2_ws/install/mybot_interfaces LD_LIBRARY_PATH=/root/ros2_ws/install/message/lib:/root/ros2_ws/install/mybot_interfaces/lib:/opt/ros/humble/lib/aarch64-linux-gnu:/opt/ros/humble/lib PYTHONPATH=/root/ros2_ws/build/my_ros2_project/prefix_override:/usr/lib/python3/dist-packages/colcon_core/task/python/colcon_distutils_commands:/root/ros2_ws/install/my_ros2_project/lib/python3.10/site-packages:${PYTHONPATH} /usr/bin/python3 -W ignore:setup.py install is deprecated -W ignore:easy_install command is deprecated setup.py egg_info --egg-base ../../build/my_ros2_project build --build-base /root/ros2_ws/build/my_ros2_project/build install --record /root/ros2_ws/build/my_ros2_project/install.log --single-version-externally-managed install_data
[15.192s] Level 1:colcon.colcon_core.environment:checking '/root/ros2_ws/install/my_ros2_project' for CMake module files
[15.193s] DEBUG:colcon.colcon_core.event_handler.log_command:Invoked command in '/root/ros2_ws/src/my_ros2_project' returned '0': CMAKE_PREFIX_PATH=/root/ros2_ws/install/message:/root/ros2_ws/install/mybot_interfaces LD_LIBRARY_PATH=/root/ros2_ws/install/message/lib:/root/ros2_ws/install/mybot_interfaces/lib:/opt/ros/humble/lib/aarch64-linux-gnu:/opt/ros/humble/lib PYTHONPATH=/root/ros2_ws/build/my_ros2_project/prefix_override:/usr/lib/python3/dist-packages/colcon_core/task/python/colcon_distutils_commands:/root/ros2_ws/install/my_ros2_project/lib/python3.10/site-packages:${PYTHONPATH} /usr/bin/python3 -W ignore:setup.py install is deprecated -W ignore:easy_install command is deprecated setup.py egg_info --egg-base ../../build/my_ros2_project build --build-base /root/ros2_ws/build/my_ros2_project/build install --record /root/ros2_ws/build/my_ros2_project/install.log --single-version-externally-managed install_data
[15.197s] Level 1:colcon.colcon_core.environment:checking '/root/ros2_ws/install/my_ros2_project' for CMake config files
[15.201s] Level 1:colcon.colcon_core.environment:checking '/root/ros2_ws/install/my_ros2_project/lib'
[15.201s] Level 1:colcon.colcon_core.environment:checking '/root/ros2_ws/install/my_ros2_project/bin'
[15.202s] Level 1:colcon.colcon_core.environment:checking '/root/ros2_ws/install/my_ros2_project/lib/pkgconfig/my_ros2_project.pc'
[15.203s] Level 1:colcon.colcon_core.environment:checking '/root/ros2_ws/install/my_ros2_project/lib/python3.10/site-packages'
[15.204s] Level 1:colcon.colcon_core.shell:create_environment_hook('my_ros2_project', 'pythonpath')
[15.205s] INFO:colcon.colcon_core.shell:Creating environment hook '/root/ros2_ws/install/my_ros2_project/share/my_ros2_project/hook/pythonpath.ps1'
[15.208s] INFO:colcon.colcon_core.shell:Creating environment descriptor '/root/ros2_ws/install/my_ros2_project/share/my_ros2_project/hook/pythonpath.dsv'
[15.211s] INFO:colcon.colcon_core.shell:Creating environment hook '/root/ros2_ws/install/my_ros2_project/share/my_ros2_project/hook/pythonpath.sh'
[15.215s] Level 1:colcon.colcon_core.environment:checking '/root/ros2_ws/install/my_ros2_project/bin'
[15.215s] Level 1:colcon.colcon_core.environment:create_environment_scripts_only(my_ros2_project)
[15.218s] INFO:colcon.colcon_core.shell:Creating package script '/root/ros2_ws/install/my_ros2_project/share/my_ros2_project/package.ps1'
[15.222s] INFO:colcon.colcon_core.shell:Creating package descriptor '/root/ros2_ws/install/my_ros2_project/share/my_ros2_project/package.dsv'
[15.225s] INFO:colcon.colcon_core.shell:Creating package script '/root/ros2_ws/install/my_ros2_project/share/my_ros2_project/package.sh'
[15.229s] INFO:colcon.colcon_core.shell:Creating package script '/root/ros2_ws/install/my_ros2_project/share/my_ros2_project/package.bash'
[15.231s] INFO:colcon.colcon_core.shell:Creating package script '/root/ros2_ws/install/my_ros2_project/share/my_ros2_project/package.zsh'
[15.234s] Level 1:colcon.colcon_core.environment:create_file_with_runtime_dependencies(/root/ros2_ws/install/my_ros2_project/share/colcon-core/packages/my_ros2_project)
[15.236s] INFO:colcon.colcon_ros.task.ament_cmake.build:Building ROS package in '/root/ros2_ws/src/mybot' with build type 'ament_cmake'
[15.237s] INFO:colcon.colcon_cmake.task.cmake.build:Building CMake package in '/root/ros2_ws/src/mybot'
[15.238s] INFO:colcon.colcon_core.shell:Skip shell extension 'powershell' for command environment: Not usable outside of PowerShell
[15.239s] DEBUG:colcon.colcon_core.shell:Skip shell extension 'dsv' for command environment
[15.382s] DEBUG:colcon.colcon_core.event_handler.log_command:Invoking command in '/root/ros2_ws/build/mybot': AMENT_PREFIX_PATH=/root/ros2_ws/install/my_ros2_project:/root/ros2_ws/install/mybot_interfaces:/root/ros2_ws/install/message:/opt/ros/humble CMAKE_PREFIX_PATH=/root/ros2_ws/install/message:/root/ros2_ws/install/mybot_interfaces:/root/ros2_ws/install/my_ros2_project:/opt/ros/humble LD_LIBRARY_PATH=/root/ros2_ws/install/message/lib:/root/ros2_ws/install/mybot_interfaces/lib:/opt/ros/humble/lib/aarch64-linux-gnu:/opt/ros/humble/lib PYTHONPATH=/root/ros2_ws/install/my_ros2_project/lib/python3.10/site-packages:/root/ros2_ws/install/mybot_interfaces/local/lib/python3.10/dist-packages:/root/ros2_ws/install/message/local/lib/python3.10/dist-packages:/opt/ros/humble/lib/python3.10/site-packages:/opt/ros/humble/local/lib/python3.10/dist-packages /usr/bin/cmake --build /root/ros2_ws/build/mybot -- -j8 -l8
[103.094s] DEBUG:colcon.colcon_core.event_handler.log_command:Invoked command in '/root/ros2_ws/build/mybot' returned '0': AMENT_PREFIX_PATH=/root/ros2_ws/install/my_ros2_project:/root/ros2_ws/install/mybot_interfaces:/root/ros2_ws/install/message:/opt/ros/humble CMAKE_PREFIX_PATH=/root/ros2_ws/install/message:/root/ros2_ws/install/mybot_interfaces:/root/ros2_ws/install/my_ros2_project:/opt/ros/humble LD_LIBRARY_PATH=/root/ros2_ws/install/message/lib:/root/ros2_ws/install/mybot_interfaces/lib:/opt/ros/humble/lib/aarch64-linux-gnu:/opt/ros/humble/lib PYTHONPATH=/root/ros2_ws/install/my_ros2_project/lib/python3.10/site-packages:/root/ros2_ws/install/mybot_interfaces/local/lib/python3.10/dist-packages:/root/ros2_ws/install/message/local/lib/python3.10/dist-packages:/opt/ros/humble/lib/python3.10/site-packages:/opt/ros/humble/local/lib/python3.10/dist-packages /usr/bin/cmake --build /root/ros2_ws/build/mybot -- -j8 -l8
[103.104s] DEBUG:colcon.colcon_core.event_handler.log_command:Invoking command in '/root/ros2_ws/build/mybot': AMENT_PREFIX_PATH=/root/ros2_ws/install/my_ros2_project:/root/ros2_ws/install/mybot_interfaces:/root/ros2_ws/install/message:/opt/ros/humble CMAKE_PREFIX_PATH=/root/ros2_ws/install/message:/root/ros2_ws/install/mybot_interfaces:/root/ros2_ws/install/my_ros2_project:/opt/ros/humble LD_LIBRARY_PATH=/root/ros2_ws/install/message/lib:/root/ros2_ws/install/mybot_interfaces/lib:/opt/ros/humble/lib/aarch64-linux-gnu:/opt/ros/humble/lib PYTHONPATH=/root/ros2_ws/install/my_ros2_project/lib/python3.10/site-packages:/root/ros2_ws/install/mybot_interfaces/local/lib/python3.10/dist-packages:/root/ros2_ws/install/message/local/lib/python3.10/dist-packages:/opt/ros/humble/lib/python3.10/site-packages:/opt/ros/humble/local/lib/python3.10/dist-packages /usr/bin/cmake --install /root/ros2_ws/build/mybot
[103.278s] Level 1:colcon.colcon_core.environment:create_environment_scripts_only(mybot)
[103.280s] Level 1:colcon.colcon_core.environment:checking '/root/ros2_ws/install/mybot' for CMake module files
[103.283s] DEBUG:colcon.colcon_core.event_handler.log_command:Invoked command in '/root/ros2_ws/build/mybot' returned '0': AMENT_PREFIX_PATH=/root/ros2_ws/install/my_ros2_project:/root/ros2_ws/install/mybot_interfaces:/root/ros2_ws/install/message:/opt/ros/humble CMAKE_PREFIX_PATH=/root/ros2_ws/install/message:/root/ros2_ws/install/mybot_interfaces:/root/ros2_ws/install/my_ros2_project:/opt/ros/humble LD_LIBRARY_PATH=/root/ros2_ws/install/message/lib:/root/ros2_ws/install/mybot_interfaces/lib:/opt/ros/humble/lib/aarch64-linux-gnu:/opt/ros/humble/lib PYTHONPATH=/root/ros2_ws/install/my_ros2_project/lib/python3.10/site-packages:/root/ros2_ws/install/mybot_interfaces/local/lib/python3.10/dist-packages:/root/ros2_ws/install/message/local/lib/python3.10/dist-packages:/opt/ros/humble/lib/python3.10/site-packages:/opt/ros/humble/local/lib/python3.10/dist-packages /usr/bin/cmake --install /root/ros2_ws/build/mybot
[103.286s] Level 1:colcon.colcon_core.environment:checking '/root/ros2_ws/install/mybot' for CMake config files
[103.287s] Level 1:colcon.colcon_core.shell:create_environment_hook('mybot', 'cmake_prefix_path')
[103.289s] INFO:colcon.colcon_core.shell:Creating environment hook '/root/ros2_ws/install/mybot/share/mybot/hook/cmake_prefix_path.ps1'
[103.293s] INFO:colcon.colcon_core.shell:Creating environment descriptor '/root/ros2_ws/install/mybot/share/mybot/hook/cmake_prefix_path.dsv'
[103.296s] INFO:colcon.colcon_core.shell:Creating environment hook '/root/ros2_ws/install/mybot/share/mybot/hook/cmake_prefix_path.sh'
[103.301s] Level 1:colcon.colcon_core.environment:checking '/root/ros2_ws/install/mybot/lib'
[103.301s] Level 1:colcon.colcon_core.environment:checking '/root/ros2_ws/install/mybot/bin'
[103.302s] Level 1:colcon.colcon_core.environment:checking '/root/ros2_ws/install/mybot/lib/pkgconfig/mybot.pc'
[103.303s] Level 1:colcon.colcon_core.environment:checking '/root/ros2_ws/install/mybot/lib/python3.10/site-packages'
[103.304s] Level 1:colcon.colcon_core.environment:checking '/root/ros2_ws/install/mybot/bin'
[103.307s] INFO:colcon.colcon_core.shell:Creating package script '/root/ros2_ws/install/mybot/share/mybot/package.ps1'
[103.310s] INFO:colcon.colcon_core.shell:Creating package descriptor '/root/ros2_ws/install/mybot/share/mybot/package.dsv'
[103.313s] INFO:colcon.colcon_core.shell:Creating package script '/root/ros2_ws/install/mybot/share/mybot/package.sh'
[103.316s] INFO:colcon.colcon_core.shell:Creating package script '/root/ros2_ws/install/mybot/share/mybot/package.bash'
[103.319s] INFO:colcon.colcon_core.shell:Creating package script '/root/ros2_ws/install/mybot/share/mybot/package.zsh'
[103.322s] Level 1:colcon.colcon_core.environment:create_file_with_runtime_dependencies(/root/ros2_ws/install/mybot/share/colcon-core/packages/mybot)
[103.325s] Level 1:colcon.colcon_core.environment:create_environment_scripts_only(mybot)
[103.327s] Level 1:colcon.colcon_core.environment:checking '/root/ros2_ws/install/mybot' for CMake module files
[103.331s] Level 1:colcon.colcon_core.environment:checking '/root/ros2_ws/install/mybot' for CMake config files
[103.332s] Level 1:colcon.colcon_core.shell:create_environment_hook('mybot', 'cmake_prefix_path')
[103.334s] INFO:colcon.colcon_core.shell:Creating environment hook '/root/ros2_ws/install/mybot/share/mybot/hook/cmake_prefix_path.ps1'
[103.337s] INFO:colcon.colcon_core.shell:Creating environment descriptor '/root/ros2_ws/install/mybot/share/mybot/hook/cmake_prefix_path.dsv'
[103.339s] INFO:colcon.colcon_core.shell:Creating environment hook '/root/ros2_ws/install/mybot/share/mybot/hook/cmake_prefix_path.sh'
[103.343s] Level 1:colcon.colcon_core.environment:checking '/root/ros2_ws/install/mybot/lib'
[103.344s] Level 1:colcon.colcon_core.environment:checking '/root/ros2_ws/install/mybot/bin'
[103.344s] Level 1:colcon.colcon_core.environment:checking '/root/ros2_ws/install/mybot/lib/pkgconfig/mybot.pc'
[103.346s] Level 1:colcon.colcon_core.environment:checking '/root/ros2_ws/install/mybot/lib/python3.10/site-packages'
[103.347s] Level 1:colcon.colcon_core.environment:checking '/root/ros2_ws/install/mybot/bin'
[103.349s] INFO:colcon.colcon_core.shell:Creating package script '/root/ros2_ws/install/mybot/share/mybot/package.ps1'
[103.354s] INFO:colcon.colcon_core.shell:Creating package descriptor '/root/ros2_ws/install/mybot/share/mybot/package.dsv'
[103.358s] INFO:colcon.colcon_core.shell:Creating package script '/root/ros2_ws/install/mybot/share/mybot/package.sh'
[103.361s] INFO:colcon.colcon_core.shell:Creating package script '/root/ros2_ws/install/mybot/share/mybot/package.bash'
[103.364s] INFO:colcon.colcon_core.shell:Creating package script '/root/ros2_ws/install/mybot/share/mybot/package.zsh'
[103.367s] Level 1:colcon.colcon_core.environment:create_file_with_runtime_dependencies(/root/ros2_ws/install/mybot/share/colcon-core/packages/mybot)
[103.369s] DEBUG:colcon.colcon_parallel_executor.executor.parallel:closing loop
[103.370s] DEBUG:colcon.colcon_parallel_executor.executor.parallel:loop closed
[103.370s] DEBUG:colcon.colcon_parallel_executor.executor.parallel:run_until_complete finished with '0'
[103.371s] DEBUG:colcon.colcon_core.event_reactor:joining thread
[103.407s] INFO:colcon.colcon_core.plugin_system:Skipping extension 'colcon_notification.desktop_notification.notify_send': Could not find 'notify-send'
[103.408s] INFO:colcon.colcon_core.plugin_system:Skipping extension 'colcon_notification.desktop_notification.terminal_notifier': Not used on non-Darwin systems
[103.409s] INFO:colcon.colcon_core.plugin_system:Skipping extension 'colcon_notification.desktop_notification.win32': Not used on non-Windows systems
[103.409s] INFO:colcon.colcon_notification.desktop_notification:Sending desktop notification using 'notify2'
[103.412s] DEBUG:colcon.colcon_notification.desktop_notification.notify2:Failed to initialize notify2: org.freedesktop.DBus.Error.NotSupported: Unable to autolaunch a dbus-daemon without a $DISPLAY for X11
[103.413s] DEBUG:colcon.colcon_core.event_reactor:joined thread
[103.414s] INFO:colcon.colcon_core.shell:Creating prefix script '/root/ros2_ws/install/local_setup.ps1'
[103.422s] INFO:colcon.colcon_core.shell:Creating prefix util module '/root/ros2_ws/install/_local_setup_util_ps1.py'
[103.434s] INFO:colcon.colcon_core.shell:Creating prefix chain script '/root/ros2_ws/install/setup.ps1'
[103.441s] INFO:colcon.colcon_core.shell:Creating prefix script '/root/ros2_ws/install/local_setup.sh'
[103.445s] INFO:colcon.colcon_core.shell:Creating prefix util module '/root/ros2_ws/install/_local_setup_util_sh.py'
[103.450s] INFO:colcon.colcon_core.shell:Creating prefix chain script '/root/ros2_ws/install/setup.sh'
[103.458s] INFO:colcon.colcon_core.shell:Creating prefix script '/root/ros2_ws/install/local_setup.bash'
[103.462s] INFO:colcon.colcon_core.shell:Creating prefix chain script '/root/ros2_ws/install/setup.bash'
[103.469s] INFO:colcon.colcon_core.shell:Creating prefix script '/root/ros2_ws/install/local_setup.zsh'
[103.473s] INFO:colcon.colcon_core.shell:Creating prefix chain script '/root/ros2_ws/install/setup.zsh'
