[ 33%] Built target motor_node
[ 50%] [32mBuilding CXX object CMakeFiles/joint_state_publisher_node.dir/src/joint_state_publisher_node.cpp.o[0m
[ 66%] [32mBuilding CXX object CMakeFiles/face_tracking_node.dir/src/face_tracking_node.cpp.o[0m
[ 83%] [32m[1mLinking CXX executable joint_state_publisher_node[0m
[ 83%] Built target joint_state_publisher_node
[100%] [32m[1mLinking CXX executable face_tracking_node[0m
[100%] Built target face_tracking_node
-- Install configuration: ""
-- Installing: /root/ros2_ws/install/mybot/lib/mybot/face_tracking_node
-- Set runtime path of "/root/ros2_ws/install/mybot/lib/mybot/face_tracking_node" to ""
-- Up-to-date: /root/ros2_ws/install/mybot/lib/mybot/motor_node
-- Installing: /root/ros2_ws/install/mybot/lib/mybot/joint_state_publisher_node
-- Set runtime path of "/root/ros2_ws/install/mybot/lib/mybot/joint_state_publisher_node" to ""
-- Up-to-date: /root/ros2_ws/install/mybot/share/mybot/urdf
-- Up-to-date: /root/ros2_ws/install/mybot/share/mybot/urdf/motor.urdf
-- Up-to-date: /root/ros2_ws/install/mybot/share/mybot/urdf/mybot.urdf
-- Up-to-date: /root/ros2_ws/install/mybot/share/mybot/launch
-- Up-to-date: /root/ros2_ws/install/mybot/share/mybot/launch/__pycache__
-- Up-to-date: /root/ros2_ws/install/mybot/share/mybot/launch/__pycache__/mybot_launch.cpython-310.pyc
-- Up-to-date: /root/ros2_ws/install/mybot/share/mybot/launch/mybot_launch.py
-- Up-to-date: /root/ros2_ws/install/mybot/share/mybot/rviz
-- Up-to-date: /root/ros2_ws/install/mybot/share/mybot/rviz/rviz.rviz
-- Up-to-date: /root/ros2_ws/install/mybot/share/ament_index/resource_index/package_run_dependencies/mybot
-- Up-to-date: /root/ros2_ws/install/mybot/share/ament_index/resource_index/parent_prefix_path/mybot
-- Up-to-date: /root/ros2_ws/install/mybot/share/mybot/environment/ament_prefix_path.sh
-- Up-to-date: /root/ros2_ws/install/mybot/share/mybot/environment/ament_prefix_path.dsv
-- Up-to-date: /root/ros2_ws/install/mybot/share/mybot/environment/path.sh
-- Up-to-date: /root/ros2_ws/install/mybot/share/mybot/environment/path.dsv
-- Up-to-date: /root/ros2_ws/install/mybot/share/mybot/local_setup.bash
-- Up-to-date: /root/ros2_ws/install/mybot/share/mybot/local_setup.sh
-- Up-to-date: /root/ros2_ws/install/mybot/share/mybot/local_setup.zsh
-- Up-to-date: /root/ros2_ws/install/mybot/share/mybot/local_setup.dsv
-- Installing: /root/ros2_ws/install/mybot/share/mybot/package.dsv
-- Up-to-date: /root/ros2_ws/install/mybot/share/ament_index/resource_index/packages/mybot
-- Up-to-date: /root/ros2_ws/install/mybot/share/mybot/cmake/mybotConfig.cmake
-- Up-to-date: /root/ros2_ws/install/mybot/share/mybot/cmake/mybotConfig-version.cmake
-- Up-to-date: /root/ros2_ws/install/mybot/share/mybot/package.xml
