-- The C compiler identification is GNU 11.4.0
-- The CXX compiler identification is GNU 11.4.0
-- Detecting C compiler ABI info
-- Detecting C compiler ABI info - done
-- Check for working C compiler: /usr/bin/cc - skipped
-- Detecting C compile features
-- Detecting C compile features - done
-- Detecting CXX compiler ABI info
-- Detecting CXX compiler ABI info - done
-- Check for working CXX compiler: /usr/bin/c++ - skipped
-- Detecting CXX compile features
-- Detecting CXX compile features - done
-- Found ament_cmake: 1.3.11 (/opt/ros/humble/share/ament_cmake/cmake)
-- Found Python3: /usr/bin/python3 (found version "3.10.12") found components: Interpreter 
-- Found geometry_msgs: 4.2.4 (/opt/ros/humble/share/geometry_msgs/cmake)
-- Found rosidl_generator_c: 3.1.6 (/opt/ros/humble/share/rosidl_generator_c/cmake)
-- Found rosidl_adapter: 3.1.6 (/opt/ros/humble/share/rosidl_adapter/cmake)
-- Found rosidl_generator_cpp: 3.1.6 (/opt/ros/humble/share/rosidl_generator_cpp/cmake)
-- Using all available rosidl_typesupport_c: rosidl_typesupport_fastrtps_c;rosidl_typesupport_introspection_c
-- Using all available rosidl_typesupport_cpp: rosidl_typesupport_fastrtps_cpp;rosidl_typesupport_introspection_cpp
-- Found rosidl_default_generators: 1.2.0 (/opt/ros/humble/share/rosidl_default_generators/cmake)
-- Found ament_cmake_ros: 0.10.0 (/opt/ros/humble/share/ament_cmake_ros/cmake)
-- Using all available rosidl_typesupport_c: rosidl_typesupport_fastrtps_c;rosidl_typesupport_introspection_c
-- Using all available rosidl_typesupport_cpp: rosidl_typesupport_fastrtps_cpp;rosidl_typesupport_introspection_cpp
-- Found PythonInterp: /usr/bin/python3 (found suitable version "3.10.12", minimum required is "3.6") 
-- Found python_cmake_module: 0.10.0 (/opt/ros/humble/share/python_cmake_module/cmake)
-- Found PythonLibs: /usr/lib/aarch64-linux-gnu/libpython3.10.so (found suitable version "3.10.12", minimum required is "3.5") 
-- Using PYTHON_EXECUTABLE: /usr/bin/python3
-- Using PYTHON_INCLUDE_DIRS: /usr/include/python3.10
-- Using PYTHON_LIBRARIES: /usr/lib/aarch64-linux-gnu/libpython3.10.so
-- Found PythonExtra: .so  
-- Found ament_lint_auto: 0.12.11 (/opt/ros/humble/share/ament_lint_auto/cmake)
-- Added test 'lint_cmake' to check CMake code style
-- Added test 'xmllint' to check XML markup files
-- Configuring done
-- Generating done
-- Build files have been written to: /root/ros2_ws/build/message
[  3%] [34m[1mGenerating C code for ROS interfaces[0m
[  6%] [34m[1mGenerating C++ code for ROS interfaces[0m
[  6%] Built target ament_cmake_python_copy_message
running egg_info
creating message.egg-info
writing message.egg-info/PKG-INFO
writing dependency_links to message.egg-info/dependency_links.txt
writing top-level names to message.egg-info/top_level.txt
writing manifest file 'message.egg-info/SOURCES.txt'
reading manifest file 'message.egg-info/SOURCES.txt'
writing manifest file 'message.egg-info/SOURCES.txt'
[  6%] Built target ament_cmake_python_build_message_egg
[  9%] [32mBuilding C object CMakeFiles/message__rosidl_generator_c.dir/rosidl_generator_c/message/msg/detail/emotion__functions.c.o[0m
[  9%] Built target message__cpp
[ 12%] [34m[1mGenerating C++ type support for eProsima Fast-RTPS[0m
[ 16%] [34m[1mGenerating C++ introspection for ROS interfaces[0m
[ 19%] [34m[1mGenerating C++ type support dispatch for ROS interfaces[0m
[ 22%] [32m[1mLinking C shared library libmessage__rosidl_generator_c.so[0m
[ 22%] Built target message__rosidl_generator_c
[ 25%] [34m[1mGenerating C type support dispatch for ROS interfaces[0m
[ 29%] [34m[1mGenerating C type support for eProsima Fast-RTPS[0m
[ 32%] [34m[1mGenerating C introspection for ROS interfaces[0m
[ 35%] [32mBuilding CXX object CMakeFiles/message__rosidl_typesupport_introspection_cpp.dir/rosidl_typesupport_introspection_cpp/message/msg/detail/emotion__type_support.cpp.o[0m
[ 38%] [32mBuilding CXX object CMakeFiles/message__rosidl_typesupport_cpp.dir/rosidl_typesupport_cpp/message/msg/emotion__type_support.cpp.o[0m
[ 41%] [32mBuilding CXX object CMakeFiles/message__rosidl_typesupport_fastrtps_cpp.dir/rosidl_typesupport_fastrtps_cpp/message/msg/detail/dds_fastrtps/emotion__type_support.cpp.o[0m
[ 45%] [32mBuilding CXX object CMakeFiles/message__rosidl_typesupport_c.dir/rosidl_typesupport_c/message/msg/emotion__type_support.cpp.o[0m
[ 48%] [32mBuilding C object CMakeFiles/message__rosidl_typesupport_introspection_c.dir/rosidl_typesupport_introspection_c/message/msg/detail/emotion__type_support.c.o[0m
[ 51%] [32mBuilding CXX object CMakeFiles/message__rosidl_typesupport_fastrtps_c.dir/rosidl_typesupport_fastrtps_c/message/msg/detail/emotion__type_support_c.cpp.o[0m
[ 54%] [32m[1mLinking CXX shared library libmessage__rosidl_typesupport_c.so[0m
[ 58%] [32m[1mLinking C shared library libmessage__rosidl_typesupport_introspection_c.so[0m
[ 58%] Built target message__rosidl_typesupport_c
[ 58%] Built target message__rosidl_typesupport_introspection_c
[ 61%] [32m[1mLinking CXX shared library libmessage__rosidl_typesupport_cpp.so[0m
[ 61%] Built target message__rosidl_typesupport_cpp
[ 64%] [32m[1mLinking CXX shared library libmessage__rosidl_typesupport_introspection_cpp.so[0m
[ 67%] [32m[1mLinking CXX shared library libmessage__rosidl_typesupport_fastrtps_cpp.so[0m
[ 67%] Built target message__rosidl_typesupport_introspection_cpp
[ 67%] Built target message__rosidl_typesupport_fastrtps_cpp
[ 70%] [32m[1mLinking CXX shared library libmessage__rosidl_typesupport_fastrtps_c.so[0m
[ 70%] Built target message__rosidl_typesupport_fastrtps_c
[ 70%] Built target message
[ 74%] [34m[1mGenerating Python code for ROS interfaces[0m
[ 74%] Built target message__py
[ 77%] [32mBuilding C object CMakeFiles/message__rosidl_generator_py.dir/rosidl_generator_py/message/msg/_emotion_s.c.o[0m
[ 80%] [32m[1mLinking C shared library rosidl_generator_py/message/libmessage__rosidl_generator_py.so[0m
[ 80%] Built target message__rosidl_generator_py
[ 83%] [32mBuilding C object CMakeFiles/message__rosidl_typesupport_fastrtps_c__pyext.dir/rosidl_generator_py/message/_message_s.ep.rosidl_typesupport_fastrtps_c.c.o[0m
[ 87%] [32mBuilding C object CMakeFiles/message__rosidl_typesupport_c__pyext.dir/rosidl_generator_py/message/_message_s.ep.rosidl_typesupport_c.c.o[0m
[ 90%] [32mBuilding C object CMakeFiles/message__rosidl_typesupport_introspection_c__pyext.dir/rosidl_generator_py/message/_message_s.ep.rosidl_typesupport_introspection_c.c.o[0m
[ 93%] [32m[1mLinking C shared library rosidl_generator_py/message/message_s__rosidl_typesupport_introspection_c.cpython-310-aarch64-linux-gnu.so[0m
[ 96%] [32m[1mLinking C shared library rosidl_generator_py/message/message_s__rosidl_typesupport_fastrtps_c.cpython-310-aarch64-linux-gnu.so[0m
[100%] [32m[1mLinking C shared library rosidl_generator_py/message/message_s__rosidl_typesupport_c.cpython-310-aarch64-linux-gnu.so[0m
[100%] Built target message__rosidl_typesupport_introspection_c__pyext
[100%] Built target message__rosidl_typesupport_fastrtps_c__pyext
[100%] Built target message__rosidl_typesupport_c__pyext
-- Install configuration: ""
-- Installing: /root/ros2_ws/install/message/share/ament_index/resource_index/rosidl_interfaces/message
-- Installing: /root/ros2_ws/install/message/include/message/message
-- Installing: /root/ros2_ws/install/message/include/message/message/msg
-- Installing: /root/ros2_ws/install/message/include/message/message/msg/detail
-- Installing: /root/ros2_ws/install/message/include/message/message/msg/detail/emotion__functions.h
-- Installing: /root/ros2_ws/install/message/include/message/message/msg/detail/emotion__functions.c
-- Installing: /root/ros2_ws/install/message/include/message/message/msg/detail/emotion__type_support.h
-- Installing: /root/ros2_ws/install/message/include/message/message/msg/detail/emotion__struct.h
-- Installing: /root/ros2_ws/install/message/include/message/message/msg/rosidl_generator_c__visibility_control.h
-- Installing: /root/ros2_ws/install/message/include/message/message/msg/emotion.h
-- Installing: /root/ros2_ws/install/message/share/message/environment/library_path.sh
-- Installing: /root/ros2_ws/install/message/share/message/environment/library_path.dsv
-- Installing: /root/ros2_ws/install/message/lib/libmessage__rosidl_generator_c.so
-- Set runtime path of "/root/ros2_ws/install/message/lib/libmessage__rosidl_generator_c.so" to ""
-- Up-to-date: /root/ros2_ws/install/message/include/message/message
-- Up-to-date: /root/ros2_ws/install/message/include/message/message/msg
-- Up-to-date: /root/ros2_ws/install/message/include/message/message/msg/detail
-- Installing: /root/ros2_ws/install/message/include/message/message/msg/detail/emotion__rosidl_typesupport_fastrtps_c.h
-- Installing: /root/ros2_ws/install/message/include/message/message/msg/rosidl_typesupport_fastrtps_c__visibility_control.h
-- Installing: /root/ros2_ws/install/message/lib/libmessage__rosidl_typesupport_fastrtps_c.so
-- Set runtime path of "/root/ros2_ws/install/message/lib/libmessage__rosidl_typesupport_fastrtps_c.so" to ""
-- Up-to-date: /root/ros2_ws/install/message/include/message/message
-- Up-to-date: /root/ros2_ws/install/message/include/message/message/msg
-- Up-to-date: /root/ros2_ws/install/message/include/message/message/msg/detail
-- Installing: /root/ros2_ws/install/message/include/message/message/msg/detail/emotion__struct.hpp
-- Installing: /root/ros2_ws/install/message/include/message/message/msg/detail/emotion__traits.hpp
-- Installing: /root/ros2_ws/install/message/include/message/message/msg/detail/emotion__builder.hpp
-- Installing: /root/ros2_ws/install/message/include/message/message/msg/detail/emotion__type_support.hpp
-- Installing: /root/ros2_ws/install/message/include/message/message/msg/emotion.hpp
-- Installing: /root/ros2_ws/install/message/include/message/message/msg/rosidl_generator_cpp__visibility_control.hpp
-- Up-to-date: /root/ros2_ws/install/message/include/message/message
-- Up-to-date: /root/ros2_ws/install/message/include/message/message/msg
-- Up-to-date: /root/ros2_ws/install/message/include/message/message/msg/detail
-- Installing: /root/ros2_ws/install/message/include/message/message/msg/detail/emotion__rosidl_typesupport_fastrtps_cpp.hpp
-- Installing: /root/ros2_ws/install/message/include/message/message/msg/detail/dds_fastrtps
-- Installing: /root/ros2_ws/install/message/include/message/message/msg/rosidl_typesupport_fastrtps_cpp__visibility_control.h
-- Installing: /root/ros2_ws/install/message/lib/libmessage__rosidl_typesupport_fastrtps_cpp.so
-- Set runtime path of "/root/ros2_ws/install/message/lib/libmessage__rosidl_typesupport_fastrtps_cpp.so" to ""
-- Up-to-date: /root/ros2_ws/install/message/include/message/message
-- Up-to-date: /root/ros2_ws/install/message/include/message/message/msg
-- Up-to-date: /root/ros2_ws/install/message/include/message/message/msg/detail
-- Installing: /root/ros2_ws/install/message/include/message/message/msg/detail/emotion__type_support.c
-- Installing: /root/ros2_ws/install/message/include/message/message/msg/detail/emotion__rosidl_typesupport_introspection_c.h
-- Installing: /root/ros2_ws/install/message/include/message/message/msg/rosidl_typesupport_introspection_c__visibility_control.h
-- Installing: /root/ros2_ws/install/message/lib/libmessage__rosidl_typesupport_introspection_c.so
-- Set runtime path of "/root/ros2_ws/install/message/lib/libmessage__rosidl_typesupport_introspection_c.so" to ""
-- Installing: /root/ros2_ws/install/message/lib/libmessage__rosidl_typesupport_c.so
-- Set runtime path of "/root/ros2_ws/install/message/lib/libmessage__rosidl_typesupport_c.so" to ""
-- Up-to-date: /root/ros2_ws/install/message/include/message/message
-- Up-to-date: /root/ros2_ws/install/message/include/message/message/msg
-- Up-to-date: /root/ros2_ws/install/message/include/message/message/msg/detail
-- Installing: /root/ros2_ws/install/message/include/message/message/msg/detail/emotion__type_support.cpp
-- Installing: /root/ros2_ws/install/message/include/message/message/msg/detail/emotion__rosidl_typesupport_introspection_cpp.hpp
-- Installing: /root/ros2_ws/install/message/lib/libmessage__rosidl_typesupport_introspection_cpp.so
-- Set runtime path of "/root/ros2_ws/install/message/lib/libmessage__rosidl_typesupport_introspection_cpp.so" to ""
-- Installing: /root/ros2_ws/install/message/lib/libmessage__rosidl_typesupport_cpp.so
-- Set runtime path of "/root/ros2_ws/install/message/lib/libmessage__rosidl_typesupport_cpp.so" to ""
-- Installing: /root/ros2_ws/install/message/share/message/environment/pythonpath.sh
-- Installing: /root/ros2_ws/install/message/share/message/environment/pythonpath.dsv
-- Installing: /root/ros2_ws/install/message/local/lib/python3.10/dist-packages/message-0.0.0-py3.10.egg-info
-- Installing: /root/ros2_ws/install/message/local/lib/python3.10/dist-packages/message-0.0.0-py3.10.egg-info/dependency_links.txt
-- Installing: /root/ros2_ws/install/message/local/lib/python3.10/dist-packages/message-0.0.0-py3.10.egg-info/SOURCES.txt
-- Installing: /root/ros2_ws/install/message/local/lib/python3.10/dist-packages/message-0.0.0-py3.10.egg-info/top_level.txt
-- Installing: /root/ros2_ws/install/message/local/lib/python3.10/dist-packages/message-0.0.0-py3.10.egg-info/PKG-INFO
-- Installing: /root/ros2_ws/install/message/local/lib/python3.10/dist-packages/message
-- Installing: /root/ros2_ws/install/message/local/lib/python3.10/dist-packages/message/__init__.py
-- Installing: /root/ros2_ws/install/message/local/lib/python3.10/dist-packages/message/libmessage__rosidl_generator_py.so
-- Installing: /root/ros2_ws/install/message/local/lib/python3.10/dist-packages/message/message_s__rosidl_typesupport_introspection_c.cpython-310-aarch64-linux-gnu.so
-- Installing: /root/ros2_ws/install/message/local/lib/python3.10/dist-packages/message/message_s__rosidl_typesupport_c.cpython-310-aarch64-linux-gnu.so
-- Installing: /root/ros2_ws/install/message/local/lib/python3.10/dist-packages/message/_message_s.ep.rosidl_typesupport_c.c
-- Installing: /root/ros2_ws/install/message/local/lib/python3.10/dist-packages/message/message_s__rosidl_typesupport_fastrtps_c.cpython-310-aarch64-linux-gnu.so
-- Installing: /root/ros2_ws/install/message/local/lib/python3.10/dist-packages/message/_message_s.ep.rosidl_typesupport_introspection_c.c
-- Installing: /root/ros2_ws/install/message/local/lib/python3.10/dist-packages/message/msg
-- Installing: /root/ros2_ws/install/message/local/lib/python3.10/dist-packages/message/msg/__init__.py
-- Installing: /root/ros2_ws/install/message/local/lib/python3.10/dist-packages/message/msg/_emotion.py
-- Installing: /root/ros2_ws/install/message/local/lib/python3.10/dist-packages/message/msg/_emotion_s.c
-- Installing: /root/ros2_ws/install/message/local/lib/python3.10/dist-packages/message/_message_s.ep.rosidl_typesupport_fastrtps_c.c
Listing '/root/ros2_ws/install/message/local/lib/python3.10/dist-packages/message'...
Compiling '/root/ros2_ws/install/message/local/lib/python3.10/dist-packages/message/__init__.py'...
Listing '/root/ros2_ws/install/message/local/lib/python3.10/dist-packages/message/msg'...
Compiling '/root/ros2_ws/install/message/local/lib/python3.10/dist-packages/message/msg/__init__.py'...
Compiling '/root/ros2_ws/install/message/local/lib/python3.10/dist-packages/message/msg/_emotion.py'...
-- Installing: /root/ros2_ws/install/message/local/lib/python3.10/dist-packages/message/message_s__rosidl_typesupport_fastrtps_c.cpython-310-aarch64-linux-gnu.so
-- Set runtime path of "/root/ros2_ws/install/message/local/lib/python3.10/dist-packages/message/message_s__rosidl_typesupport_fastrtps_c.cpython-310-aarch64-linux-gnu.so" to ""
-- Installing: /root/ros2_ws/install/message/local/lib/python3.10/dist-packages/message/message_s__rosidl_typesupport_introspection_c.cpython-310-aarch64-linux-gnu.so
-- Set runtime path of "/root/ros2_ws/install/message/local/lib/python3.10/dist-packages/message/message_s__rosidl_typesupport_introspection_c.cpython-310-aarch64-linux-gnu.so" to ""
-- Installing: /root/ros2_ws/install/message/local/lib/python3.10/dist-packages/message/message_s__rosidl_typesupport_c.cpython-310-aarch64-linux-gnu.so
-- Set runtime path of "/root/ros2_ws/install/message/local/lib/python3.10/dist-packages/message/message_s__rosidl_typesupport_c.cpython-310-aarch64-linux-gnu.so" to ""
-- Installing: /root/ros2_ws/install/message/lib/libmessage__rosidl_generator_py.so
-- Set runtime path of "/root/ros2_ws/install/message/lib/libmessage__rosidl_generator_py.so" to ""
-- Installing: /root/ros2_ws/install/message/share/message/msg/Emotion.idl
-- Installing: /root/ros2_ws/install/message/share/message/msg/Emotion.msg
-- Installing: /root/ros2_ws/install/message/share/ament_index/resource_index/package_run_dependencies/message
-- Installing: /root/ros2_ws/install/message/share/ament_index/resource_index/parent_prefix_path/message
-- Installing: /root/ros2_ws/install/message/share/message/environment/ament_prefix_path.sh
-- Installing: /root/ros2_ws/install/message/share/message/environment/ament_prefix_path.dsv
-- Installing: /root/ros2_ws/install/message/share/message/environment/path.sh
-- Installing: /root/ros2_ws/install/message/share/message/environment/path.dsv
-- Installing: /root/ros2_ws/install/message/share/message/local_setup.bash
-- Installing: /root/ros2_ws/install/message/share/message/local_setup.sh
-- Installing: /root/ros2_ws/install/message/share/message/local_setup.zsh
-- Installing: /root/ros2_ws/install/message/share/message/local_setup.dsv
-- Installing: /root/ros2_ws/install/message/share/message/package.dsv
-- Installing: /root/ros2_ws/install/message/share/ament_index/resource_index/packages/message
-- Installing: /root/ros2_ws/install/message/share/message/cmake/export_message__rosidl_generator_cExport.cmake
-- Installing: /root/ros2_ws/install/message/share/message/cmake/export_message__rosidl_generator_cExport-noconfig.cmake
-- Installing: /root/ros2_ws/install/message/share/message/cmake/export_message__rosidl_typesupport_fastrtps_cExport.cmake
-- Installing: /root/ros2_ws/install/message/share/message/cmake/export_message__rosidl_typesupport_fastrtps_cExport-noconfig.cmake
-- Installing: /root/ros2_ws/install/message/share/message/cmake/export_message__rosidl_generator_cppExport.cmake
-- Installing: /root/ros2_ws/install/message/share/message/cmake/export_message__rosidl_typesupport_fastrtps_cppExport.cmake
-- Installing: /root/ros2_ws/install/message/share/message/cmake/export_message__rosidl_typesupport_fastrtps_cppExport-noconfig.cmake
-- Installing: /root/ros2_ws/install/message/share/message/cmake/message__rosidl_typesupport_introspection_cExport.cmake
-- Installing: /root/ros2_ws/install/message/share/message/cmake/message__rosidl_typesupport_introspection_cExport-noconfig.cmake
-- Installing: /root/ros2_ws/install/message/share/message/cmake/message__rosidl_typesupport_cExport.cmake
-- Installing: /root/ros2_ws/install/message/share/message/cmake/message__rosidl_typesupport_cExport-noconfig.cmake
-- Installing: /root/ros2_ws/install/message/share/message/cmake/message__rosidl_typesupport_introspection_cppExport.cmake
-- Installing: /root/ros2_ws/install/message/share/message/cmake/message__rosidl_typesupport_introspection_cppExport-noconfig.cmake
-- Installing: /root/ros2_ws/install/message/share/message/cmake/message__rosidl_typesupport_cppExport.cmake
-- Installing: /root/ros2_ws/install/message/share/message/cmake/message__rosidl_typesupport_cppExport-noconfig.cmake
-- Installing: /root/ros2_ws/install/message/share/message/cmake/export_message__rosidl_generator_pyExport.cmake
-- Installing: /root/ros2_ws/install/message/share/message/cmake/export_message__rosidl_generator_pyExport-noconfig.cmake
-- Installing: /root/ros2_ws/install/message/share/message/cmake/rosidl_cmake-extras.cmake
-- Installing: /root/ros2_ws/install/message/share/message/cmake/ament_cmake_export_dependencies-extras.cmake
-- Installing: /root/ros2_ws/install/message/share/message/cmake/ament_cmake_export_include_directories-extras.cmake
-- Installing: /root/ros2_ws/install/message/share/message/cmake/ament_cmake_export_libraries-extras.cmake
-- Installing: /root/ros2_ws/install/message/share/message/cmake/ament_cmake_export_targets-extras.cmake
-- Installing: /root/ros2_ws/install/message/share/message/cmake/rosidl_cmake_export_typesupport_targets-extras.cmake
-- Installing: /root/ros2_ws/install/message/share/message/cmake/rosidl_cmake_export_typesupport_libraries-extras.cmake
-- Installing: /root/ros2_ws/install/message/share/message/cmake/messageConfig.cmake
-- Installing: /root/ros2_ws/install/message/share/message/cmake/messageConfig-version.cmake
-- Installing: /root/ros2_ws/install/message/share/message/package.xml
