[0.848s] DEBUG:colcon:Command line arguments: ['/usr/bin/colcon', 'build']
[0.851s] DEBUG:colcon:Parsed command line arguments: Namespace(log_base=None, log_level=None, verb_name='build', build_base='build', install_base='install', merge_install=False, symlink_install=False, test_result_base=None, continue_on_error=False, executor='parallel', parallel_workers=8, event_handlers=None, ignore_user_meta=False, metas=['./colcon.meta'], base_paths=['.'], packages_ignore=None, packages_ignore_regex=None, paths=None, packages_up_to=None, packages_up_to_regex=None, packages_above=None, packages_above_and_dependencies=None, packages_above_depth=None, packages_select_by_dep=None, packages_skip_by_dep=None, packages_skip_up_to=None, packages_select_build_failed=False, packages_skip_build_finished=False, packages_select_test_failures=False, packages_skip_test_passed=False, packages_select=None, packages_skip=None, packages_select_regex=None, packages_skip_regex=None, packages_start=None, packages_end=None, allow_overriding=[], cmake_args=None, cmake_target=None, cmake_target_skip_unavailable=False, cmake_clean_cache=False, cmake_clean_first=False, cmake_force_configure=False, ament_cmake_args=None, catkin_cmake_args=None, catkin_skip_building_tests=False, mixin_files=None, mixin=None, verb_parser=<colcon_mixin.mixin.mixin_argument.MixinArgumentDecorator object at 0x5504763a30>, verb_extension=<colcon_core.verb.build.BuildVerb object at 0x55047634c0>, main=<bound method BuildVerb.main of <colcon_core.verb.build.BuildVerb object at 0x55047634c0>>, mixin_verb=('build',))
[1.882s] Level 1:colcon.colcon_core.package_discovery:discover_packages(colcon_meta) check parameters
[1.883s] Level 1:colcon.colcon_core.package_discovery:discover_packages(recursive) check parameters
[1.883s] Level 1:colcon.colcon_core.package_discovery:discover_packages(ignore) check parameters
[1.883s] Level 1:colcon.colcon_core.package_discovery:discover_packages(path) check parameters
[1.884s] Level 1:colcon.colcon_core.package_discovery:discover_packages(colcon_meta) discover
[1.884s] Level 1:colcon.colcon_core.package_discovery:discover_packages(recursive) discover
[1.885s] INFO:colcon.colcon_core.package_discovery:Crawling recursively for packages in '/root/ros2_ws'
[1.886s] Level 1:colcon.colcon_core.package_identification:_identify(.) by extensions ['ignore', 'ignore_ament_install']
[1.887s] Level 1:colcon.colcon_core.package_identification:_identify(.) by extension 'ignore'
[1.888s] Level 1:colcon.colcon_core.package_identification:_identify(.) by extension 'ignore_ament_install'
[1.888s] Level 1:colcon.colcon_core.package_identification:_identify(.) by extensions ['colcon_pkg']
[1.888s] Level 1:colcon.colcon_core.package_identification:_identify(.) by extension 'colcon_pkg'
[1.889s] Level 1:colcon.colcon_core.package_identification:_identify(.) by extensions ['colcon_meta']
[1.889s] Level 1:colcon.colcon_core.package_identification:_identify(.) by extension 'colcon_meta'
[1.889s] Level 1:colcon.colcon_core.package_identification:_identify(.) by extensions ['ros']
[1.890s] Level 1:colcon.colcon_core.package_identification:_identify(.) by extension 'ros'
[1.966s] Level 1:colcon.colcon_core.package_identification:_identify(.) by extensions ['cmake', 'python']
[1.966s] Level 1:colcon.colcon_core.package_identification:_identify(.) by extension 'cmake'
[1.966s] Level 1:colcon.colcon_core.package_identification:_identify(.) by extension 'python'
[1.967s] Level 1:colcon.colcon_core.package_identification:_identify(.) by extensions ['python_setup_py']
[1.967s] Level 1:colcon.colcon_core.package_identification:_identify(.) by extension 'python_setup_py'
[1.968s] Level 1:colcon.colcon_core.package_identification:_identify(build) by extensions ['ignore', 'ignore_ament_install']
[1.969s] Level 1:colcon.colcon_core.package_identification:_identify(build) by extension 'ignore'
[1.969s] Level 1:colcon.colcon_core.package_identification:_identify(build) ignored
[1.970s] Level 1:colcon.colcon_core.package_identification:_identify(install) by extensions ['ignore', 'ignore_ament_install']
[1.971s] Level 1:colcon.colcon_core.package_identification:_identify(install) by extension 'ignore'
[1.971s] Level 1:colcon.colcon_core.package_identification:_identify(install) ignored
[1.972s] Level 1:colcon.colcon_core.package_identification:_identify(log) by extensions ['ignore', 'ignore_ament_install']
[1.972s] Level 1:colcon.colcon_core.package_identification:_identify(log) by extension 'ignore'
[1.973s] Level 1:colcon.colcon_core.package_identification:_identify(log) ignored
[1.973s] Level 1:colcon.colcon_core.package_identification:_identify(src) by extensions ['ignore', 'ignore_ament_install']
[1.974s] Level 1:colcon.colcon_core.package_identification:_identify(src) by extension 'ignore'
[1.974s] Level 1:colcon.colcon_core.package_identification:_identify(src) by extension 'ignore_ament_install'
[1.975s] Level 1:colcon.colcon_core.package_identification:_identify(src) by extensions ['colcon_pkg']
[1.975s] Level 1:colcon.colcon_core.package_identification:_identify(src) by extension 'colcon_pkg'
[1.975s] Level 1:colcon.colcon_core.package_identification:_identify(src) by extensions ['colcon_meta']
[1.975s] Level 1:colcon.colcon_core.package_identification:_identify(src) by extension 'colcon_meta'
[1.976s] Level 1:colcon.colcon_core.package_identification:_identify(src) by extensions ['ros']
[1.976s] Level 1:colcon.colcon_core.package_identification:_identify(src) by extension 'ros'
[1.977s] Level 1:colcon.colcon_core.package_identification:_identify(src) by extensions ['cmake', 'python']
[1.977s] Level 1:colcon.colcon_core.package_identification:_identify(src) by extension 'cmake'
[1.977s] Level 1:colcon.colcon_core.package_identification:_identify(src) by extension 'python'
[1.977s] Level 1:colcon.colcon_core.package_identification:_identify(src) by extensions ['python_setup_py']
[1.978s] Level 1:colcon.colcon_core.package_identification:_identify(src) by extension 'python_setup_py'
[1.978s] Level 1:colcon.colcon_core.package_identification:_identify(src/message) by extensions ['ignore', 'ignore_ament_install']
[1.979s] Level 1:colcon.colcon_core.package_identification:_identify(src/message) by extension 'ignore'
[1.979s] Level 1:colcon.colcon_core.package_identification:_identify(src/message) by extension 'ignore_ament_install'
[1.980s] Level 1:colcon.colcon_core.package_identification:_identify(src/message) by extensions ['colcon_pkg']
[1.980s] Level 1:colcon.colcon_core.package_identification:_identify(src/message) by extension 'colcon_pkg'
[1.980s] Level 1:colcon.colcon_core.package_identification:_identify(src/message) by extensions ['colcon_meta']
[1.980s] Level 1:colcon.colcon_core.package_identification:_identify(src/message) by extension 'colcon_meta'
[1.981s] Level 1:colcon.colcon_core.package_identification:_identify(src/message) by extensions ['ros']
[1.981s] Level 1:colcon.colcon_core.package_identification:_identify(src/message) by extension 'ros'
[2.006s] DEBUG:colcon.colcon_core.package_identification:Package 'src/message' with type 'ros.ament_cmake' and name 'message'
[2.007s] Level 1:colcon.colcon_core.package_identification:_identify(src/my_ros2_project) by extensions ['ignore', 'ignore_ament_install']
[2.008s] Level 1:colcon.colcon_core.package_identification:_identify(src/my_ros2_project) by extension 'ignore'
[2.008s] Level 1:colcon.colcon_core.package_identification:_identify(src/my_ros2_project) by extension 'ignore_ament_install'
[2.008s] Level 1:colcon.colcon_core.package_identification:_identify(src/my_ros2_project) by extensions ['colcon_pkg']
[2.009s] Level 1:colcon.colcon_core.package_identification:_identify(src/my_ros2_project) by extension 'colcon_pkg'
[2.009s] Level 1:colcon.colcon_core.package_identification:_identify(src/my_ros2_project) by extensions ['colcon_meta']
[2.009s] Level 1:colcon.colcon_core.package_identification:_identify(src/my_ros2_project) by extension 'colcon_meta'
[2.010s] Level 1:colcon.colcon_core.package_identification:_identify(src/my_ros2_project) by extensions ['ros']
[2.010s] Level 1:colcon.colcon_core.package_identification:_identify(src/my_ros2_project) by extension 'ros'
[2.014s] DEBUG:colcon.colcon_core.package_identification:Package 'src/my_ros2_project' with type 'ros.ament_python' and name 'my_ros2_project'
[2.015s] Level 1:colcon.colcon_core.package_identification:_identify(src/mybot) by extensions ['ignore', 'ignore_ament_install']
[2.016s] Level 1:colcon.colcon_core.package_identification:_identify(src/mybot) by extension 'ignore'
[2.017s] Level 1:colcon.colcon_core.package_identification:_identify(src/mybot) by extension 'ignore_ament_install'
[2.017s] Level 1:colcon.colcon_core.package_identification:_identify(src/mybot) by extensions ['colcon_pkg']
[2.018s] Level 1:colcon.colcon_core.package_identification:_identify(src/mybot) by extension 'colcon_pkg'
[2.018s] Level 1:colcon.colcon_core.package_identification:_identify(src/mybot) by extensions ['colcon_meta']
[2.018s] Level 1:colcon.colcon_core.package_identification:_identify(src/mybot) by extension 'colcon_meta'
[2.019s] Level 1:colcon.colcon_core.package_identification:_identify(src/mybot) by extensions ['ros']
[2.019s] Level 1:colcon.colcon_core.package_identification:_identify(src/mybot) by extension 'ros'
[2.026s] DEBUG:colcon.colcon_core.package_identification:Package 'src/mybot' with type 'ros.ament_cmake' and name 'mybot'
[2.027s] Level 1:colcon.colcon_core.package_identification:_identify(src/mybot_interfaces) by extensions ['ignore', 'ignore_ament_install']
[2.027s] Level 1:colcon.colcon_core.package_identification:_identify(src/mybot_interfaces) by extension 'ignore'
[2.028s] Level 1:colcon.colcon_core.package_identification:_identify(src/mybot_interfaces) by extension 'ignore_ament_install'
[2.028s] Level 1:colcon.colcon_core.package_identification:_identify(src/mybot_interfaces) by extensions ['colcon_pkg']
[2.028s] Level 1:colcon.colcon_core.package_identification:_identify(src/mybot_interfaces) by extension 'colcon_pkg'
[2.029s] Level 1:colcon.colcon_core.package_identification:_identify(src/mybot_interfaces) by extensions ['colcon_meta']
[2.029s] Level 1:colcon.colcon_core.package_identification:_identify(src/mybot_interfaces) by extension 'colcon_meta'
[2.029s] Level 1:colcon.colcon_core.package_identification:_identify(src/mybot_interfaces) by extensions ['ros']
[2.029s] Level 1:colcon.colcon_core.package_identification:_identify(src/mybot_interfaces) by extension 'ros'
[2.034s] DEBUG:colcon.colcon_core.package_identification:Package 'src/mybot_interfaces' with type 'ros.ament_cmake' and name 'mybot_interfaces'
[2.034s] Level 1:colcon.colcon_core.package_discovery:discover_packages(recursive) using defaults
[2.035s] Level 1:colcon.colcon_core.package_discovery:discover_packages(ignore) discover
[2.035s] Level 1:colcon.colcon_core.package_discovery:discover_packages(ignore) using defaults
[2.035s] Level 1:colcon.colcon_core.package_discovery:discover_packages(path) discover
[2.035s] Level 1:colcon.colcon_core.package_discovery:discover_packages(path) using defaults
[2.182s] Level 1:colcon.colcon_core.package_discovery:discover_packages(prefix_path) check parameters
[2.182s] Level 1:colcon.colcon_core.package_discovery:discover_packages(prefix_path) discover
[2.195s] DEBUG:colcon.colcon_installed_package_information.package_discovery:Found 4 installed packages in /root/ros2_ws/install
[2.201s] DEBUG:colcon.colcon_installed_package_information.package_discovery:Found 180 installed packages in /opt/ros/humble
[2.211s] Level 1:colcon.colcon_core.package_discovery:discover_packages(prefix_path) using defaults
[2.416s] Level 5:colcon.colcon_core.verb:set package 'message' build argument 'cmake_args' from command line to 'None'
[2.417s] Level 5:colcon.colcon_core.verb:set package 'message' build argument 'cmake_target' from command line to 'None'
[2.417s] Level 5:colcon.colcon_core.verb:set package 'message' build argument 'cmake_target_skip_unavailable' from command line to 'False'
[2.418s] Level 5:colcon.colcon_core.verb:set package 'message' build argument 'cmake_clean_cache' from command line to 'False'
[2.418s] Level 5:colcon.colcon_core.verb:set package 'message' build argument 'cmake_clean_first' from command line to 'False'
[2.418s] Level 5:colcon.colcon_core.verb:set package 'message' build argument 'cmake_force_configure' from command line to 'False'
[2.418s] Level 5:colcon.colcon_core.verb:set package 'message' build argument 'ament_cmake_args' from command line to 'None'
[2.419s] Level 5:colcon.colcon_core.verb:set package 'message' build argument 'catkin_cmake_args' from command line to 'None'
[2.419s] Level 5:colcon.colcon_core.verb:set package 'message' build argument 'catkin_skip_building_tests' from command line to 'False'
[2.419s] DEBUG:colcon.colcon_core.verb:Building package 'message' with the following arguments: {'ament_cmake_args': None, 'build_base': '/root/ros2_ws/build/message', 'catkin_cmake_args': None, 'catkin_skip_building_tests': False, 'cmake_args': None, 'cmake_clean_cache': False, 'cmake_clean_first': False, 'cmake_force_configure': False, 'cmake_target': None, 'cmake_target_skip_unavailable': False, 'install_base': '/root/ros2_ws/install/message', 'merge_install': False, 'path': '/root/ros2_ws/src/message', 'symlink_install': False, 'test_result_base': None}
[2.423s] Level 5:colcon.colcon_core.verb:set package 'mybot_interfaces' build argument 'cmake_args' from command line to 'None'
[2.423s] Level 5:colcon.colcon_core.verb:set package 'mybot_interfaces' build argument 'cmake_target' from command line to 'None'
[2.423s] Level 5:colcon.colcon_core.verb:set package 'mybot_interfaces' build argument 'cmake_target_skip_unavailable' from command line to 'False'
[2.423s] Level 5:colcon.colcon_core.verb:set package 'mybot_interfaces' build argument 'cmake_clean_cache' from command line to 'False'
[2.424s] Level 5:colcon.colcon_core.verb:set package 'mybot_interfaces' build argument 'cmake_clean_first' from command line to 'False'
[2.424s] Level 5:colcon.colcon_core.verb:set package 'mybot_interfaces' build argument 'cmake_force_configure' from command line to 'False'
[2.424s] Level 5:colcon.colcon_core.verb:set package 'mybot_interfaces' build argument 'ament_cmake_args' from command line to 'None'
[2.424s] Level 5:colcon.colcon_core.verb:set package 'mybot_interfaces' build argument 'catkin_cmake_args' from command line to 'None'
[2.424s] Level 5:colcon.colcon_core.verb:set package 'mybot_interfaces' build argument 'catkin_skip_building_tests' from command line to 'False'
[2.425s] DEBUG:colcon.colcon_core.verb:Building package 'mybot_interfaces' with the following arguments: {'ament_cmake_args': None, 'build_base': '/root/ros2_ws/build/mybot_interfaces', 'catkin_cmake_args': None, 'catkin_skip_building_tests': False, 'cmake_args': None, 'cmake_clean_cache': False, 'cmake_clean_first': False, 'cmake_force_configure': False, 'cmake_target': None, 'cmake_target_skip_unavailable': False, 'install_base': '/root/ros2_ws/install/mybot_interfaces', 'merge_install': False, 'path': '/root/ros2_ws/src/mybot_interfaces', 'symlink_install': False, 'test_result_base': None}
[2.428s] Level 5:colcon.colcon_core.verb:set package 'my_ros2_project' build argument 'cmake_args' from command line to 'None'
[2.428s] Level 5:colcon.colcon_core.verb:set package 'my_ros2_project' build argument 'cmake_target' from command line to 'None'
[2.428s] Level 5:colcon.colcon_core.verb:set package 'my_ros2_project' build argument 'cmake_target_skip_unavailable' from command line to 'False'
[2.429s] Level 5:colcon.colcon_core.verb:set package 'my_ros2_project' build argument 'cmake_clean_cache' from command line to 'False'
[2.429s] Level 5:colcon.colcon_core.verb:set package 'my_ros2_project' build argument 'cmake_clean_first' from command line to 'False'
[2.429s] Level 5:colcon.colcon_core.verb:set package 'my_ros2_project' build argument 'cmake_force_configure' from command line to 'False'
[2.429s] Level 5:colcon.colcon_core.verb:set package 'my_ros2_project' build argument 'ament_cmake_args' from command line to 'None'
[2.429s] Level 5:colcon.colcon_core.verb:set package 'my_ros2_project' build argument 'catkin_cmake_args' from command line to 'None'
[2.430s] Level 5:colcon.colcon_core.verb:set package 'my_ros2_project' build argument 'catkin_skip_building_tests' from command line to 'False'
[2.430s] DEBUG:colcon.colcon_core.verb:Building package 'my_ros2_project' with the following arguments: {'ament_cmake_args': None, 'build_base': '/root/ros2_ws/build/my_ros2_project', 'catkin_cmake_args': None, 'catkin_skip_building_tests': False, 'cmake_args': None, 'cmake_clean_cache': False, 'cmake_clean_first': False, 'cmake_force_configure': False, 'cmake_target': None, 'cmake_target_skip_unavailable': False, 'install_base': '/root/ros2_ws/install/my_ros2_project', 'merge_install': False, 'path': '/root/ros2_ws/src/my_ros2_project', 'symlink_install': False, 'test_result_base': None}
[2.433s] Level 5:colcon.colcon_core.verb:set package 'mybot' build argument 'cmake_args' from command line to 'None'
[2.433s] Level 5:colcon.colcon_core.verb:set package 'mybot' build argument 'cmake_target' from command line to 'None'
[2.433s] Level 5:colcon.colcon_core.verb:set package 'mybot' build argument 'cmake_target_skip_unavailable' from command line to 'False'
[2.434s] Level 5:colcon.colcon_core.verb:set package 'mybot' build argument 'cmake_clean_cache' from command line to 'False'
[2.434s] Level 5:colcon.colcon_core.verb:set package 'mybot' build argument 'cmake_clean_first' from command line to 'False'
[2.434s] Level 5:colcon.colcon_core.verb:set package 'mybot' build argument 'cmake_force_configure' from command line to 'False'
[2.434s] Level 5:colcon.colcon_core.verb:set package 'mybot' build argument 'ament_cmake_args' from command line to 'None'
[2.435s] Level 5:colcon.colcon_core.verb:set package 'mybot' build argument 'catkin_cmake_args' from command line to 'None'
[2.435s] Level 5:colcon.colcon_core.verb:set package 'mybot' build argument 'catkin_skip_building_tests' from command line to 'False'
[2.435s] DEBUG:colcon.colcon_core.verb:Building package 'mybot' with the following arguments: {'ament_cmake_args': None, 'build_base': '/root/ros2_ws/build/mybot', 'catkin_cmake_args': None, 'catkin_skip_building_tests': False, 'cmake_args': None, 'cmake_clean_cache': False, 'cmake_clean_first': False, 'cmake_force_configure': False, 'cmake_target': None, 'cmake_target_skip_unavailable': False, 'install_base': '/root/ros2_ws/install/mybot', 'merge_install': False, 'path': '/root/ros2_ws/src/mybot', 'symlink_install': False, 'test_result_base': None}
[2.436s] INFO:colcon.colcon_core.executor:Executing jobs using 'parallel' executor
[2.450s] DEBUG:colcon.colcon_parallel_executor.executor.parallel:run_until_complete
[2.457s] INFO:colcon.colcon_ros.task.ament_cmake.build:Building ROS package in '/root/ros2_ws/src/message' with build type 'ament_cmake'
[2.462s] INFO:colcon.colcon_cmake.task.cmake.build:Building CMake package in '/root/ros2_ws/src/message'
[2.475s] INFO:colcon.colcon_core.plugin_system:Skipping extension 'colcon_core.shell.bat': Not used on non-Windows systems
[2.477s] INFO:colcon.colcon_core.shell:Skip shell extension 'powershell' for command environment: Not usable outside of PowerShell
[2.477s] DEBUG:colcon.colcon_core.shell:Skip shell extension 'dsv' for command environment
[2.534s] INFO:colcon.colcon_ros.task.ament_cmake.build:Building ROS package in '/root/ros2_ws/src/mybot_interfaces' with build type 'ament_cmake'
[2.535s] INFO:colcon.colcon_cmake.task.cmake.build:Building CMake package in '/root/ros2_ws/src/mybot_interfaces'
[2.537s] INFO:colcon.colcon_core.shell:Skip shell extension 'powershell' for command environment: Not usable outside of PowerShell
[2.537s] DEBUG:colcon.colcon_core.shell:Skip shell extension 'dsv' for command environment
[2.611s] DEBUG:colcon.colcon_core.event_handler.log_command:Invoking command in '/root/ros2_ws/build/message': CMAKE_PREFIX_PATH=${CMAKE_PREFIX_PATH}:/root/ros2_ws/install/my_ros2_project:/opt/ros/humble /usr/bin/cmake --build /root/ros2_ws/build/message -- -j8 -l8
[2.652s] DEBUG:colcon.colcon_core.event_handler.log_command:Invoking command in '/root/ros2_ws/build/mybot_interfaces': CMAKE_PREFIX_PATH=${CMAKE_PREFIX_PATH}:/root/ros2_ws/install/my_ros2_project:/opt/ros/humble /usr/bin/cmake --build /root/ros2_ws/build/mybot_interfaces -- -j8 -l8
[7.643s] DEBUG:colcon.colcon_core.event_handler.log_command:Invoked command in '/root/ros2_ws/build/message' returned '0': CMAKE_PREFIX_PATH=${CMAKE_PREFIX_PATH}:/root/ros2_ws/install/my_ros2_project:/opt/ros/humble /usr/bin/cmake --build /root/ros2_ws/build/message -- -j8 -l8
[7.775s] DEBUG:colcon.colcon_core.event_handler.log_command:Invoking command in '/root/ros2_ws/build/message': CMAKE_PREFIX_PATH=${CMAKE_PREFIX_PATH}:/root/ros2_ws/install/my_ros2_project:/opt/ros/humble /usr/bin/cmake --install /root/ros2_ws/build/message
[7.790s] DEBUG:colcon.colcon_core.event_handler.log_command:Invoked command in '/root/ros2_ws/build/mybot_interfaces' returned '0': CMAKE_PREFIX_PATH=${CMAKE_PREFIX_PATH}:/root/ros2_ws/install/my_ros2_project:/opt/ros/humble /usr/bin/cmake --build /root/ros2_ws/build/mybot_interfaces -- -j8 -l8
[7.800s] DEBUG:colcon.colcon_core.event_handler.log_command:Invoking command in '/root/ros2_ws/build/mybot_interfaces': CMAKE_PREFIX_PATH=${CMAKE_PREFIX_PATH}:/root/ros2_ws/install/my_ros2_project:/opt/ros/humble /usr/bin/cmake --install /root/ros2_ws/build/mybot_interfaces
[8.534s] Level 1:colcon.colcon_core.environment:create_environment_scripts_only(message)
[8.537s] DEBUG:colcon.colcon_core.event_handler.log_command:Invoked command in '/root/ros2_ws/build/message' returned '0': CMAKE_PREFIX_PATH=${CMAKE_PREFIX_PATH}:/root/ros2_ws/install/my_ros2_project:/opt/ros/humble /usr/bin/cmake --install /root/ros2_ws/build/message
[8.590s] Level 1:colcon.colcon_core.environment:checking '/root/ros2_ws/install/message' for CMake module files
[8.596s] Level 1:colcon.colcon_core.environment:checking '/root/ros2_ws/install/message' for CMake config files
[8.599s] Level 1:colcon.colcon_core.shell:create_environment_hook('message', 'cmake_prefix_path')
[8.601s] INFO:colcon.colcon_core.shell:Creating environment hook '/root/ros2_ws/install/message/share/message/hook/cmake_prefix_path.ps1'
[8.606s] INFO:colcon.colcon_core.shell:Creating environment descriptor '/root/ros2_ws/install/message/share/message/hook/cmake_prefix_path.dsv'
[8.609s] INFO:colcon.colcon_core.shell:Creating environment hook '/root/ros2_ws/install/message/share/message/hook/cmake_prefix_path.sh'
[8.617s] Level 1:colcon.colcon_core.environment:checking '/root/ros2_ws/install/message/lib'
[8.618s] Level 1:colcon.colcon_core.shell:create_environment_hook('message', 'ld_library_path_lib')
[8.620s] INFO:colcon.colcon_core.shell:Creating environment hook '/root/ros2_ws/install/message/share/message/hook/ld_library_path_lib.ps1'
[8.623s] INFO:colcon.colcon_core.shell:Creating environment descriptor '/root/ros2_ws/install/message/share/message/hook/ld_library_path_lib.dsv'
[8.626s] INFO:colcon.colcon_core.shell:Creating environment hook '/root/ros2_ws/install/message/share/message/hook/ld_library_path_lib.sh'
[8.629s] Level 1:colcon.colcon_core.environment:checking '/root/ros2_ws/install/message/bin'
[8.629s] Level 1:colcon.colcon_core.environment:checking '/root/ros2_ws/install/message/lib/pkgconfig/message.pc'
[8.631s] Level 1:colcon.colcon_core.environment:checking '/root/ros2_ws/install/message/lib/python3.10/site-packages'
[8.633s] Level 1:colcon.colcon_core.environment:checking '/root/ros2_ws/install/message/bin'
[8.635s] INFO:colcon.colcon_core.shell:Creating package script '/root/ros2_ws/install/message/share/message/package.ps1'
[8.642s] INFO:colcon.colcon_core.shell:Creating package descriptor '/root/ros2_ws/install/message/share/message/package.dsv'
[8.647s] INFO:colcon.colcon_core.shell:Creating package script '/root/ros2_ws/install/message/share/message/package.sh'
[8.653s] INFO:colcon.colcon_core.shell:Creating package script '/root/ros2_ws/install/message/share/message/package.bash'
[8.659s] INFO:colcon.colcon_core.shell:Creating package script '/root/ros2_ws/install/message/share/message/package.zsh'
[8.664s] Level 1:colcon.colcon_core.environment:create_file_with_runtime_dependencies(/root/ros2_ws/install/message/share/colcon-core/packages/message)
[8.669s] Level 1:colcon.colcon_core.environment:create_environment_scripts_only(message)
[8.671s] Level 1:colcon.colcon_core.environment:checking '/root/ros2_ws/install/message' for CMake module files
[8.677s] Level 1:colcon.colcon_core.environment:checking '/root/ros2_ws/install/message' for CMake config files
[8.680s] Level 1:colcon.colcon_core.shell:create_environment_hook('message', 'cmake_prefix_path')
[8.682s] INFO:colcon.colcon_core.shell:Creating environment hook '/root/ros2_ws/install/message/share/message/hook/cmake_prefix_path.ps1'
[8.686s] INFO:colcon.colcon_core.shell:Creating environment descriptor '/root/ros2_ws/install/message/share/message/hook/cmake_prefix_path.dsv'
[8.689s] INFO:colcon.colcon_core.shell:Creating environment hook '/root/ros2_ws/install/message/share/message/hook/cmake_prefix_path.sh'
[8.692s] Level 1:colcon.colcon_core.environment:checking '/root/ros2_ws/install/message/lib'
[8.693s] Level 1:colcon.colcon_core.shell:create_environment_hook('message', 'ld_library_path_lib')
[8.695s] INFO:colcon.colcon_core.shell:Creating environment hook '/root/ros2_ws/install/message/share/message/hook/ld_library_path_lib.ps1'
[8.698s] INFO:colcon.colcon_core.shell:Creating environment descriptor '/root/ros2_ws/install/message/share/message/hook/ld_library_path_lib.dsv'
[8.700s] INFO:colcon.colcon_core.shell:Creating environment hook '/root/ros2_ws/install/message/share/message/hook/ld_library_path_lib.sh'
[8.703s] Level 1:colcon.colcon_core.environment:checking '/root/ros2_ws/install/message/bin'
[8.704s] Level 1:colcon.colcon_core.environment:checking '/root/ros2_ws/install/message/lib/pkgconfig/message.pc'
[8.705s] Level 1:colcon.colcon_core.environment:checking '/root/ros2_ws/install/message/lib/python3.10/site-packages'
[8.707s] Level 1:colcon.colcon_core.environment:checking '/root/ros2_ws/install/message/bin'
[8.709s] INFO:colcon.colcon_core.shell:Creating package script '/root/ros2_ws/install/message/share/message/package.ps1'
[8.714s] INFO:colcon.colcon_core.shell:Creating package descriptor '/root/ros2_ws/install/message/share/message/package.dsv'
[8.718s] INFO:colcon.colcon_core.shell:Creating package script '/root/ros2_ws/install/message/share/message/package.sh'
[8.722s] INFO:colcon.colcon_core.shell:Creating package script '/root/ros2_ws/install/message/share/message/package.bash'
[8.725s] INFO:colcon.colcon_core.shell:Creating package script '/root/ros2_ws/install/message/share/message/package.zsh'
[8.728s] Level 1:colcon.colcon_core.environment:create_file_with_runtime_dependencies(/root/ros2_ws/install/message/share/colcon-core/packages/message)
[8.733s] INFO:colcon.colcon_ros.task.ament_python.build:Building ROS package in '/root/ros2_ws/src/my_ros2_project' with build type 'ament_python'
[8.733s] Level 1:colcon.colcon_core.shell:create_environment_hook('my_ros2_project', 'ament_prefix_path')
[8.736s] INFO:colcon.colcon_core.shell:Creating environment hook '/root/ros2_ws/install/my_ros2_project/share/my_ros2_project/hook/ament_prefix_path.ps1'
[8.740s] INFO:colcon.colcon_core.shell:Creating environment descriptor '/root/ros2_ws/install/my_ros2_project/share/my_ros2_project/hook/ament_prefix_path.dsv'
[8.744s] INFO:colcon.colcon_core.shell:Creating environment hook '/root/ros2_ws/install/my_ros2_project/share/my_ros2_project/hook/ament_prefix_path.sh'
[8.749s] INFO:colcon.colcon_core.shell:Skip shell extension 'powershell' for command environment: Not usable outside of PowerShell
[8.749s] DEBUG:colcon.colcon_core.shell:Skip shell extension 'dsv' for command environment
[8.779s] Level 1:colcon.colcon_core.environment:create_environment_scripts_only(mybot_interfaces)
[8.781s] Level 1:colcon.colcon_core.environment:checking '/root/ros2_ws/install/mybot_interfaces' for CMake module files
[8.786s] DEBUG:colcon.colcon_core.event_handler.log_command:Invoked command in '/root/ros2_ws/build/mybot_interfaces' returned '0': CMAKE_PREFIX_PATH=${CMAKE_PREFIX_PATH}:/root/ros2_ws/install/my_ros2_project:/opt/ros/humble /usr/bin/cmake --install /root/ros2_ws/build/mybot_interfaces
[8.790s] Level 1:colcon.colcon_core.environment:checking '/root/ros2_ws/install/mybot_interfaces' for CMake config files
[8.793s] Level 1:colcon.colcon_core.shell:create_environment_hook('mybot_interfaces', 'cmake_prefix_path')
[8.795s] INFO:colcon.colcon_core.shell:Creating environment hook '/root/ros2_ws/install/mybot_interfaces/share/mybot_interfaces/hook/cmake_prefix_path.ps1'
[8.798s] INFO:colcon.colcon_core.shell:Creating environment descriptor '/root/ros2_ws/install/mybot_interfaces/share/mybot_interfaces/hook/cmake_prefix_path.dsv'
[8.801s] INFO:colcon.colcon_core.shell:Creating environment hook '/root/ros2_ws/install/mybot_interfaces/share/mybot_interfaces/hook/cmake_prefix_path.sh'
[8.805s] Level 1:colcon.colcon_core.environment:checking '/root/ros2_ws/install/mybot_interfaces/lib'
[8.806s] Level 1:colcon.colcon_core.shell:create_environment_hook('mybot_interfaces', 'ld_library_path_lib')
[8.808s] INFO:colcon.colcon_core.shell:Creating environment hook '/root/ros2_ws/install/mybot_interfaces/share/mybot_interfaces/hook/ld_library_path_lib.ps1'
[8.811s] INFO:colcon.colcon_core.shell:Creating environment descriptor '/root/ros2_ws/install/mybot_interfaces/share/mybot_interfaces/hook/ld_library_path_lib.dsv'
[8.813s] INFO:colcon.colcon_core.shell:Creating environment hook '/root/ros2_ws/install/mybot_interfaces/share/mybot_interfaces/hook/ld_library_path_lib.sh'
[8.816s] Level 1:colcon.colcon_core.environment:checking '/root/ros2_ws/install/mybot_interfaces/bin'
[8.817s] Level 1:colcon.colcon_core.environment:checking '/root/ros2_ws/install/mybot_interfaces/lib/pkgconfig/mybot_interfaces.pc'
[8.819s] Level 1:colcon.colcon_core.environment:checking '/root/ros2_ws/install/mybot_interfaces/lib/python3.10/site-packages'
[8.820s] Level 1:colcon.colcon_core.environment:checking '/root/ros2_ws/install/mybot_interfaces/bin'
[8.823s] INFO:colcon.colcon_core.shell:Creating package script '/root/ros2_ws/install/mybot_interfaces/share/mybot_interfaces/package.ps1'
[8.827s] INFO:colcon.colcon_core.shell:Creating package descriptor '/root/ros2_ws/install/mybot_interfaces/share/mybot_interfaces/package.dsv'
[8.831s] INFO:colcon.colcon_core.shell:Creating package script '/root/ros2_ws/install/mybot_interfaces/share/mybot_interfaces/package.sh'
[8.834s] INFO:colcon.colcon_core.shell:Creating package script '/root/ros2_ws/install/mybot_interfaces/share/mybot_interfaces/package.bash'
[8.837s] INFO:colcon.colcon_core.shell:Creating package script '/root/ros2_ws/install/mybot_interfaces/share/mybot_interfaces/package.zsh'
[8.839s] Level 1:colcon.colcon_core.environment:create_file_with_runtime_dependencies(/root/ros2_ws/install/mybot_interfaces/share/colcon-core/packages/mybot_interfaces)
[8.843s] Level 1:colcon.colcon_core.environment:create_environment_scripts_only(mybot_interfaces)
[8.845s] Level 1:colcon.colcon_core.environment:checking '/root/ros2_ws/install/mybot_interfaces' for CMake module files
[8.851s] Level 1:colcon.colcon_core.environment:checking '/root/ros2_ws/install/mybot_interfaces' for CMake config files
[8.854s] Level 1:colcon.colcon_core.shell:create_environment_hook('mybot_interfaces', 'cmake_prefix_path')
[8.856s] INFO:colcon.colcon_core.shell:Creating environment hook '/root/ros2_ws/install/mybot_interfaces/share/mybot_interfaces/hook/cmake_prefix_path.ps1'
[8.859s] INFO:colcon.colcon_core.shell:Creating environment descriptor '/root/ros2_ws/install/mybot_interfaces/share/mybot_interfaces/hook/cmake_prefix_path.dsv'
[8.861s] INFO:colcon.colcon_core.shell:Creating environment hook '/root/ros2_ws/install/mybot_interfaces/share/mybot_interfaces/hook/cmake_prefix_path.sh'
[8.866s] Level 1:colcon.colcon_core.environment:checking '/root/ros2_ws/install/mybot_interfaces/lib'
[8.866s] Level 1:colcon.colcon_core.shell:create_environment_hook('mybot_interfaces', 'ld_library_path_lib')
[8.868s] INFO:colcon.colcon_core.shell:Creating environment hook '/root/ros2_ws/install/mybot_interfaces/share/mybot_interfaces/hook/ld_library_path_lib.ps1'
[8.871s] INFO:colcon.colcon_core.shell:Creating environment descriptor '/root/ros2_ws/install/mybot_interfaces/share/mybot_interfaces/hook/ld_library_path_lib.dsv'
[8.875s] INFO:colcon.colcon_core.shell:Creating environment hook '/root/ros2_ws/install/mybot_interfaces/share/mybot_interfaces/hook/ld_library_path_lib.sh'
[8.879s] Level 1:colcon.colcon_core.environment:checking '/root/ros2_ws/install/mybot_interfaces/bin'
[8.879s] Level 1:colcon.colcon_core.environment:checking '/root/ros2_ws/install/mybot_interfaces/lib/pkgconfig/mybot_interfaces.pc'
[8.881s] Level 1:colcon.colcon_core.environment:checking '/root/ros2_ws/install/mybot_interfaces/lib/python3.10/site-packages'
[8.883s] Level 1:colcon.colcon_core.environment:checking '/root/ros2_ws/install/mybot_interfaces/bin'
[8.885s] INFO:colcon.colcon_core.shell:Creating package script '/root/ros2_ws/install/mybot_interfaces/share/mybot_interfaces/package.ps1'
[8.890s] INFO:colcon.colcon_core.shell:Creating package descriptor '/root/ros2_ws/install/mybot_interfaces/share/mybot_interfaces/package.dsv'
[8.894s] INFO:colcon.colcon_core.shell:Creating package script '/root/ros2_ws/install/mybot_interfaces/share/mybot_interfaces/package.sh'
[8.898s] INFO:colcon.colcon_core.shell:Creating package script '/root/ros2_ws/install/mybot_interfaces/share/mybot_interfaces/package.bash'
[8.901s] INFO:colcon.colcon_core.shell:Creating package script '/root/ros2_ws/install/mybot_interfaces/share/mybot_interfaces/package.zsh'
[8.904s] Level 1:colcon.colcon_core.environment:create_file_with_runtime_dependencies(/root/ros2_ws/install/mybot_interfaces/share/colcon-core/packages/mybot_interfaces)
[10.792s] INFO:colcon.colcon_core.task.python.build:Building Python package in '/root/ros2_ws/src/my_ros2_project'
[10.795s] INFO:colcon.colcon_core.shell:Skip shell extension 'powershell' for command environment: Not usable outside of PowerShell
[10.795s] DEBUG:colcon.colcon_core.shell:Skip shell extension 'dsv' for command environment
[13.227s] DEBUG:colcon.colcon_core.event_handler.log_command:Invoking command in '/root/ros2_ws/src/my_ros2_project': CMAKE_PREFIX_PATH=/root/ros2_ws/install/message:/root/ros2_ws/install/mybot_interfaces LD_LIBRARY_PATH=/root/ros2_ws/install/message/lib:/root/ros2_ws/install/mybot_interfaces/lib:/opt/ros/humble/lib/aarch64-linux-gnu:/opt/ros/humble/lib PYTHONPATH=/root/ros2_ws/build/my_ros2_project/prefix_override:/usr/lib/python3/dist-packages/colcon_core/task/python/colcon_distutils_commands:/root/ros2_ws/install/my_ros2_project/lib/python3.10/site-packages:${PYTHONPATH} /usr/bin/python3 -W ignore:setup.py install is deprecated -W ignore:easy_install command is deprecated setup.py egg_info --egg-base ../../build/my_ros2_project build --build-base /root/ros2_ws/build/my_ros2_project/build install --record /root/ros2_ws/build/my_ros2_project/install.log --single-version-externally-managed install_data
[15.360s] Level 1:colcon.colcon_core.environment:checking '/root/ros2_ws/install/my_ros2_project' for CMake module files
[15.363s] DEBUG:colcon.colcon_core.event_handler.log_command:Invoked command in '/root/ros2_ws/src/my_ros2_project' returned '0': CMAKE_PREFIX_PATH=/root/ros2_ws/install/message:/root/ros2_ws/install/mybot_interfaces LD_LIBRARY_PATH=/root/ros2_ws/install/message/lib:/root/ros2_ws/install/mybot_interfaces/lib:/opt/ros/humble/lib/aarch64-linux-gnu:/opt/ros/humble/lib PYTHONPATH=/root/ros2_ws/build/my_ros2_project/prefix_override:/usr/lib/python3/dist-packages/colcon_core/task/python/colcon_distutils_commands:/root/ros2_ws/install/my_ros2_project/lib/python3.10/site-packages:${PYTHONPATH} /usr/bin/python3 -W ignore:setup.py install is deprecated -W ignore:easy_install command is deprecated setup.py egg_info --egg-base ../../build/my_ros2_project build --build-base /root/ros2_ws/build/my_ros2_project/build install --record /root/ros2_ws/build/my_ros2_project/install.log --single-version-externally-managed install_data
[15.365s] Level 1:colcon.colcon_core.environment:checking '/root/ros2_ws/install/my_ros2_project' for CMake config files
[15.368s] Level 1:colcon.colcon_core.environment:checking '/root/ros2_ws/install/my_ros2_project/lib'
[15.369s] Level 1:colcon.colcon_core.environment:checking '/root/ros2_ws/install/my_ros2_project/bin'
[15.369s] Level 1:colcon.colcon_core.environment:checking '/root/ros2_ws/install/my_ros2_project/lib/pkgconfig/my_ros2_project.pc'
[15.371s] Level 1:colcon.colcon_core.environment:checking '/root/ros2_ws/install/my_ros2_project/lib/python3.10/site-packages'
[15.371s] Level 1:colcon.colcon_core.shell:create_environment_hook('my_ros2_project', 'pythonpath')
[15.373s] INFO:colcon.colcon_core.shell:Creating environment hook '/root/ros2_ws/install/my_ros2_project/share/my_ros2_project/hook/pythonpath.ps1'
[15.376s] INFO:colcon.colcon_core.shell:Creating environment descriptor '/root/ros2_ws/install/my_ros2_project/share/my_ros2_project/hook/pythonpath.dsv'
[15.379s] INFO:colcon.colcon_core.shell:Creating environment hook '/root/ros2_ws/install/my_ros2_project/share/my_ros2_project/hook/pythonpath.sh'
[15.384s] Level 1:colcon.colcon_core.environment:checking '/root/ros2_ws/install/my_ros2_project/bin'
[15.384s] Level 1:colcon.colcon_core.environment:create_environment_scripts_only(my_ros2_project)
[15.387s] INFO:colcon.colcon_core.shell:Creating package script '/root/ros2_ws/install/my_ros2_project/share/my_ros2_project/package.ps1'
[15.391s] INFO:colcon.colcon_core.shell:Creating package descriptor '/root/ros2_ws/install/my_ros2_project/share/my_ros2_project/package.dsv'
[15.395s] INFO:colcon.colcon_core.shell:Creating package script '/root/ros2_ws/install/my_ros2_project/share/my_ros2_project/package.sh'
[15.398s] INFO:colcon.colcon_core.shell:Creating package script '/root/ros2_ws/install/my_ros2_project/share/my_ros2_project/package.bash'
[15.401s] INFO:colcon.colcon_core.shell:Creating package script '/root/ros2_ws/install/my_ros2_project/share/my_ros2_project/package.zsh'
[15.403s] Level 1:colcon.colcon_core.environment:create_file_with_runtime_dependencies(/root/ros2_ws/install/my_ros2_project/share/colcon-core/packages/my_ros2_project)
[15.405s] INFO:colcon.colcon_ros.task.ament_cmake.build:Building ROS package in '/root/ros2_ws/src/mybot' with build type 'ament_cmake'
[15.406s] INFO:colcon.colcon_cmake.task.cmake.build:Building CMake package in '/root/ros2_ws/src/mybot'
[15.408s] INFO:colcon.colcon_core.shell:Skip shell extension 'powershell' for command environment: Not usable outside of PowerShell
[15.408s] DEBUG:colcon.colcon_core.shell:Skip shell extension 'dsv' for command environment
[15.552s] DEBUG:colcon.colcon_core.event_handler.log_command:Invoking command in '/root/ros2_ws/build/mybot': AMENT_PREFIX_PATH=/root/ros2_ws/install/my_ros2_project:/root/ros2_ws/install/mybot_interfaces:/root/ros2_ws/install/message:/opt/ros/humble CMAKE_PREFIX_PATH=/root/ros2_ws/install/message:/root/ros2_ws/install/mybot_interfaces:/root/ros2_ws/install/my_ros2_project:/opt/ros/humble LD_LIBRARY_PATH=/root/ros2_ws/install/message/lib:/root/ros2_ws/install/mybot_interfaces/lib:/opt/ros/humble/lib/aarch64-linux-gnu:/opt/ros/humble/lib PYTHONPATH=/root/ros2_ws/install/my_ros2_project/lib/python3.10/site-packages:/root/ros2_ws/install/mybot_interfaces/local/lib/python3.10/dist-packages:/root/ros2_ws/install/message/local/lib/python3.10/dist-packages:/opt/ros/humble/lib/python3.10/site-packages:/opt/ros/humble/local/lib/python3.10/dist-packages /usr/bin/cmake --build /root/ros2_ws/build/mybot -- -j8 -l8
[50.149s] DEBUG:colcon.colcon_core.event_handler.log_command:Invoked command in '/root/ros2_ws/build/mybot' returned '2': AMENT_PREFIX_PATH=/root/ros2_ws/install/my_ros2_project:/root/ros2_ws/install/mybot_interfaces:/root/ros2_ws/install/message:/opt/ros/humble CMAKE_PREFIX_PATH=/root/ros2_ws/install/message:/root/ros2_ws/install/mybot_interfaces:/root/ros2_ws/install/my_ros2_project:/opt/ros/humble LD_LIBRARY_PATH=/root/ros2_ws/install/message/lib:/root/ros2_ws/install/mybot_interfaces/lib:/opt/ros/humble/lib/aarch64-linux-gnu:/opt/ros/humble/lib PYTHONPATH=/root/ros2_ws/install/my_ros2_project/lib/python3.10/site-packages:/root/ros2_ws/install/mybot_interfaces/local/lib/python3.10/dist-packages:/root/ros2_ws/install/message/local/lib/python3.10/dist-packages:/opt/ros/humble/lib/python3.10/site-packages:/opt/ros/humble/local/lib/python3.10/dist-packages /usr/bin/cmake --build /root/ros2_ws/build/mybot -- -j8 -l8
[50.153s] Level 1:colcon.colcon_core.environment:create_environment_scripts_only(mybot)
[50.155s] Level 1:colcon.colcon_core.environment:checking '/root/ros2_ws/install/mybot' for CMake module files
[50.159s] Level 1:colcon.colcon_core.environment:checking '/root/ros2_ws/install/mybot' for CMake config files
[50.160s] Level 1:colcon.colcon_core.shell:create_environment_hook('mybot', 'cmake_prefix_path')
[50.162s] INFO:colcon.colcon_core.shell:Creating environment hook '/root/ros2_ws/install/mybot/share/mybot/hook/cmake_prefix_path.ps1'
[50.165s] INFO:colcon.colcon_core.shell:Creating environment descriptor '/root/ros2_ws/install/mybot/share/mybot/hook/cmake_prefix_path.dsv'
[50.167s] INFO:colcon.colcon_core.shell:Creating environment hook '/root/ros2_ws/install/mybot/share/mybot/hook/cmake_prefix_path.sh'
[50.172s] Level 1:colcon.colcon_core.environment:checking '/root/ros2_ws/install/mybot/lib'
[50.172s] Level 1:colcon.colcon_core.environment:checking '/root/ros2_ws/install/mybot/bin'
[50.173s] Level 1:colcon.colcon_core.environment:checking '/root/ros2_ws/install/mybot/lib/pkgconfig/mybot.pc'
[50.174s] Level 1:colcon.colcon_core.environment:checking '/root/ros2_ws/install/mybot/lib/python3.10/site-packages'
[50.176s] Level 1:colcon.colcon_core.environment:checking '/root/ros2_ws/install/mybot/bin'
[50.178s] INFO:colcon.colcon_core.shell:Creating package script '/root/ros2_ws/install/mybot/share/mybot/package.ps1'
[50.182s] INFO:colcon.colcon_core.shell:Creating package descriptor '/root/ros2_ws/install/mybot/share/mybot/package.dsv'
[50.186s] INFO:colcon.colcon_core.shell:Creating package script '/root/ros2_ws/install/mybot/share/mybot/package.sh'
[50.189s] INFO:colcon.colcon_core.shell:Creating package script '/root/ros2_ws/install/mybot/share/mybot/package.bash'
[50.193s] INFO:colcon.colcon_core.shell:Creating package script '/root/ros2_ws/install/mybot/share/mybot/package.zsh'
[50.196s] Level 1:colcon.colcon_core.environment:create_file_with_runtime_dependencies(/root/ros2_ws/install/mybot/share/colcon-core/packages/mybot)
[50.209s] DEBUG:colcon.colcon_parallel_executor.executor.parallel:closing loop
[50.210s] DEBUG:colcon.colcon_parallel_executor.executor.parallel:loop closed
[50.211s] DEBUG:colcon.colcon_parallel_executor.executor.parallel:run_until_complete finished with '2'
[50.211s] DEBUG:colcon.colcon_core.event_reactor:joining thread
[50.246s] INFO:colcon.colcon_core.plugin_system:Skipping extension 'colcon_notification.desktop_notification.notify_send': Could not find 'notify-send'
[50.246s] INFO:colcon.colcon_core.plugin_system:Skipping extension 'colcon_notification.desktop_notification.terminal_notifier': Not used on non-Darwin systems
[50.247s] INFO:colcon.colcon_core.plugin_system:Skipping extension 'colcon_notification.desktop_notification.win32': Not used on non-Windows systems
[50.247s] INFO:colcon.colcon_notification.desktop_notification:Sending desktop notification using 'notify2'
[50.250s] DEBUG:colcon.colcon_notification.desktop_notification.notify2:Failed to initialize notify2: org.freedesktop.DBus.Error.NotSupported: Unable to autolaunch a dbus-daemon without a $DISPLAY for X11
[50.251s] DEBUG:colcon.colcon_core.event_reactor:joined thread
[50.253s] INFO:colcon.colcon_core.shell:Creating prefix script '/root/ros2_ws/install/local_setup.ps1'
[50.260s] INFO:colcon.colcon_core.shell:Creating prefix util module '/root/ros2_ws/install/_local_setup_util_ps1.py'
[50.272s] INFO:colcon.colcon_core.shell:Creating prefix chain script '/root/ros2_ws/install/setup.ps1'
[50.280s] INFO:colcon.colcon_core.shell:Creating prefix script '/root/ros2_ws/install/local_setup.sh'
[50.284s] INFO:colcon.colcon_core.shell:Creating prefix util module '/root/ros2_ws/install/_local_setup_util_sh.py'
[50.289s] INFO:colcon.colcon_core.shell:Creating prefix chain script '/root/ros2_ws/install/setup.sh'
[50.297s] INFO:colcon.colcon_core.shell:Creating prefix script '/root/ros2_ws/install/local_setup.bash'
[50.301s] INFO:colcon.colcon_core.shell:Creating prefix chain script '/root/ros2_ws/install/setup.bash'
[50.308s] INFO:colcon.colcon_core.shell:Creating prefix script '/root/ros2_ws/install/local_setup.zsh'
[50.312s] INFO:colcon.colcon_core.shell:Creating prefix chain script '/root/ros2_ws/install/setup.zsh'
