[0.150s] Invoking command in '/root/ros2_ws/build/message': CMAKE_PREFIX_PATH=${CMAKE_PREFIX_PATH}:/root/ros2_ws/install/my_ros2_project:/opt/ros/humble /usr/bin/cmake --build /root/ros2_ws/build/message -- -j8 -l8
[1.126s] [  9%] Built target message__rosidl_generator_c
[1.235s] [ 12%] Built target message__cpp
[1.506s] [ 12%] Built target ament_cmake_python_copy_message
[2.094s] [ 22%] Built target message__rosidl_typesupport_introspection_c
[2.179s] [ 32%] Built target message__rosidl_typesupport_fastrtps_c
[2.183s] [ 41%] Built target message__rosidl_typesupport_c
[2.369s] [ 51%] Built target message__rosidl_typesupport_cpp
[2.379s] [ 61%] Built target message__rosidl_typesupport_introspection_cpp
[2.453s] [ 70%] Built target message__rosidl_typesupport_fastrtps_cpp
[2.857s] [ 70%] Built target message
[3.272s] [ 74%] Built target message__py
[3.706s] [ 80%] Built target message__rosidl_generator_py
[4.417s] [ 90%] Built target message__rosidl_typesupport_fastrtps_c__pyext
[4.423s] [ 93%] Built target message__rosidl_typesupport_introspection_c__pyext
[4.424s] [100%] Built target message__rosidl_typesupport_c__pyext
[4.811s] running egg_info
[4.816s] writing message.egg-info/PKG-INFO
[4.818s] writing dependency_links to message.egg-info/dependency_links.txt
[4.820s] writing top-level names to message.egg-info/top_level.txt
[4.834s] reading manifest file 'message.egg-info/SOURCES.txt'
[4.838s] writing manifest file 'message.egg-info/SOURCES.txt'
[5.033s] [100%] Built target ament_cmake_python_build_message_egg
[5.271s] Invoked command in '/root/ros2_ws/build/message' returned '0': CMAKE_PREFIX_PATH=${CMAKE_PREFIX_PATH}:/root/ros2_ws/install/my_ros2_project:/opt/ros/humble /usr/bin/cmake --build /root/ros2_ws/build/message -- -j8 -l8
[5.280s] Invoking command in '/root/ros2_ws/build/message': CMAKE_PREFIX_PATH=${CMAKE_PREFIX_PATH}:/root/ros2_ws/install/my_ros2_project:/opt/ros/humble /usr/bin/cmake --install /root/ros2_ws/build/message
[5.423s] -- Install configuration: ""
[5.444s] -- Up-to-date: /root/ros2_ws/install/message/share/ament_index/resource_index/rosidl_interfaces/message
[5.449s] -- Up-to-date: /root/ros2_ws/install/message/include/message/message
[5.451s] -- Up-to-date: /root/ros2_ws/install/message/include/message/message/msg
[5.451s] -- Up-to-date: /root/ros2_ws/install/message/include/message/message/msg/detail
[5.453s] -- Up-to-date: /root/ros2_ws/install/message/include/message/message/msg/detail/emotion__functions.h
[5.453s] -- Up-to-date: /root/ros2_ws/install/message/include/message/message/msg/detail/emotion__functions.c
[5.454s] -- Up-to-date: /root/ros2_ws/install/message/include/message/message/msg/detail/emotion__type_support.h
[5.455s] -- Up-to-date: /root/ros2_ws/install/message/include/message/message/msg/detail/emotion__struct.h
[5.455s] -- Up-to-date: /root/ros2_ws/install/message/include/message/message/msg/rosidl_generator_c__visibility_control.h
[5.456s] -- Up-to-date: /root/ros2_ws/install/message/include/message/message/msg/emotion.h
[5.456s] -- Up-to-date: /root/ros2_ws/install/message/share/message/environment/library_path.sh
[5.457s] -- Up-to-date: /root/ros2_ws/install/message/share/message/environment/library_path.dsv
[5.458s] -- Up-to-date: /root/ros2_ws/install/message/lib/libmessage__rosidl_generator_c.so
[5.458s] -- Up-to-date: /root/ros2_ws/install/message/include/message/message
[5.459s] -- Up-to-date: /root/ros2_ws/install/message/include/message/message/msg
[5.459s] -- Up-to-date: /root/ros2_ws/install/message/include/message/message/msg/detail
[5.460s] -- Up-to-date: /root/ros2_ws/install/message/include/message/message/msg/detail/emotion__rosidl_typesupport_fastrtps_c.h
[5.460s] -- Up-to-date: /root/ros2_ws/install/message/include/message/message/msg/rosidl_typesupport_fastrtps_c__visibility_control.h
[5.461s] -- Up-to-date: /root/ros2_ws/install/message/lib/libmessage__rosidl_typesupport_fastrtps_c.so
[5.462s] -- Up-to-date: /root/ros2_ws/install/message/include/message/message
[5.462s] -- Up-to-date: /root/ros2_ws/install/message/include/message/message/msg
[5.463s] -- Up-to-date: /root/ros2_ws/install/message/include/message/message/msg/detail
[5.463s] -- Up-to-date: /root/ros2_ws/install/message/include/message/message/msg/detail/emotion__struct.hpp
[5.464s] -- Up-to-date: /root/ros2_ws/install/message/include/message/message/msg/detail/emotion__traits.hpp
[5.464s] -- Up-to-date: /root/ros2_ws/install/message/include/message/message/msg/detail/emotion__builder.hpp
[5.465s] -- Up-to-date: /root/ros2_ws/install/message/include/message/message/msg/detail/emotion__type_support.hpp
[5.466s] -- Up-to-date: /root/ros2_ws/install/message/include/message/message/msg/emotion.hpp
[5.466s] -- Up-to-date: /root/ros2_ws/install/message/include/message/message/msg/rosidl_generator_cpp__visibility_control.hpp
[5.467s] -- Up-to-date: /root/ros2_ws/install/message/include/message/message
[5.467s] -- Up-to-date: /root/ros2_ws/install/message/include/message/message/msg
[5.468s] -- Up-to-date: /root/ros2_ws/install/message/include/message/message/msg/detail
[5.468s] -- Up-to-date: /root/ros2_ws/install/message/include/message/message/msg/detail/emotion__rosidl_typesupport_fastrtps_cpp.hpp
[5.469s] -- Up-to-date: /root/ros2_ws/install/message/include/message/message/msg/detail/dds_fastrtps
[5.470s] -- Up-to-date: /root/ros2_ws/install/message/include/message/message/msg/rosidl_typesupport_fastrtps_cpp__visibility_control.h
[5.470s] -- Up-to-date: /root/ros2_ws/install/message/lib/libmessage__rosidl_typesupport_fastrtps_cpp.so
[5.471s] -- Up-to-date: /root/ros2_ws/install/message/include/message/message
[5.471s] -- Up-to-date: /root/ros2_ws/install/message/include/message/message/msg
[5.472s] -- Up-to-date: /root/ros2_ws/install/message/include/message/message/msg/detail
[5.472s] -- Up-to-date: /root/ros2_ws/install/message/include/message/message/msg/detail/emotion__type_support.c
[5.473s] -- Up-to-date: /root/ros2_ws/install/message/include/message/message/msg/detail/emotion__rosidl_typesupport_introspection_c.h
[5.473s] -- Up-to-date: /root/ros2_ws/install/message/include/message/message/msg/rosidl_typesupport_introspection_c__visibility_control.h
[5.500s] -- Up-to-date: /root/ros2_ws/install/message/lib/libmessage__rosidl_typesupport_introspection_c.so
[5.501s] -- Up-to-date: /root/ros2_ws/install/message/lib/libmessage__rosidl_typesupport_c.so
[5.502s] -- Up-to-date: /root/ros2_ws/install/message/include/message/message
[5.503s] -- Up-to-date: /root/ros2_ws/install/message/include/message/message/msg
[5.503s] -- Up-to-date: /root/ros2_ws/install/message/include/message/message/msg/detail
[5.504s] -- Up-to-date: /root/ros2_ws/install/message/include/message/message/msg/detail/emotion__type_support.cpp
[5.505s] -- Up-to-date: /root/ros2_ws/install/message/include/message/message/msg/detail/emotion__rosidl_typesupport_introspection_cpp.hpp
[5.505s] -- Up-to-date: /root/ros2_ws/install/message/lib/libmessage__rosidl_typesupport_introspection_cpp.so
[5.506s] -- Up-to-date: /root/ros2_ws/install/message/lib/libmessage__rosidl_typesupport_cpp.so
[5.507s] -- Up-to-date: /root/ros2_ws/install/message/share/message/environment/pythonpath.sh
[5.507s] -- Up-to-date: /root/ros2_ws/install/message/share/message/environment/pythonpath.dsv
[5.508s] -- Up-to-date: /root/ros2_ws/install/message/local/lib/python3.10/dist-packages/message-0.0.0-py3.10.egg-info
[5.509s] -- Installing: /root/ros2_ws/install/message/local/lib/python3.10/dist-packages/message-0.0.0-py3.10.egg-info/dependency_links.txt
[5.509s] -- Installing: /root/ros2_ws/install/message/local/lib/python3.10/dist-packages/message-0.0.0-py3.10.egg-info/SOURCES.txt
[5.510s] -- Installing: /root/ros2_ws/install/message/local/lib/python3.10/dist-packages/message-0.0.0-py3.10.egg-info/top_level.txt
[5.510s] -- Installing: /root/ros2_ws/install/message/local/lib/python3.10/dist-packages/message-0.0.0-py3.10.egg-info/PKG-INFO
[5.511s] -- Up-to-date: /root/ros2_ws/install/message/local/lib/python3.10/dist-packages/message
[5.512s] -- Up-to-date: /root/ros2_ws/install/message/local/lib/python3.10/dist-packages/message/__init__.py
[5.512s] -- Up-to-date: /root/ros2_ws/install/message/local/lib/python3.10/dist-packages/message/libmessage__rosidl_generator_py.so
[5.513s] -- Up-to-date: /root/ros2_ws/install/message/local/lib/python3.10/dist-packages/message/message_s__rosidl_typesupport_introspection_c.cpython-310-aarch64-linux-gnu.so
[5.513s] -- Up-to-date: /root/ros2_ws/install/message/local/lib/python3.10/dist-packages/message/message_s__rosidl_typesupport_c.cpython-310-aarch64-linux-gnu.so
[5.514s] -- Up-to-date: /root/ros2_ws/install/message/local/lib/python3.10/dist-packages/message/_message_s.ep.rosidl_typesupport_c.c
[5.514s] -- Up-to-date: /root/ros2_ws/install/message/local/lib/python3.10/dist-packages/message/message_s__rosidl_typesupport_fastrtps_c.cpython-310-aarch64-linux-gnu.so
[5.515s] -- Up-to-date: /root/ros2_ws/install/message/local/lib/python3.10/dist-packages/message/_message_s.ep.rosidl_typesupport_introspection_c.c
[5.516s] -- Up-to-date: /root/ros2_ws/install/message/local/lib/python3.10/dist-packages/message/msg
[5.516s] -- Up-to-date: /root/ros2_ws/install/message/local/lib/python3.10/dist-packages/message/msg/__init__.py
[5.517s] -- Up-to-date: /root/ros2_ws/install/message/local/lib/python3.10/dist-packages/message/msg/_emotion.py
[5.517s] -- Up-to-date: /root/ros2_ws/install/message/local/lib/python3.10/dist-packages/message/msg/_emotion_s.c
[5.518s] -- Up-to-date: /root/ros2_ws/install/message/local/lib/python3.10/dist-packages/message/_message_s.ep.rosidl_typesupport_fastrtps_c.c
[5.937s] Listing '/root/ros2_ws/install/message/local/lib/python3.10/dist-packages/message'...
[5.938s] Listing '/root/ros2_ws/install/message/local/lib/python3.10/dist-packages/message/msg'...
[6.000s] -- Up-to-date: /root/ros2_ws/install/message/local/lib/python3.10/dist-packages/message/message_s__rosidl_typesupport_fastrtps_c.cpython-310-aarch64-linux-gnu.so
[6.001s] -- Up-to-date: /root/ros2_ws/install/message/local/lib/python3.10/dist-packages/message/message_s__rosidl_typesupport_introspection_c.cpython-310-aarch64-linux-gnu.so
[6.001s] -- Up-to-date: /root/ros2_ws/install/message/local/lib/python3.10/dist-packages/message/message_s__rosidl_typesupport_c.cpython-310-aarch64-linux-gnu.so
[6.002s] -- Up-to-date: /root/ros2_ws/install/message/lib/libmessage__rosidl_generator_py.so
[6.003s] -- Up-to-date: /root/ros2_ws/install/message/share/message/msg/Emotion.idl
[6.003s] -- Up-to-date: /root/ros2_ws/install/message/share/message/msg/Emotion.msg
[6.004s] -- Up-to-date: /root/ros2_ws/install/message/share/ament_index/resource_index/package_run_dependencies/message
[6.005s] -- Up-to-date: /root/ros2_ws/install/message/share/ament_index/resource_index/parent_prefix_path/message
[6.007s] -- Up-to-date: /root/ros2_ws/install/message/share/message/environment/ament_prefix_path.sh
[6.009s] -- Up-to-date: /root/ros2_ws/install/message/share/message/environment/ament_prefix_path.dsv
[6.010s] -- Up-to-date: /root/ros2_ws/install/message/share/message/environment/path.sh
[6.012s] -- Up-to-date: /root/ros2_ws/install/message/share/message/environment/path.dsv
[6.013s] -- Up-to-date: /root/ros2_ws/install/message/share/message/local_setup.bash
[6.016s] -- Up-to-date: /root/ros2_ws/install/message/share/message/local_setup.sh
[6.019s] -- Up-to-date: /root/ros2_ws/install/message/share/message/local_setup.zsh
[6.020s] -- Up-to-date: /root/ros2_ws/install/message/share/message/local_setup.dsv
[6.020s] -- Installing: /root/ros2_ws/install/message/share/message/package.dsv
[6.021s] -- Up-to-date: /root/ros2_ws/install/message/share/ament_index/resource_index/packages/message
[6.022s] -- Up-to-date: /root/ros2_ws/install/message/share/message/cmake/export_message__rosidl_generator_cExport.cmake
[6.022s] -- Up-to-date: /root/ros2_ws/install/message/share/message/cmake/export_message__rosidl_generator_cExport-noconfig.cmake
[6.023s] -- Up-to-date: /root/ros2_ws/install/message/share/message/cmake/export_message__rosidl_typesupport_fastrtps_cExport.cmake
[6.024s] -- Up-to-date: /root/ros2_ws/install/message/share/message/cmake/export_message__rosidl_typesupport_fastrtps_cExport-noconfig.cmake
[6.024s] -- Up-to-date: /root/ros2_ws/install/message/share/message/cmake/export_message__rosidl_generator_cppExport.cmake
[6.025s] -- Up-to-date: /root/ros2_ws/install/message/share/message/cmake/export_message__rosidl_typesupport_fastrtps_cppExport.cmake
[6.026s] -- Up-to-date: /root/ros2_ws/install/message/share/message/cmake/export_message__rosidl_typesupport_fastrtps_cppExport-noconfig.cmake
[6.026s] -- Up-to-date: /root/ros2_ws/install/message/share/message/cmake/message__rosidl_typesupport_introspection_cExport.cmake
[6.028s] -- Up-to-date: /root/ros2_ws/install/message/share/message/cmake/message__rosidl_typesupport_introspection_cExport-noconfig.cmake
[6.028s] -- Up-to-date: /root/ros2_ws/install/message/share/message/cmake/message__rosidl_typesupport_cExport.cmake
[6.029s] -- Up-to-date: /root/ros2_ws/install/message/share/message/cmake/message__rosidl_typesupport_cExport-noconfig.cmake
[6.030s] -- Up-to-date: /root/ros2_ws/install/message/share/message/cmake/message__rosidl_typesupport_introspection_cppExport.cmake
[6.030s] -- Up-to-date: /root/ros2_ws/install/message/share/message/cmake/message__rosidl_typesupport_introspection_cppExport-noconfig.cmake
[6.031s] -- Up-to-date: /root/ros2_ws/install/message/share/message/cmake/message__rosidl_typesupport_cppExport.cmake
[6.032s] -- Up-to-date: /root/ros2_ws/install/message/share/message/cmake/message__rosidl_typesupport_cppExport-noconfig.cmake
[6.032s] -- Up-to-date: /root/ros2_ws/install/message/share/message/cmake/export_message__rosidl_generator_pyExport.cmake
[6.033s] -- Up-to-date: /root/ros2_ws/install/message/share/message/cmake/export_message__rosidl_generator_pyExport-noconfig.cmake
[6.034s] -- Up-to-date: /root/ros2_ws/install/message/share/message/cmake/rosidl_cmake-extras.cmake
[6.035s] -- Up-to-date: /root/ros2_ws/install/message/share/message/cmake/ament_cmake_export_dependencies-extras.cmake
[6.036s] -- Up-to-date: /root/ros2_ws/install/message/share/message/cmake/ament_cmake_export_include_directories-extras.cmake
[6.036s] -- Up-to-date: /root/ros2_ws/install/message/share/message/cmake/ament_cmake_export_libraries-extras.cmake
[6.037s] -- Up-to-date: /root/ros2_ws/install/message/share/message/cmake/ament_cmake_export_targets-extras.cmake
[6.038s] -- Up-to-date: /root/ros2_ws/install/message/share/message/cmake/rosidl_cmake_export_typesupport_targets-extras.cmake
[6.038s] -- Up-to-date: /root/ros2_ws/install/message/share/message/cmake/rosidl_cmake_export_typesupport_libraries-extras.cmake
[6.039s] -- Up-to-date: /root/ros2_ws/install/message/share/message/cmake/messageConfig.cmake
[6.040s] -- Up-to-date: /root/ros2_ws/install/message/share/message/cmake/messageConfig-version.cmake
[6.041s] -- Up-to-date: /root/ros2_ws/install/message/share/message/package.xml
[6.209s] Invoked command in '/root/ros2_ws/build/message' returned '0': CMAKE_PREFIX_PATH=${CMAKE_PREFIX_PATH}:/root/ros2_ws/install/my_ros2_project:/opt/ros/humble /usr/bin/cmake --install /root/ros2_ws/build/message
