[3.746s] Invoking command in '/root/ros2_ws/src/my_ros2_project': AMENT_PREFIX_PATH=/root/ros2_ws/install/message CMAKE_PREFIX_PATH=/root/ros2_ws/install/message LD_LIBRARY_PATH=/root/ros2_ws/install/message/lib PYTHONPATH=/root/ros2_ws/build/my_ros2_project/prefix_override:/usr/lib/python3/dist-packages/colcon_core/task/python/colcon_distutils_commands:/root/ros2_ws/install/my_ros2_project/lib/python3.10/site-packages:/root/ros2_ws/install/message/local/lib/python3.10/dist-packages /usr/bin/python3 -W ignore:setup.py install is deprecated -W ignore:easy_install command is deprecated setup.py egg_info --egg-base ../../build/my_ros2_project build --build-base /root/ros2_ws/build/my_ros2_project/build install --record /root/ros2_ws/build/my_ros2_project/install.log --single-version-externally-managed install_data
[5.231s] running egg_info
[5.237s] writing ../../build/my_ros2_project/my_ros2_project.egg-info/PKG-INFO
[5.239s] writing dependency_links to ../../build/my_ros2_project/my_ros2_project.egg-info/dependency_links.txt
[5.240s] writing entry points to ../../build/my_ros2_project/my_ros2_project.egg-info/entry_points.txt
[5.241s] writing requirements to ../../build/my_ros2_project/my_ros2_project.egg-info/requires.txt
[5.242s] writing top-level names to ../../build/my_ros2_project/my_ros2_project.egg-info/top_level.txt
[5.251s] reading manifest file '../../build/my_ros2_project/my_ros2_project.egg-info/SOURCES.txt'
[5.257s] writing manifest file '../../build/my_ros2_project/my_ros2_project.egg-info/SOURCES.txt'
[5.258s] running build
[5.259s] running build_py
[5.260s] running install
[5.262s] running install_lib
[5.269s] running install_data
[5.270s] running install_egg_info
[5.279s] removing '/root/ros2_ws/install/my_ros2_project/lib/python3.10/site-packages/my_ros2_project-0.0.0-py3.10.egg-info' (and everything under it)
[5.281s] Copying ../../build/my_ros2_project/my_ros2_project.egg-info to /root/ros2_ws/install/my_ros2_project/lib/python3.10/site-packages/my_ros2_project-0.0.0-py3.10.egg-info
[5.286s] running install_scripts
[5.435s] Installing socket_to_ros script to /root/ros2_ws/install/my_ros2_project/lib/my_ros2_project
[5.438s] writing list of installed files to '/root/ros2_ws/build/my_ros2_project/install.log'
[5.523s] Invoked command in '/root/ros2_ws/src/my_ros2_project' returned '0': AMENT_PREFIX_PATH=/root/ros2_ws/install/message CMAKE_PREFIX_PATH=/root/ros2_ws/install/message LD_LIBRARY_PATH=/root/ros2_ws/install/message/lib PYTHONPATH=/root/ros2_ws/build/my_ros2_project/prefix_override:/usr/lib/python3/dist-packages/colcon_core/task/python/colcon_distutils_commands:/root/ros2_ws/install/my_ros2_project/lib/python3.10/site-packages:/root/ros2_ws/install/message/local/lib/python3.10/dist-packages /usr/bin/python3 -W ignore:setup.py install is deprecated -W ignore:easy_install command is deprecated setup.py egg_info --egg-base ../../build/my_ros2_project build --build-base /root/ros2_ws/build/my_ros2_project/build install --record /root/ros2_ws/build/my_ros2_project/install.log --single-version-externally-managed install_data
