[0.000000] (-) TimerEvent: {}
[0.004079] (pwm_pca9685) JobQueued: {'identifier': 'pwm_pca9685', 'dependencies': OrderedDict()}
[0.013460] (pwm_pca9685) JobStarted: {'identifier': 'pwm_pca9685'}
[0.097214] (-) TimerEvent: {}
[0.110521] (pwm_pca9685) JobProgress: {'identifier': 'pwm_pca9685', 'progress': 'cmake'}
[0.113019] (pwm_pca9685) Command: {'cmd': ['/usr/bin/cmake', '/root/pwm/pwm_pca9685', '-DCMAKE_INSTALL_PREFIX=/root/pwm/install/pwm_pca9685'], 'cwd': '/root/pwm/build/pwm_pca9685', 'env': OrderedDict([('CMAKE_PREFIX_PATH', '/root/ros2_ws_neu/install/mybot:/root/ros2_ws_neu/install/mybot_interfaces:/opt/ros/humble'), ('COLCON', '1'), ('PYTHONPATH', '/root/ros2_ws_neu/install/mybot_interfaces/local/lib/python3.10/dist-packages:/opt/ros/humble/lib/python3.10/site-packages:/opt/ros/humble/local/lib/python3.10/dist-packages'), ('LC_ALL', 'en_US.UTF-8'), ('PWD', '/root/pwm/build/pwm_pca9685'), ('DEBIAN_FRONTEND', 'noninteractive'), ('AMENT_PREFIX_PATH', '/root/ros2_ws_neu/install/mybot:/root/ros2_ws_neu/install/mybot_interfaces:/opt/ros/humble'), ('LANG', 'en_US.UTF-8'), ('PATH', '/opt/ros/humble/bin:/usr/local/sbin:/usr/local/bin:/usr/sbin:/usr/bin:/sbin:/bin'), ('ROS_LOCALHOST_ONLY', '0'), ('TERM', 'xterm'), ('ROS_VERSION', '2'), ('_', '/usr/bin/colcon'), ('ROS_DISTRO', 'humble'), ('COLCON_PREFIX_PATH', '/root/ros2_ws_neu/install'), ('ROS_PYTHON_VERSION', '3'), ('OLDPWD', '/root'), ('HOME', '/root'), ('LD_LIBRARY_PATH', '/root/ros2_ws_neu/install/mybot_interfaces/lib:/opt/ros/humble/lib/aarch64-linux-gnu:/opt/ros/humble/lib'), ('SHLVL', '1'), ('HOSTNAME', '05d0bcf9ced5')]), 'shell': False}
[0.197490] (-) TimerEvent: {}
[0.298747] (-) TimerEvent: {}
[0.399818] (-) TimerEvent: {}
[0.500903] (-) TimerEvent: {}
[0.601986] (-) TimerEvent: {}
[0.703170] (-) TimerEvent: {}
[0.804449] (-) TimerEvent: {}
[0.905590] (-) TimerEvent: {}
[1.006678] (-) TimerEvent: {}
[1.107880] (-) TimerEvent: {}
[1.209005] (-) TimerEvent: {}
[1.218682] (pwm_pca9685) StdoutLine: {'line': b'-- The C compiler identification is GNU 11.4.0\n'}
[1.309279] (-) TimerEvent: {}
[1.410345] (-) TimerEvent: {}
[1.511544] (-) TimerEvent: {}
[1.612729] (-) TimerEvent: {}
[1.713928] (-) TimerEvent: {}
[1.815013] (-) TimerEvent: {}
[1.916425] (-) TimerEvent: {}
[2.017814] (-) TimerEvent: {}
[2.118960] (-) TimerEvent: {}
[2.148089] (pwm_pca9685) StdoutLine: {'line': b'-- The CXX compiler identification is GNU 11.4.0\n'}
[2.219265] (-) TimerEvent: {}
[2.233645] (pwm_pca9685) StdoutLine: {'line': b'-- Detecting C compiler ABI info\n'}
[2.319565] (-) TimerEvent: {}
[2.420711] (-) TimerEvent: {}
[2.521931] (-) TimerEvent: {}
[2.623153] (-) TimerEvent: {}
[2.724627] (-) TimerEvent: {}
[2.825768] (-) TimerEvent: {}
[2.926912] (-) TimerEvent: {}
[3.028056] (-) TimerEvent: {}
[3.129096] (-) TimerEvent: {}
[3.230327] (-) TimerEvent: {}
[3.331530] (-) TimerEvent: {}
[3.432649] (-) TimerEvent: {}
[3.533849] (-) TimerEvent: {}
[3.550241] (pwm_pca9685) StdoutLine: {'line': b'-- Detecting C compiler ABI info - done\n'}
[3.634063] (-) TimerEvent: {}
[3.637495] (pwm_pca9685) StdoutLine: {'line': b'-- Check for working C compiler: /usr/bin/cc - skipped\n'}
[3.639489] (pwm_pca9685) StdoutLine: {'line': b'-- Detecting C compile features\n'}
[3.643383] (pwm_pca9685) StdoutLine: {'line': b'-- Detecting C compile features - done\n'}
[3.665918] (pwm_pca9685) StdoutLine: {'line': b'-- Detecting CXX compiler ABI info\n'}
[3.734369] (-) TimerEvent: {}
[3.835475] (-) TimerEvent: {}
[3.936575] (-) TimerEvent: {}
[4.037778] (-) TimerEvent: {}
[4.138874] (-) TimerEvent: {}
[4.239999] (-) TimerEvent: {}
[4.341132] (-) TimerEvent: {}
[4.442275] (-) TimerEvent: {}
[4.543474] (-) TimerEvent: {}
[4.644667] (-) TimerEvent: {}
[4.746018] (-) TimerEvent: {}
[4.847646] (-) TimerEvent: {}
[4.949053] (-) TimerEvent: {}
[4.960467] (pwm_pca9685) StdoutLine: {'line': b'-- Detecting CXX compiler ABI info - done\n'}
[5.049558] (pwm_pca9685) StdoutLine: {'line': b'-- Check for working CXX compiler: /usr/bin/c++ - skipped\n'}
[5.050367] (-) TimerEvent: {}
[5.051382] (pwm_pca9685) StdoutLine: {'line': b'-- Detecting CXX compile features\n'}
[5.056040] (pwm_pca9685) StdoutLine: {'line': b'-- Detecting CXX compile features - done\n'}
[5.076584] (pwm_pca9685) StdoutLine: {'line': b'-- Found ament_cmake: 1.3.11 (/opt/ros/humble/share/ament_cmake/cmake)\n'}
[5.150706] (-) TimerEvent: {}
[5.251817] (-) TimerEvent: {}
[5.353029] (-) TimerEvent: {}
[5.454273] (-) TimerEvent: {}
[5.555422] (-) TimerEvent: {}
[5.656459] (-) TimerEvent: {}
[5.757623] (-) TimerEvent: {}
[5.858776] (-) TimerEvent: {}
[5.959938] (-) TimerEvent: {}
[6.061038] (-) TimerEvent: {}
[6.162227] (-) TimerEvent: {}
[6.263412] (-) TimerEvent: {}
[6.365032] (-) TimerEvent: {}
[6.466672] (-) TimerEvent: {}
[6.567892] (-) TimerEvent: {}
[6.668994] (-) TimerEvent: {}
[6.770091] (-) TimerEvent: {}
[6.871289] (-) TimerEvent: {}
[6.972435] (-) TimerEvent: {}
[7.073637] (-) TimerEvent: {}
[7.174839] (-) TimerEvent: {}
[7.217030] (pwm_pca9685) StdoutLine: {'line': b'-- Found Python3: /usr/bin/python3 (found version "3.10.12") found components: Interpreter \n'}
[7.275133] (-) TimerEvent: {}
[7.376220] (-) TimerEvent: {}
[7.477448] (-) TimerEvent: {}
[7.578603] (-) TimerEvent: {}
[7.679649] (-) TimerEvent: {}
[7.780739] (-) TimerEvent: {}
[7.881871] (-) TimerEvent: {}
[7.983010] (-) TimerEvent: {}
[7.986522] (pwm_pca9685) StdoutLine: {'line': b'-- Found rclcpp: 16.0.11 (/opt/ros/humble/share/rclcpp/cmake)\n'}
[8.083283] (-) TimerEvent: {}
[8.184407] (-) TimerEvent: {}
[8.208336] (pwm_pca9685) StdoutLine: {'line': b'-- Found rosidl_generator_c: 3.1.6 (/opt/ros/humble/share/rosidl_generator_c/cmake)\n'}
[8.238183] (pwm_pca9685) StdoutLine: {'line': b'-- Found rosidl_adapter: 3.1.6 (/opt/ros/humble/share/rosidl_adapter/cmake)\n'}
[8.284681] (-) TimerEvent: {}
[8.294440] (pwm_pca9685) StdoutLine: {'line': b'-- Found rosidl_generator_cpp: 3.1.6 (/opt/ros/humble/share/rosidl_generator_cpp/cmake)\n'}
[8.384951] (-) TimerEvent: {}
[8.395792] (pwm_pca9685) StdoutLine: {'line': b'-- Using all available rosidl_typesupport_c: rosidl_typesupport_fastrtps_c;rosidl_typesupport_introspection_c\n'}
[8.485235] (-) TimerEvent: {}
[8.521773] (pwm_pca9685) StdoutLine: {'line': b'-- Using all available rosidl_typesupport_cpp: rosidl_typesupport_fastrtps_cpp;rosidl_typesupport_introspection_cpp\n'}
[8.585537] (-) TimerEvent: {}
[8.686586] (-) TimerEvent: {}
[8.787678] (-) TimerEvent: {}
[8.839245] (pwm_pca9685) StdoutLine: {'line': b'-- Found rmw_implementation_cmake: 6.1.2 (/opt/ros/humble/share/rmw_implementation_cmake/cmake)\n'}
[8.852844] (pwm_pca9685) StdoutLine: {'line': b'-- Found rmw_fastrtps_cpp: 6.2.7 (/opt/ros/humble/share/rmw_fastrtps_cpp/cmake)\n'}
[8.887944] (-) TimerEvent: {}
[8.988991] (-) TimerEvent: {}
[9.090032] (-) TimerEvent: {}
[9.191107] (-) TimerEvent: {}
[9.292273] (-) TimerEvent: {}
[9.393465] (-) TimerEvent: {}
[9.495189] (-) TimerEvent: {}
[9.597427] (-) TimerEvent: {}
[9.698877] (-) TimerEvent: {}
[9.800042] (-) TimerEvent: {}
[9.893018] (pwm_pca9685) StdoutLine: {'line': b'-- Found OpenSSL: /usr/lib/aarch64-linux-gnu/libcrypto.so (found version "3.0.2")  \n'}
[9.900246] (-) TimerEvent: {}
[9.998413] (pwm_pca9685) StdoutLine: {'line': b'-- Found FastRTPS: /opt/ros/humble/include  \n'}
[10.000498] (-) TimerEvent: {}
[10.101495] (-) TimerEvent: {}
[10.183089] (pwm_pca9685) StdoutLine: {'line': b"-- Using RMW implementation 'rmw_fastrtps_cpp' as default\n"}
[10.201761] (-) TimerEvent: {}
[10.222915] (pwm_pca9685) StdoutLine: {'line': b'-- Looking for pthread.h\n'}
[10.302252] (-) TimerEvent: {}
[10.403537] (-) TimerEvent: {}
[10.504679] (-) TimerEvent: {}
[10.605807] (-) TimerEvent: {}
[10.706978] (-) TimerEvent: {}
[10.808204] (-) TimerEvent: {}
[10.909378] (-) TimerEvent: {}
[11.010557] (-) TimerEvent: {}
[11.111816] (-) TimerEvent: {}
[11.212964] (-) TimerEvent: {}
[11.314094] (-) TimerEvent: {}
[11.415210] (-) TimerEvent: {}
[11.455231] (pwm_pca9685) StdoutLine: {'line': b'-- Looking for pthread.h - found\n'}
[11.456814] (pwm_pca9685) StdoutLine: {'line': b'-- Performing Test CMAKE_HAVE_LIBC_PTHREAD\n'}
[11.515498] (-) TimerEvent: {}
[11.616641] (-) TimerEvent: {}
[11.717834] (-) TimerEvent: {}
[11.818972] (-) TimerEvent: {}
[11.920114] (-) TimerEvent: {}
[12.021320] (-) TimerEvent: {}
[12.122530] (-) TimerEvent: {}
[12.223656] (-) TimerEvent: {}
[12.324843] (-) TimerEvent: {}
[12.425995] (-) TimerEvent: {}
[12.527484] (-) TimerEvent: {}
[12.628670] (-) TimerEvent: {}
[12.729912] (-) TimerEvent: {}
[12.754136] (pwm_pca9685) StdoutLine: {'line': b'-- Performing Test CMAKE_HAVE_LIBC_PTHREAD - Success\n'}
[12.760249] (pwm_pca9685) StdoutLine: {'line': b'-- Found Threads: TRUE  \n'}
[12.830165] (-) TimerEvent: {}
[12.931222] (-) TimerEvent: {}
[13.032276] (-) TimerEvent: {}
[13.133325] (-) TimerEvent: {}
[13.204774] (pwm_pca9685) StdoutLine: {'line': b'-- Found geometry_msgs: 4.2.4 (/opt/ros/humble/share/geometry_msgs/cmake)\n'}
[13.233560] (-) TimerEvent: {}
[13.334682] (-) TimerEvent: {}
[13.435780] (-) TimerEvent: {}
[13.536924] (-) TimerEvent: {}
[13.638128] (-) TimerEvent: {}
[13.739329] (-) TimerEvent: {}
[13.840553] (-) TimerEvent: {}
[13.941650] (-) TimerEvent: {}
[14.042814] (-) TimerEvent: {}
[14.050529] (pwm_pca9685) StdoutLine: {'line': b'-- Configuring done\n'}
[14.143086] (-) TimerEvent: {}
[14.164944] (pwm_pca9685) StdoutLine: {'line': b'-- Generating done\n'}
[14.220982] (pwm_pca9685) StdoutLine: {'line': b'-- Build files have been written to: /root/pwm/build/pwm_pca9685\n'}
[14.243386] (-) TimerEvent: {}
[14.262156] (pwm_pca9685) CommandEnded: {'returncode': 0}
[14.272098] (pwm_pca9685) JobProgress: {'identifier': 'pwm_pca9685', 'progress': 'build'}
[14.272568] (pwm_pca9685) Command: {'cmd': ['/usr/bin/cmake', '--build', '/root/pwm/build/pwm_pca9685', '--', '-j8', '-l8'], 'cwd': '/root/pwm/build/pwm_pca9685', 'env': OrderedDict([('CMAKE_PREFIX_PATH', '/root/ros2_ws_neu/install/mybot:/root/ros2_ws_neu/install/mybot_interfaces:/opt/ros/humble'), ('COLCON', '1'), ('PYTHONPATH', '/root/ros2_ws_neu/install/mybot_interfaces/local/lib/python3.10/dist-packages:/opt/ros/humble/lib/python3.10/site-packages:/opt/ros/humble/local/lib/python3.10/dist-packages'), ('LC_ALL', 'en_US.UTF-8'), ('PWD', '/root/pwm/build/pwm_pca9685'), ('DEBIAN_FRONTEND', 'noninteractive'), ('AMENT_PREFIX_PATH', '/root/ros2_ws_neu/install/mybot:/root/ros2_ws_neu/install/mybot_interfaces:/opt/ros/humble'), ('LANG', 'en_US.UTF-8'), ('PATH', '/opt/ros/humble/bin:/usr/local/sbin:/usr/local/bin:/usr/sbin:/usr/bin:/sbin:/bin'), ('ROS_LOCALHOST_ONLY', '0'), ('TERM', 'xterm'), ('ROS_VERSION', '2'), ('_', '/usr/bin/colcon'), ('ROS_DISTRO', 'humble'), ('COLCON_PREFIX_PATH', '/root/ros2_ws_neu/install'), ('ROS_PYTHON_VERSION', '3'), ('OLDPWD', '/root'), ('HOME', '/root'), ('LD_LIBRARY_PATH', '/root/ros2_ws_neu/install/mybot_interfaces/lib:/opt/ros/humble/lib/aarch64-linux-gnu:/opt/ros/humble/lib'), ('SHLVL', '1'), ('HOSTNAME', '05d0bcf9ced5')]), 'shell': False}
[14.343726] (-) TimerEvent: {}
[14.444988] (-) TimerEvent: {}
[14.546178] (-) TimerEvent: {}
[14.647346] (-) TimerEvent: {}
[14.748447] (-) TimerEvent: {}
[14.849520] (-) TimerEvent: {}
[14.950569] (-) TimerEvent: {}
[15.051952] (-) TimerEvent: {}
[15.109730] (pwm_pca9685) StdoutLine: {'line': b'[ 25%] \x1b[32mBuilding CXX object CMakeFiles/mixer_node.dir/src/mixer_node.cpp.o\x1b[0m\n'}
[15.121024] (pwm_pca9685) StdoutLine: {'line': b'[ 50%] \x1b[32mBuilding CXX object CMakeFiles/pca9685_node.dir/src/pca9685_node.cpp.o\x1b[0m\n'}
[15.152296] (-) TimerEvent: {}
[15.253902] (-) TimerEvent: {}
[15.355402] (-) TimerEvent: {}
[15.456871] (-) TimerEvent: {}
[15.558531] (-) TimerEvent: {}
[15.660000] (-) TimerEvent: {}
[15.761674] (-) TimerEvent: {}
[15.863062] (-) TimerEvent: {}
[15.964541] (-) TimerEvent: {}
[16.065948] (-) TimerEvent: {}
[16.167499] (-) TimerEvent: {}
[16.268905] (-) TimerEvent: {}
[16.370292] (-) TimerEvent: {}
[16.471849] (-) TimerEvent: {}
[16.573359] (-) TimerEvent: {}
[16.674543] (-) TimerEvent: {}
[16.775713] (-) TimerEvent: {}
[16.876822] (-) TimerEvent: {}
[16.978053] (-) TimerEvent: {}
[17.079027] (-) TimerEvent: {}
[17.180171] (-) TimerEvent: {}
[17.281307] (-) TimerEvent: {}
[17.382520] (-) TimerEvent: {}
[17.483705] (-) TimerEvent: {}
[17.584893] (-) TimerEvent: {}
[17.686044] (-) TimerEvent: {}
[17.787223] (-) TimerEvent: {}
[17.888404] (-) TimerEvent: {}
[17.989487] (-) TimerEvent: {}
[18.090596] (-) TimerEvent: {}
[18.191753] (-) TimerEvent: {}
[18.292864] (-) TimerEvent: {}
[18.393979] (-) TimerEvent: {}
[18.495187] (-) TimerEvent: {}
[18.596650] (-) TimerEvent: {}
[18.697856] (-) TimerEvent: {}
[18.798956] (-) TimerEvent: {}
[18.900104] (-) TimerEvent: {}
[19.001244] (-) TimerEvent: {}
[19.102359] (-) TimerEvent: {}
[19.203511] (-) TimerEvent: {}
[19.304663] (-) TimerEvent: {}
[19.405782] (-) TimerEvent: {}
[19.507023] (-) TimerEvent: {}
[19.608223] (-) TimerEvent: {}
[19.709392] (-) TimerEvent: {}
[19.810461] (-) TimerEvent: {}
[19.911653] (-) TimerEvent: {}
[20.012807] (-) TimerEvent: {}
[20.113932] (-) TimerEvent: {}
[20.215121] (-) TimerEvent: {}
[20.316578] (-) TimerEvent: {}
[20.417907] (-) TimerEvent: {}
[20.519313] (-) TimerEvent: {}
[20.620437] (-) TimerEvent: {}
[20.721637] (-) TimerEvent: {}
[20.822807] (-) TimerEvent: {}
[20.924079] (-) TimerEvent: {}
[21.025163] (-) TimerEvent: {}
[21.126304] (-) TimerEvent: {}
[21.227413] (-) TimerEvent: {}
[21.328607] (-) TimerEvent: {}
[21.430020] (-) TimerEvent: {}
[21.531471] (-) TimerEvent: {}
[21.632832] (-) TimerEvent: {}
[21.734220] (-) TimerEvent: {}
[21.835410] (-) TimerEvent: {}
[21.936609] (-) TimerEvent: {}
[22.037802] (-) TimerEvent: {}
[22.139011] (-) TimerEvent: {}
[22.240162] (-) TimerEvent: {}
[22.341269] (-) TimerEvent: {}
[22.442267] (-) TimerEvent: {}
[22.543410] (-) TimerEvent: {}
[22.644574] (-) TimerEvent: {}
[22.745695] (-) TimerEvent: {}
[22.846802] (-) TimerEvent: {}
[22.947967] (-) TimerEvent: {}
[23.049144] (-) TimerEvent: {}
[23.150285] (-) TimerEvent: {}
[23.251390] (-) TimerEvent: {}
[23.352532] (-) TimerEvent: {}
[23.453620] (-) TimerEvent: {}
[23.554711] (-) TimerEvent: {}
[23.655858] (-) TimerEvent: {}
[23.757123] (-) TimerEvent: {}
[23.858119] (-) TimerEvent: {}
[23.959337] (-) TimerEvent: {}
[24.060523] (-) TimerEvent: {}
[24.161659] (-) TimerEvent: {}
[24.262736] (-) TimerEvent: {}
[24.363888] (-) TimerEvent: {}
[24.465210] (-) TimerEvent: {}
[24.566428] (-) TimerEvent: {}
[24.667609] (-) TimerEvent: {}
[24.768787] (-) TimerEvent: {}
[24.869922] (-) TimerEvent: {}
[24.971236] (-) TimerEvent: {}
[25.072298] (-) TimerEvent: {}
[25.173351] (-) TimerEvent: {}
[25.274473] (-) TimerEvent: {}
[25.375513] (-) TimerEvent: {}
[25.476579] (-) TimerEvent: {}
[25.577816] (-) TimerEvent: {}
[25.679038] (-) TimerEvent: {}
[25.780272] (-) TimerEvent: {}
[25.881566] (-) TimerEvent: {}
[25.982753] (-) TimerEvent: {}
[26.083926] (-) TimerEvent: {}
[26.185129] (-) TimerEvent: {}
[26.286228] (-) TimerEvent: {}
[26.387196] (-) TimerEvent: {}
[26.488252] (-) TimerEvent: {}
[26.589376] (-) TimerEvent: {}
[26.690547] (-) TimerEvent: {}
[26.791658] (-) TimerEvent: {}
[26.892722] (-) TimerEvent: {}
[26.993751] (-) TimerEvent: {}
[27.094834] (-) TimerEvent: {}
[27.195990] (-) TimerEvent: {}
[27.297030] (-) TimerEvent: {}
[27.398130] (-) TimerEvent: {}
[27.499164] (-) TimerEvent: {}
[27.600482] (-) TimerEvent: {}
[27.701617] (-) TimerEvent: {}
[27.802735] (-) TimerEvent: {}
[27.904065] (-) TimerEvent: {}
[28.005145] (-) TimerEvent: {}
[28.106236] (-) TimerEvent: {}
[28.207289] (-) TimerEvent: {}
[28.308478] (-) TimerEvent: {}
[28.409667] (-) TimerEvent: {}
[28.510829] (-) TimerEvent: {}
[28.611830] (-) TimerEvent: {}
[28.712874] (-) TimerEvent: {}
[28.813930] (-) TimerEvent: {}
[28.915043] (-) TimerEvent: {}
[29.016141] (-) TimerEvent: {}
[29.117216] (-) TimerEvent: {}
[29.218304] (-) TimerEvent: {}
[29.319350] (-) TimerEvent: {}
[29.420454] (-) TimerEvent: {}
[29.521532] (-) TimerEvent: {}
[29.622608] (-) TimerEvent: {}
[29.723798] (-) TimerEvent: {}
[29.825115] (-) TimerEvent: {}
[29.926152] (-) TimerEvent: {}
[30.027166] (-) TimerEvent: {}
[30.128266] (-) TimerEvent: {}
[30.229313] (-) TimerEvent: {}
[30.330520] (-) TimerEvent: {}
[30.431705] (-) TimerEvent: {}
[30.533091] (-) TimerEvent: {}
[30.634229] (-) TimerEvent: {}
[30.735321] (-) TimerEvent: {}
[30.836490] (-) TimerEvent: {}
[30.937630] (-) TimerEvent: {}
[31.038735] (-) TimerEvent: {}
[31.139872] (-) TimerEvent: {}
[31.241038] (-) TimerEvent: {}
[31.342121] (-) TimerEvent: {}
[31.443206] (-) TimerEvent: {}
[31.544274] (-) TimerEvent: {}
[31.645423] (-) TimerEvent: {}
[31.746607] (-) TimerEvent: {}
[31.847784] (-) TimerEvent: {}
[31.948784] (-) TimerEvent: {}
[32.049901] (-) TimerEvent: {}
[32.151030] (-) TimerEvent: {}
[32.252109] (-) TimerEvent: {}
[32.353390] (-) TimerEvent: {}
[32.454553] (-) TimerEvent: {}
[32.555666] (-) TimerEvent: {}
[32.656823] (-) TimerEvent: {}
[32.757988] (-) TimerEvent: {}
[32.859130] (-) TimerEvent: {}
[32.960296] (-) TimerEvent: {}
[33.061409] (-) TimerEvent: {}
[33.162430] (-) TimerEvent: {}
[33.263479] (-) TimerEvent: {}
[33.364527] (-) TimerEvent: {}
[33.465541] (-) TimerEvent: {}
[33.566561] (-) TimerEvent: {}
[33.667655] (-) TimerEvent: {}
[33.768728] (-) TimerEvent: {}
[33.869945] (-) TimerEvent: {}
[33.971281] (-) TimerEvent: {}
[34.072443] (-) TimerEvent: {}
[34.173528] (-) TimerEvent: {}
[34.274586] (-) TimerEvent: {}
[34.375713] (-) TimerEvent: {}
[34.476784] (-) TimerEvent: {}
[34.577938] (-) TimerEvent: {}
[34.679097] (-) TimerEvent: {}
[34.780165] (-) TimerEvent: {}
[34.881360] (-) TimerEvent: {}
[34.982377] (-) TimerEvent: {}
[35.083400] (-) TimerEvent: {}
[35.184542] (-) TimerEvent: {}
[35.285596] (-) TimerEvent: {}
[35.386583] (-) TimerEvent: {}
[35.487746] (-) TimerEvent: {}
[35.588815] (-) TimerEvent: {}
[35.689888] (-) TimerEvent: {}
[35.790925] (-) TimerEvent: {}
[35.892059] (-) TimerEvent: {}
[35.993148] (-) TimerEvent: {}
[36.094256] (-) TimerEvent: {}
[36.195356] (-) TimerEvent: {}
[36.296507] (-) TimerEvent: {}
[36.397649] (-) TimerEvent: {}
[36.498676] (-) TimerEvent: {}
[36.599774] (-) TimerEvent: {}
[36.700832] (-) TimerEvent: {}
[36.801997] (-) TimerEvent: {}
[36.903162] (-) TimerEvent: {}
[37.004354] (-) TimerEvent: {}
[37.105413] (-) TimerEvent: {}
[37.206649] (-) TimerEvent: {}
[37.307920] (-) TimerEvent: {}
[37.409067] (-) TimerEvent: {}
[37.510253] (-) TimerEvent: {}
[37.611521] (-) TimerEvent: {}
[37.712688] (-) TimerEvent: {}
[37.813923] (-) TimerEvent: {}
[37.915124] (-) TimerEvent: {}
[38.016346] (-) TimerEvent: {}
[38.117587] (-) TimerEvent: {}
[38.218875] (-) TimerEvent: {}
[38.320146] (-) TimerEvent: {}
[38.421568] (-) TimerEvent: {}
[38.522922] (-) TimerEvent: {}
[38.624100] (-) TimerEvent: {}
[38.725348] (-) TimerEvent: {}
[38.826578] (-) TimerEvent: {}
[38.927857] (-) TimerEvent: {}
[39.029057] (-) TimerEvent: {}
[39.130336] (-) TimerEvent: {}
[39.231690] (-) TimerEvent: {}
[39.333156] (-) TimerEvent: {}
[39.434708] (-) TimerEvent: {}
[39.536242] (-) TimerEvent: {}
[39.637783] (-) TimerEvent: {}
[39.739259] (-) TimerEvent: {}
[39.840814] (-) TimerEvent: {}
[39.942370] (-) TimerEvent: {}
[40.043930] (-) TimerEvent: {}
[40.145429] (-) TimerEvent: {}
[40.246957] (-) TimerEvent: {}
[40.348432] (-) TimerEvent: {}
[40.450010] (-) TimerEvent: {}
[40.551612] (-) TimerEvent: {}
[40.653107] (-) TimerEvent: {}
[40.754672] (-) TimerEvent: {}
[40.856166] (-) TimerEvent: {}
[40.957709] (-) TimerEvent: {}
[41.059224] (-) TimerEvent: {}
[41.160766] (-) TimerEvent: {}
[41.262253] (-) TimerEvent: {}
[41.363543] (-) TimerEvent: {}
[41.464860] (-) TimerEvent: {}
[41.566178] (-) TimerEvent: {}
[41.667329] (-) TimerEvent: {}
[41.768566] (-) TimerEvent: {}
[41.869698] (-) TimerEvent: {}
[41.970867] (-) TimerEvent: {}
[42.072088] (-) TimerEvent: {}
[42.173260] (-) TimerEvent: {}
[42.274459] (-) TimerEvent: {}
[42.375646] (-) TimerEvent: {}
[42.476890] (-) TimerEvent: {}
[42.578197] (-) TimerEvent: {}
[42.679422] (-) TimerEvent: {}
[42.780624] (-) TimerEvent: {}
[42.881724] (-) TimerEvent: {}
[42.982923] (-) TimerEvent: {}
[43.084065] (-) TimerEvent: {}
[43.185271] (-) TimerEvent: {}
[43.286525] (-) TimerEvent: {}
[43.387869] (-) TimerEvent: {}
[43.489145] (-) TimerEvent: {}
[43.590396] (-) TimerEvent: {}
[43.691523] (-) TimerEvent: {}
[43.792701] (-) TimerEvent: {}
[43.893899] (-) TimerEvent: {}
[43.995141] (-) TimerEvent: {}
[44.096367] (-) TimerEvent: {}
[44.197638] (-) TimerEvent: {}
[44.298831] (-) TimerEvent: {}
[44.400081] (-) TimerEvent: {}
[44.501269] (-) TimerEvent: {}
[44.602551] (-) TimerEvent: {}
[44.703798] (-) TimerEvent: {}
[44.805053] (-) TimerEvent: {}
[44.906260] (-) TimerEvent: {}
[45.007576] (-) TimerEvent: {}
[45.108813] (-) TimerEvent: {}
[45.210061] (-) TimerEvent: {}
[45.311294] (-) TimerEvent: {}
[45.412513] (-) TimerEvent: {}
[45.513740] (-) TimerEvent: {}
[45.615228] (-) TimerEvent: {}
[45.716840] (-) TimerEvent: {}
[45.818087] (-) TimerEvent: {}
[45.919396] (-) TimerEvent: {}
[46.020684] (-) TimerEvent: {}
[46.121898] (-) TimerEvent: {}
[46.223176] (-) TimerEvent: {}
[46.324468] (-) TimerEvent: {}
[46.425712] (-) TimerEvent: {}
[46.526925] (-) TimerEvent: {}
[46.628036] (-) TimerEvent: {}
[46.729385] (-) TimerEvent: {}
[46.830620] (-) TimerEvent: {}
[46.931918] (-) TimerEvent: {}
[47.033076] (-) TimerEvent: {}
[47.134189] (-) TimerEvent: {}
[47.235249] (-) TimerEvent: {}
[47.336420] (-) TimerEvent: {}
[47.437667] (-) TimerEvent: {}
[47.538947] (-) TimerEvent: {}
[47.640469] (-) TimerEvent: {}
[47.741643] (-) TimerEvent: {}
[47.842846] (-) TimerEvent: {}
[47.944012] (-) TimerEvent: {}
[48.045108] (-) TimerEvent: {}
[48.146277] (-) TimerEvent: {}
[48.247489] (-) TimerEvent: {}
[48.348754] (-) TimerEvent: {}
[48.450107] (-) TimerEvent: {}
[48.551374] (-) TimerEvent: {}
[48.652648] (-) TimerEvent: {}
[48.753883] (-) TimerEvent: {}
[48.855215] (-) TimerEvent: {}
[48.956466] (-) TimerEvent: {}
[49.057616] (-) TimerEvent: {}
[49.158725] (-) TimerEvent: {}
[49.259880] (-) TimerEvent: {}
[49.361075] (-) TimerEvent: {}
[49.462312] (-) TimerEvent: {}
[49.563560] (-) TimerEvent: {}
[49.664891] (-) TimerEvent: {}
[49.766117] (-) TimerEvent: {}
[49.867310] (-) TimerEvent: {}
[49.968569] (-) TimerEvent: {}
[50.069805] (-) TimerEvent: {}
[50.171108] (-) TimerEvent: {}
[50.272257] (-) TimerEvent: {}
[50.373452] (-) TimerEvent: {}
[50.474719] (-) TimerEvent: {}
[50.575914] (-) TimerEvent: {}
[50.677154] (-) TimerEvent: {}
[50.778392] (-) TimerEvent: {}
[50.879567] (-) TimerEvent: {}
[50.980795] (-) TimerEvent: {}
[51.082046] (-) TimerEvent: {}
[51.183334] (-) TimerEvent: {}
[51.284689] (-) TimerEvent: {}
[51.385920] (-) TimerEvent: {}
[51.487163] (-) TimerEvent: {}
[51.588487] (-) TimerEvent: {}
[51.689775] (-) TimerEvent: {}
[51.791026] (-) TimerEvent: {}
[51.892245] (-) TimerEvent: {}
[51.993626] (-) TimerEvent: {}
[52.094947] (-) TimerEvent: {}
[52.196158] (-) TimerEvent: {}
[52.297290] (-) TimerEvent: {}
[52.398504] (-) TimerEvent: {}
[52.499623] (-) TimerEvent: {}
[52.600670] (-) TimerEvent: {}
[52.701761] (-) TimerEvent: {}
[52.802864] (-) TimerEvent: {}
[52.903977] (-) TimerEvent: {}
[53.005050] (-) TimerEvent: {}
[53.106104] (-) TimerEvent: {}
[53.207294] (-) TimerEvent: {}
[53.308545] (-) TimerEvent: {}
[53.409889] (-) TimerEvent: {}
[53.511228] (-) TimerEvent: {}
[53.612487] (-) TimerEvent: {}
[53.713884] (-) TimerEvent: {}
[53.815104] (-) TimerEvent: {}
[53.916392] (-) TimerEvent: {}
[54.017706] (-) TimerEvent: {}
[54.119001] (-) TimerEvent: {}
[54.220105] (-) TimerEvent: {}
[54.321222] (-) TimerEvent: {}
[54.422375] (-) TimerEvent: {}
[54.523569] (-) TimerEvent: {}
[54.624792] (-) TimerEvent: {}
[54.726036] (-) TimerEvent: {}
[54.827252] (-) TimerEvent: {}
[54.928392] (-) TimerEvent: {}
[55.029571] (-) TimerEvent: {}
[55.130626] (-) TimerEvent: {}
[55.231728] (-) TimerEvent: {}
[55.332851] (-) TimerEvent: {}
[55.434039] (-) TimerEvent: {}
[55.535292] (-) TimerEvent: {}
[55.636469] (-) TimerEvent: {}
[55.737667] (-) TimerEvent: {}
[55.838886] (-) TimerEvent: {}
[55.940126] (-) TimerEvent: {}
[56.041354] (-) TimerEvent: {}
[56.142611] (-) TimerEvent: {}
[56.243885] (-) TimerEvent: {}
[56.345091] (-) TimerEvent: {}
[56.446298] (-) TimerEvent: {}
[56.547541] (-) TimerEvent: {}
[56.648679] (-) TimerEvent: {}
[56.749822] (-) TimerEvent: {}
[56.851072] (-) TimerEvent: {}
[56.952360] (-) TimerEvent: {}
[57.053641] (-) TimerEvent: {}
[57.154829] (-) TimerEvent: {}
[57.256085] (-) TimerEvent: {}
[57.357494] (-) TimerEvent: {}
[57.458570] (-) TimerEvent: {}
[57.559740] (-) TimerEvent: {}
[57.661003] (-) TimerEvent: {}
[57.762244] (-) TimerEvent: {}
[57.863467] (-) TimerEvent: {}
[57.964711] (-) TimerEvent: {}
[58.065952] (-) TimerEvent: {}
[58.167186] (-) TimerEvent: {}
[58.268395] (-) TimerEvent: {}
[58.369566] (-) TimerEvent: {}
[58.471289] (-) TimerEvent: {}
[58.572493] (-) TimerEvent: {}
[58.673650] (-) TimerEvent: {}
[58.774966] (-) TimerEvent: {}
[58.876206] (-) TimerEvent: {}
[58.977439] (-) TimerEvent: {}
[59.078731] (-) TimerEvent: {}
[59.180063] (-) TimerEvent: {}
[59.281360] (-) TimerEvent: {}
[59.382635] (-) TimerEvent: {}
[59.483759] (-) TimerEvent: {}
[59.584913] (-) TimerEvent: {}
[59.686032] (-) TimerEvent: {}
[59.787157] (-) TimerEvent: {}
[59.888275] (-) TimerEvent: {}
[59.989417] (-) TimerEvent: {}
[60.090692] (-) TimerEvent: {}
[60.191873] (-) TimerEvent: {}
[60.293131] (-) TimerEvent: {}
[60.394415] (-) TimerEvent: {}
[60.495704] (-) TimerEvent: {}
[60.596979] (-) TimerEvent: {}
[60.698264] (-) TimerEvent: {}
[60.799495] (-) TimerEvent: {}
[60.900858] (-) TimerEvent: {}
[61.002301] (-) TimerEvent: {}
[61.104010] (-) TimerEvent: {}
[61.205351] (-) TimerEvent: {}
[61.306743] (-) TimerEvent: {}
[61.408287] (-) TimerEvent: {}
[61.509913] (-) TimerEvent: {}
[61.611592] (-) TimerEvent: {}
[61.713113] (-) TimerEvent: {}
[61.814542] (-) TimerEvent: {}
[61.915835] (-) TimerEvent: {}
[62.017400] (-) TimerEvent: {}
[62.118908] (-) TimerEvent: {}
[62.220424] (-) TimerEvent: {}
[62.321870] (-) TimerEvent: {}
[62.423129] (-) TimerEvent: {}
[62.524714] (-) TimerEvent: {}
[62.626176] (-) TimerEvent: {}
[62.728040] (-) TimerEvent: {}
[62.829313] (-) TimerEvent: {}
[62.930952] (-) TimerEvent: {}
[63.032548] (-) TimerEvent: {}
[63.133964] (-) TimerEvent: {}
[63.235216] (-) TimerEvent: {}
[63.336314] (-) TimerEvent: {}
[63.437728] (-) TimerEvent: {}
[63.538936] (-) TimerEvent: {}
[63.640153] (-) TimerEvent: {}
[63.741302] (-) TimerEvent: {}
[63.842351] (-) TimerEvent: {}
[63.943453] (-) TimerEvent: {}
[64.044722] (-) TimerEvent: {}
[64.145961] (-) TimerEvent: {}
[64.247103] (-) TimerEvent: {}
[64.348305] (-) TimerEvent: {}
[64.449643] (-) TimerEvent: {}
[64.550946] (-) TimerEvent: {}
[64.652331] (-) TimerEvent: {}
[64.753410] (-) TimerEvent: {}
[64.854693] (-) TimerEvent: {}
[64.955962] (-) TimerEvent: {}
[65.057352] (-) TimerEvent: {}
[65.158645] (-) TimerEvent: {}
[65.259794] (-) TimerEvent: {}
[65.360933] (-) TimerEvent: {}
[65.462094] (-) TimerEvent: {}
[65.563420] (-) TimerEvent: {}
[65.664702] (-) TimerEvent: {}
[65.765875] (-) TimerEvent: {}
[65.866954] (-) TimerEvent: {}
[65.968124] (-) TimerEvent: {}
[66.069295] (-) TimerEvent: {}
[66.170444] (-) TimerEvent: {}
[66.271568] (-) TimerEvent: {}
[66.372714] (-) TimerEvent: {}
[66.473895] (-) TimerEvent: {}
[66.575145] (-) TimerEvent: {}
[66.676281] (-) TimerEvent: {}
[66.777436] (-) TimerEvent: {}
[66.878714] (-) TimerEvent: {}
[66.979918] (-) TimerEvent: {}
[67.081130] (-) TimerEvent: {}
[67.182285] (-) TimerEvent: {}
[67.283413] (-) TimerEvent: {}
[67.384541] (-) TimerEvent: {}
[67.485708] (-) TimerEvent: {}
[67.586925] (-) TimerEvent: {}
[67.688192] (-) TimerEvent: {}
[67.789393] (-) TimerEvent: {}
[67.890663] (-) TimerEvent: {}
[67.991791] (-) TimerEvent: {}
[68.092957] (-) TimerEvent: {}
[68.194053] (-) TimerEvent: {}
[68.295182] (-) TimerEvent: {}
[68.396388] (-) TimerEvent: {}
[68.497534] (-) TimerEvent: {}
[68.598698] (-) TimerEvent: {}
[68.699961] (-) TimerEvent: {}
[68.801086] (-) TimerEvent: {}
[68.902204] (-) TimerEvent: {}
[69.003286] (-) TimerEvent: {}
[69.104346] (-) TimerEvent: {}
[69.205582] (-) TimerEvent: {}
[69.306811] (-) TimerEvent: {}
[69.408401] (-) TimerEvent: {}
[69.509929] (-) TimerEvent: {}
[69.611425] (-) TimerEvent: {}
[69.712912] (-) TimerEvent: {}
[69.814382] (-) TimerEvent: {}
[69.915882] (-) TimerEvent: {}
[70.017415] (-) TimerEvent: {}
[70.118919] (-) TimerEvent: {}
[70.220428] (-) TimerEvent: {}
[70.321872] (-) TimerEvent: {}
[70.423429] (-) TimerEvent: {}
[70.524929] (-) TimerEvent: {}
[70.626432] (-) TimerEvent: {}
[70.727955] (-) TimerEvent: {}
[70.829648] (-) TimerEvent: {}
[70.931176] (-) TimerEvent: {}
[71.032613] (-) TimerEvent: {}
[71.134078] (-) TimerEvent: {}
[71.235578] (-) TimerEvent: {}
[71.337089] (-) TimerEvent: {}
[71.438578] (-) TimerEvent: {}
[71.540264] (-) TimerEvent: {}
[71.641846] (-) TimerEvent: {}
[71.743002] (-) TimerEvent: {}
[71.844228] (-) TimerEvent: {}
[71.945454] (-) TimerEvent: {}
[72.046665] (-) TimerEvent: {}
[72.147897] (-) TimerEvent: {}
[72.249040] (-) TimerEvent: {}
[72.350277] (-) TimerEvent: {}
[72.451433] (-) TimerEvent: {}
[72.552524] (-) TimerEvent: {}
[72.653747] (-) TimerEvent: {}
[72.754858] (-) TimerEvent: {}
[72.856033] (-) TimerEvent: {}
[72.957174] (-) TimerEvent: {}
[73.058343] (-) TimerEvent: {}
[73.159520] (-) TimerEvent: {}
[73.260692] (-) TimerEvent: {}
[73.361862] (-) TimerEvent: {}
[73.462953] (-) TimerEvent: {}
[73.564142] (-) TimerEvent: {}
[73.665312] (-) TimerEvent: {}
[73.766477] (-) TimerEvent: {}
[73.867719] (-) TimerEvent: {}
[73.968764] (-) TimerEvent: {}
[74.069881] (-) TimerEvent: {}
[74.171026] (-) TimerEvent: {}
[74.272114] (-) TimerEvent: {}
[74.373275] (-) TimerEvent: {}
[74.474930] (-) TimerEvent: {}
[74.576076] (-) TimerEvent: {}
[74.677274] (-) TimerEvent: {}
[74.778476] (-) TimerEvent: {}
[74.879554] (-) TimerEvent: {}
[74.981124] (-) TimerEvent: {}
[75.082379] (-) TimerEvent: {}
[75.183580] (-) TimerEvent: {}
[75.284809] (-) TimerEvent: {}
[75.386018] (-) TimerEvent: {}
[75.487178] (-) TimerEvent: {}
[75.588372] (-) TimerEvent: {}
[75.689537] (-) TimerEvent: {}
[75.790713] (-) TimerEvent: {}
[75.891893] (-) TimerEvent: {}
[75.993028] (-) TimerEvent: {}
[76.094231] (-) TimerEvent: {}
[76.195434] (-) TimerEvent: {}
[76.296652] (-) TimerEvent: {}
[76.397890] (-) TimerEvent: {}
[76.499079] (-) TimerEvent: {}
[76.600244] (-) TimerEvent: {}
[76.701438] (-) TimerEvent: {}
[76.802533] (-) TimerEvent: {}
[76.903743] (-) TimerEvent: {}
[77.004846] (-) TimerEvent: {}
[77.105978] (-) TimerEvent: {}
[77.207166] (-) TimerEvent: {}
[77.308358] (-) TimerEvent: {}
[77.409416] (-) TimerEvent: {}
[77.510667] (-) TimerEvent: {}
[77.611857] (-) TimerEvent: {}
[77.712985] (-) TimerEvent: {}
[77.814184] (-) TimerEvent: {}
[77.915291] (-) TimerEvent: {}
[78.016532] (-) TimerEvent: {}
[78.117727] (-) TimerEvent: {}
[78.218802] (-) TimerEvent: {}
[78.320004] (-) TimerEvent: {}
[78.421284] (-) TimerEvent: {}
[78.522419] (-) TimerEvent: {}
[78.623575] (-) TimerEvent: {}
[78.724729] (-) TimerEvent: {}
[78.825920] (-) TimerEvent: {}
[78.927113] (-) TimerEvent: {}
[79.028294] (-) TimerEvent: {}
[79.129416] (-) TimerEvent: {}
[79.230578] (-) TimerEvent: {}
[79.331718] (-) TimerEvent: {}
[79.432925] (-) TimerEvent: {}
[79.534018] (-) TimerEvent: {}
[79.635182] (-) TimerEvent: {}
[79.736380] (-) TimerEvent: {}
[79.837618] (-) TimerEvent: {}
[79.938737] (-) TimerEvent: {}
[80.039880] (-) TimerEvent: {}
[80.141303] (-) TimerEvent: {}
[80.242687] (-) TimerEvent: {}
[80.343944] (-) TimerEvent: {}
[80.445171] (-) TimerEvent: {}
[80.546332] (-) TimerEvent: {}
[80.647420] (-) TimerEvent: {}
[80.748564] (-) TimerEvent: {}
[80.849692] (-) TimerEvent: {}
[80.950940] (-) TimerEvent: {}
[81.052166] (-) TimerEvent: {}
[81.153397] (-) TimerEvent: {}
[81.254592] (-) TimerEvent: {}
[81.355682] (-) TimerEvent: {}
[81.456781] (-) TimerEvent: {}
[81.558020] (-) TimerEvent: {}
[81.659171] (-) TimerEvent: {}
[81.760289] (-) TimerEvent: {}
[81.861512] (-) TimerEvent: {}
[81.962674] (-) TimerEvent: {}
[82.063823] (-) TimerEvent: {}
[82.164965] (-) TimerEvent: {}
[82.266339] (-) TimerEvent: {}
[82.367533] (-) TimerEvent: {}
[82.468652] (-) TimerEvent: {}
[82.569798] (-) TimerEvent: {}
[82.670861] (-) TimerEvent: {}
[82.771974] (-) TimerEvent: {}
[82.873172] (-) TimerEvent: {}
[82.974431] (-) TimerEvent: {}
[83.075626] (-) TimerEvent: {}
[83.176710] (-) TimerEvent: {}
[83.277898] (-) TimerEvent: {}
[83.379047] (-) TimerEvent: {}
[83.480196] (-) TimerEvent: {}
[83.581325] (-) TimerEvent: {}
[83.682442] (-) TimerEvent: {}
[83.783612] (-) TimerEvent: {}
[83.884823] (-) TimerEvent: {}
[83.986066] (-) TimerEvent: {}
[84.087270] (-) TimerEvent: {}
[84.188518] (-) TimerEvent: {}
[84.289684] (-) TimerEvent: {}
[84.390903] (-) TimerEvent: {}
[84.492089] (-) TimerEvent: {}
[84.593230] (-) TimerEvent: {}
[84.694363] (-) TimerEvent: {}
[84.795437] (-) TimerEvent: {}
[84.896572] (-) TimerEvent: {}
[84.997751] (-) TimerEvent: {}
[85.098886] (-) TimerEvent: {}
[85.200016] (-) TimerEvent: {}
[85.301131] (-) TimerEvent: {}
[85.402377] (-) TimerEvent: {}
[85.503543] (-) TimerEvent: {}
[85.604778] (-) TimerEvent: {}
[85.705968] (-) TimerEvent: {}
[85.807138] (-) TimerEvent: {}
[85.908331] (-) TimerEvent: {}
[86.009500] (-) TimerEvent: {}
[86.110611] (-) TimerEvent: {}
[86.211759] (-) TimerEvent: {}
[86.312834] (-) TimerEvent: {}
[86.414004] (-) TimerEvent: {}
[86.515217] (-) TimerEvent: {}
[86.616326] (-) TimerEvent: {}
[86.717597] (-) TimerEvent: {}
[86.818682] (-) TimerEvent: {}
[86.919769] (-) TimerEvent: {}
[87.020973] (-) TimerEvent: {}
[87.122134] (-) TimerEvent: {}
[87.223238] (-) TimerEvent: {}
[87.324398] (-) TimerEvent: {}
[87.425559] (-) TimerEvent: {}
[87.526742] (-) TimerEvent: {}
[87.627919] (-) TimerEvent: {}
[87.729054] (-) TimerEvent: {}
[87.830263] (-) TimerEvent: {}
[87.931447] (-) TimerEvent: {}
[88.032590] (-) TimerEvent: {}
[88.133819] (-) TimerEvent: {}
[88.234986] (-) TimerEvent: {}
[88.336106] (-) TimerEvent: {}
[88.437253] (-) TimerEvent: {}
[88.538355] (-) TimerEvent: {}
[88.639522] (-) TimerEvent: {}
[88.740690] (-) TimerEvent: {}
[88.841903] (-) TimerEvent: {}
[88.943130] (-) TimerEvent: {}
[89.044323] (-) TimerEvent: {}
[89.145508] (-) TimerEvent: {}
[89.246725] (-) TimerEvent: {}
[89.347927] (-) TimerEvent: {}
[89.449091] (-) TimerEvent: {}
[89.550302] (-) TimerEvent: {}
[89.651586] (-) TimerEvent: {}
[89.752765] (-) TimerEvent: {}
[89.853914] (-) TimerEvent: {}
[89.955082] (-) TimerEvent: {}
[90.056263] (-) TimerEvent: {}
[90.157460] (-) TimerEvent: {}
[90.258655] (-) TimerEvent: {}
[90.359847] (-) TimerEvent: {}
[90.461033] (-) TimerEvent: {}
[90.562135] (-) TimerEvent: {}
[90.663216] (-) TimerEvent: {}
[90.764413] (-) TimerEvent: {}
[90.865534] (-) TimerEvent: {}
[90.966741] (-) TimerEvent: {}
[91.067918] (-) TimerEvent: {}
[91.169095] (-) TimerEvent: {}
[91.270217] (-) TimerEvent: {}
[91.371327] (-) TimerEvent: {}
[91.472405] (-) TimerEvent: {}
[91.573584] (-) TimerEvent: {}
[91.674798] (-) TimerEvent: {}
[91.775970] (-) TimerEvent: {}
[91.877103] (-) TimerEvent: {}
[91.978227] (-) TimerEvent: {}
[92.079400] (-) TimerEvent: {}
[92.180584] (-) TimerEvent: {}
[92.281722] (-) TimerEvent: {}
[92.382826] (-) TimerEvent: {}
[92.483982] (-) TimerEvent: {}
[92.585151] (-) TimerEvent: {}
[92.686333] (-) TimerEvent: {}
[92.787547] (-) TimerEvent: {}
[92.888704] (-) TimerEvent: {}
[92.989920] (-) TimerEvent: {}
[93.091147] (-) TimerEvent: {}
[93.192280] (-) TimerEvent: {}
[93.293388] (-) TimerEvent: {}
[93.394603] (-) TimerEvent: {}
[93.495748] (-) TimerEvent: {}
[93.596841] (-) TimerEvent: {}
[93.698048] (-) TimerEvent: {}
[93.799502] (-) TimerEvent: {}
[93.900889] (-) TimerEvent: {}
[94.002173] (-) TimerEvent: {}
[94.103504] (-) TimerEvent: {}
[94.204845] (-) TimerEvent: {}
[94.306132] (-) TimerEvent: {}
[94.407390] (-) TimerEvent: {}
[94.508701] (-) TimerEvent: {}
[94.610010] (-) TimerEvent: {}
[94.711304] (-) TimerEvent: {}
[94.812689] (-) TimerEvent: {}
[94.913998] (-) TimerEvent: {}
[95.015437] (-) TimerEvent: {}
[95.116750] (-) TimerEvent: {}
[95.218072] (-) TimerEvent: {}
[95.319326] (-) TimerEvent: {}
[95.420674] (-) TimerEvent: {}
[95.521972] (-) TimerEvent: {}
[95.623266] (-) TimerEvent: {}
[95.724612] (-) TimerEvent: {}
[95.825897] (-) TimerEvent: {}
[95.927221] (-) TimerEvent: {}
[96.028535] (-) TimerEvent: {}
[96.129887] (-) TimerEvent: {}
[96.231148] (-) TimerEvent: {}
[96.332220] (-) TimerEvent: {}
[96.433285] (-) TimerEvent: {}
[96.534470] (-) TimerEvent: {}
[96.635901] (-) TimerEvent: {}
[96.737201] (-) TimerEvent: {}
[96.838515] (-) TimerEvent: {}
[96.939706] (-) TimerEvent: {}
[97.041020] (-) TimerEvent: {}
[97.142344] (-) TimerEvent: {}
[97.243799] (-) TimerEvent: {}
[97.345138] (-) TimerEvent: {}
[97.446418] (-) TimerEvent: {}
[97.547649] (-) TimerEvent: {}
[97.648845] (-) TimerEvent: {}
[97.750064] (-) TimerEvent: {}
[97.851269] (-) TimerEvent: {}
[97.952481] (-) TimerEvent: {}
[98.053650] (-) TimerEvent: {}
[98.154877] (-) TimerEvent: {}
[98.256046] (-) TimerEvent: {}
[98.357282] (-) TimerEvent: {}
[98.458485] (-) TimerEvent: {}
[98.559701] (-) TimerEvent: {}
[98.660971] (-) TimerEvent: {}
[98.762560] (-) TimerEvent: {}
[98.863845] (-) TimerEvent: {}
[98.965059] (-) TimerEvent: {}
[99.066266] (-) TimerEvent: {}
[99.167541] (-) TimerEvent: {}
[99.268789] (-) TimerEvent: {}
[99.369939] (-) TimerEvent: {}
[99.471144] (-) TimerEvent: {}
[99.572282] (-) TimerEvent: {}
[99.673403] (-) TimerEvent: {}
[99.774700] (-) TimerEvent: {}
[99.875865] (-) TimerEvent: {}
[99.977042] (-) TimerEvent: {}
[100.078218] (-) TimerEvent: {}
[100.179335] (-) TimerEvent: {}
[100.280450] (-) TimerEvent: {}
[100.381578] (-) TimerEvent: {}
[100.482690] (-) TimerEvent: {}
[100.583839] (-) TimerEvent: {}
[100.684979] (-) TimerEvent: {}
[100.786121] (-) TimerEvent: {}
[100.887466] (-) TimerEvent: {}
[100.988564] (-) TimerEvent: {}
[101.089643] (-) TimerEvent: {}
[101.190908] (-) TimerEvent: {}
[101.292466] (-) TimerEvent: {}
[101.316558] (pwm_pca9685) StdoutLine: {'line': b'[ 75%] \x1b[32m\x1b[1mLinking CXX executable pca9685_node\x1b[0m\n'}
[101.392778] (-) TimerEvent: {}
[101.494082] (-) TimerEvent: {}
[101.595288] (-) TimerEvent: {}
[101.696535] (-) TimerEvent: {}
[101.797796] (-) TimerEvent: {}
[101.899097] (-) TimerEvent: {}
[102.000592] (-) TimerEvent: {}
[102.101943] (-) TimerEvent: {}
[102.203346] (-) TimerEvent: {}
[102.304540] (-) TimerEvent: {}
[102.405657] (-) TimerEvent: {}
[102.506805] (-) TimerEvent: {}
[102.607948] (-) TimerEvent: {}
[102.709068] (-) TimerEvent: {}
[102.810206] (-) TimerEvent: {}
[102.911362] (-) TimerEvent: {}
[103.012513] (-) TimerEvent: {}
[103.113631] (-) TimerEvent: {}
[103.214810] (-) TimerEvent: {}
[103.315937] (-) TimerEvent: {}
[103.417083] (-) TimerEvent: {}
[103.518147] (-) TimerEvent: {}
[103.619205] (-) TimerEvent: {}
[103.720454] (-) TimerEvent: {}
[103.821694] (-) TimerEvent: {}
[103.922797] (-) TimerEvent: {}
[104.023949] (-) TimerEvent: {}
[104.125143] (-) TimerEvent: {}
[104.226406] (-) TimerEvent: {}
[104.250523] (pwm_pca9685) StdoutLine: {'line': b'[ 75%] Built target pca9685_node\n'}
[104.326673] (-) TimerEvent: {}
[104.427861] (-) TimerEvent: {}
[104.529051] (-) TimerEvent: {}
[104.630103] (-) TimerEvent: {}
[104.731118] (-) TimerEvent: {}
[104.832191] (-) TimerEvent: {}
[104.933285] (-) TimerEvent: {}
[105.034411] (-) TimerEvent: {}
[105.135681] (-) TimerEvent: {}
[105.237055] (-) TimerEvent: {}
[105.338287] (-) TimerEvent: {}
[105.439518] (-) TimerEvent: {}
[105.459432] (pwm_pca9685) StdoutLine: {'line': b'[100%] \x1b[32m\x1b[1mLinking CXX executable mixer_node\x1b[0m\n'}
[105.539846] (-) TimerEvent: {}
[105.641423] (-) TimerEvent: {}
[105.742747] (-) TimerEvent: {}
[105.843933] (-) TimerEvent: {}
[105.945167] (-) TimerEvent: {}
[106.046671] (-) TimerEvent: {}
[106.148116] (-) TimerEvent: {}
[106.249348] (-) TimerEvent: {}
[106.350376] (-) TimerEvent: {}
[106.451437] (-) TimerEvent: {}
[106.552501] (-) TimerEvent: {}
[106.653550] (-) TimerEvent: {}
[106.754612] (-) TimerEvent: {}
[106.855681] (-) TimerEvent: {}
[106.956701] (-) TimerEvent: {}
[107.057782] (-) TimerEvent: {}
[107.158793] (-) TimerEvent: {}
[107.259846] (-) TimerEvent: {}
[107.360905] (-) TimerEvent: {}
[107.461930] (-) TimerEvent: {}
[107.563127] (-) TimerEvent: {}
[107.664314] (-) TimerEvent: {}
[107.765350] (-) TimerEvent: {}
[107.866382] (-) TimerEvent: {}
[107.967408] (-) TimerEvent: {}
[108.060711] (pwm_pca9685) StdoutLine: {'line': b'[100%] Built target mixer_node\n'}
[108.067555] (-) TimerEvent: {}
[108.168780] (-) TimerEvent: {}
[108.189634] (pwm_pca9685) CommandEnded: {'returncode': 0}
[108.197679] (pwm_pca9685) JobProgress: {'identifier': 'pwm_pca9685', 'progress': 'install'}
[108.269073] (-) TimerEvent: {}
[108.313617] (pwm_pca9685) Command: {'cmd': ['/usr/bin/cmake', '--install', '/root/pwm/build/pwm_pca9685'], 'cwd': '/root/pwm/build/pwm_pca9685', 'env': OrderedDict([('CMAKE_PREFIX_PATH', '/root/ros2_ws_neu/install/mybot:/root/ros2_ws_neu/install/mybot_interfaces:/opt/ros/humble'), ('COLCON', '1'), ('PYTHONPATH', '/root/ros2_ws_neu/install/mybot_interfaces/local/lib/python3.10/dist-packages:/opt/ros/humble/lib/python3.10/site-packages:/opt/ros/humble/local/lib/python3.10/dist-packages'), ('LC_ALL', 'en_US.UTF-8'), ('PWD', '/root/pwm/build/pwm_pca9685'), ('DEBIAN_FRONTEND', 'noninteractive'), ('AMENT_PREFIX_PATH', '/root/ros2_ws_neu/install/mybot:/root/ros2_ws_neu/install/mybot_interfaces:/opt/ros/humble'), ('LANG', 'en_US.UTF-8'), ('PATH', '/opt/ros/humble/bin:/usr/local/sbin:/usr/local/bin:/usr/sbin:/usr/bin:/sbin:/bin'), ('ROS_LOCALHOST_ONLY', '0'), ('TERM', 'xterm'), ('ROS_VERSION', '2'), ('_', '/usr/bin/colcon'), ('ROS_DISTRO', 'humble'), ('COLCON_PREFIX_PATH', '/root/ros2_ws_neu/install'), ('ROS_PYTHON_VERSION', '3'), ('OLDPWD', '/root'), ('HOME', '/root'), ('LD_LIBRARY_PATH', '/root/ros2_ws_neu/install/mybot_interfaces/lib:/opt/ros/humble/lib/aarch64-linux-gnu:/opt/ros/humble/lib'), ('SHLVL', '1'), ('HOSTNAME', '05d0bcf9ced5')]), 'shell': False}
[108.369412] (-) TimerEvent: {}
[108.446646] (pwm_pca9685) StdoutLine: {'line': b'-- Install configuration: ""\n'}
[108.451950] (pwm_pca9685) StdoutLine: {'line': b'-- Installing: /root/pwm/install/pwm_pca9685/lib/pwm_pca9685/pca9685_node\n'}
[108.464559] (pwm_pca9685) StdoutLine: {'line': b'-- Set runtime path of "/root/pwm/install/pwm_pca9685/lib/pwm_pca9685/pca9685_node" to ""\n'}
[108.465944] (pwm_pca9685) StdoutLine: {'line': b'-- Installing: /root/pwm/install/pwm_pca9685/lib/pwm_pca9685/mixer_node\n'}
[108.469563] (-) TimerEvent: {}
[108.471018] (pwm_pca9685) StdoutLine: {'line': b'-- Set runtime path of "/root/pwm/install/pwm_pca9685/lib/pwm_pca9685/mixer_node" to ""\n'}
[108.471890] (pwm_pca9685) StdoutLine: {'line': b'-- Installing: /root/pwm/install/pwm_pca9685/share/pwm_pca9685/config\n'}
[108.472758] (pwm_pca9685) StdoutLine: {'line': b'-- Installing: /root/pwm/install/pwm_pca9685/share/pwm_pca9685/config/pwm_diff_drive.config.yaml\n'}
[108.473759] (pwm_pca9685) StdoutLine: {'line': b'-- Installing: /root/pwm/install/pwm_pca9685/share/pwm_pca9685/config/esc_diff_drive.config.yaml\n'}
[108.475000] (pwm_pca9685) StdoutLine: {'line': b'-- Installing: /root/pwm/install/pwm_pca9685/share/pwm_pca9685/launch\n'}
[108.475802] (pwm_pca9685) StdoutLine: {'line': b'-- Installing: /root/pwm/install/pwm_pca9685/share/pwm_pca9685/launch/esc_diff_drive.launch.py\n'}
[108.476632] (pwm_pca9685) StdoutLine: {'line': b'-- Installing: /root/pwm/install/pwm_pca9685/share/ament_index/resource_index/package_run_dependencies/pwm_pca9685\n'}
[108.478057] (pwm_pca9685) StdoutLine: {'line': b'-- Installing: /root/pwm/install/pwm_pca9685/share/ament_index/resource_index/parent_prefix_path/pwm_pca9685\n'}
[108.479066] (pwm_pca9685) StdoutLine: {'line': b'-- Installing: /root/pwm/install/pwm_pca9685/share/pwm_pca9685/environment/ament_prefix_path.sh\n'}
[108.479739] (pwm_pca9685) StdoutLine: {'line': b'-- Installing: /root/pwm/install/pwm_pca9685/share/pwm_pca9685/environment/ament_prefix_path.dsv\n'}
[108.480670] (pwm_pca9685) StdoutLine: {'line': b'-- Installing: /root/pwm/install/pwm_pca9685/share/pwm_pca9685/environment/path.sh\n'}
[108.481440] (pwm_pca9685) StdoutLine: {'line': b'-- Installing: /root/pwm/install/pwm_pca9685/share/pwm_pca9685/environment/path.dsv\n'}
[108.481992] (pwm_pca9685) StdoutLine: {'line': b'-- Installing: /root/pwm/install/pwm_pca9685/share/pwm_pca9685/local_setup.bash\n'}
[108.482528] (pwm_pca9685) StdoutLine: {'line': b'-- Installing: /root/pwm/install/pwm_pca9685/share/pwm_pca9685/local_setup.sh\n'}
[108.483061] (pwm_pca9685) StdoutLine: {'line': b'-- Installing: /root/pwm/install/pwm_pca9685/share/pwm_pca9685/local_setup.zsh\n'}
[108.483593] (pwm_pca9685) StdoutLine: {'line': b'-- Installing: /root/pwm/install/pwm_pca9685/share/pwm_pca9685/local_setup.dsv\n'}
[108.484183] (pwm_pca9685) StdoutLine: {'line': b'-- Installing: /root/pwm/install/pwm_pca9685/share/pwm_pca9685/package.dsv\n'}
[108.484720] (pwm_pca9685) StdoutLine: {'line': b'-- Installing: /root/pwm/install/pwm_pca9685/share/ament_index/resource_index/packages/pwm_pca9685\n'}
[108.485273] (pwm_pca9685) StdoutLine: {'line': b'-- Installing: /root/pwm/install/pwm_pca9685/share/pwm_pca9685/cmake/pwm_pca9685Config.cmake\n'}
[108.485807] (pwm_pca9685) StdoutLine: {'line': b'-- Installing: /root/pwm/install/pwm_pca9685/share/pwm_pca9685/cmake/pwm_pca9685Config-version.cmake\n'}
[108.486336] (pwm_pca9685) StdoutLine: {'line': b'-- Installing: /root/pwm/install/pwm_pca9685/share/pwm_pca9685/package.xml\n'}
[108.498900] (pwm_pca9685) CommandEnded: {'returncode': 0}
[108.575679] (-) TimerEvent: {}
[108.654098] (pwm_pca9685) JobEnded: {'identifier': 'pwm_pca9685', 'rc': 0}
[108.657122] (-) EventReactorShutdown: {}
