[0.885s] DEBUG:colcon:Command line arguments: ['/usr/bin/colcon', 'build', '--cmake-clean-cache']
[0.888s] DEBUG:colcon:Parsed command line arguments: Namespace(log_base=None, log_level=None, verb_name='build', build_base='build', install_base='install', merge_install=False, symlink_install=False, test_result_base=None, continue_on_error=False, executor='parallel', parallel_workers=8, event_handlers=None, ignore_user_meta=False, metas=['./colcon.meta'], base_paths=['.'], packages_ignore=None, packages_ignore_regex=None, paths=None, packages_up_to=None, packages_up_to_regex=None, packages_above=None, packages_above_and_dependencies=None, packages_above_depth=None, packages_select_by_dep=None, packages_skip_by_dep=None, packages_skip_up_to=None, packages_select_build_failed=False, packages_skip_build_finished=False, packages_select_test_failures=False, packages_skip_test_passed=False, packages_select=None, packages_skip=None, packages_select_regex=None, packages_skip_regex=None, packages_start=None, packages_end=None, allow_overriding=[], cmake_args=None, cmake_target=None, cmake_target_skip_unavailable=False, cmake_clean_cache=True, cmake_clean_first=False, cmake_force_configure=False, ament_cmake_args=None, catkin_cmake_args=None, catkin_skip_building_tests=False, mixin_files=None, mixin=None, verb_parser=<colcon_mixin.mixin.mixin_argument.MixinArgumentDecorator object at 0x55047634c0>, verb_extension=<colcon_core.verb.build.BuildVerb object at 0x5504762f50>, main=<bound method BuildVerb.main of <colcon_core.verb.build.BuildVerb object at 0x5504762f50>>, mixin_verb=('build',))
[1.915s] Level 1:colcon.colcon_core.package_discovery:discover_packages(colcon_meta) check parameters
[1.916s] Level 1:colcon.colcon_core.package_discovery:discover_packages(recursive) check parameters
[1.916s] Level 1:colcon.colcon_core.package_discovery:discover_packages(ignore) check parameters
[1.916s] Level 1:colcon.colcon_core.package_discovery:discover_packages(path) check parameters
[1.916s] Level 1:colcon.colcon_core.package_discovery:discover_packages(colcon_meta) discover
[1.917s] Level 1:colcon.colcon_core.package_discovery:discover_packages(recursive) discover
[1.917s] INFO:colcon.colcon_core.package_discovery:Crawling recursively for packages in '/root/pwm'
[1.919s] Level 1:colcon.colcon_core.package_identification:_identify(.) by extensions ['ignore', 'ignore_ament_install']
[1.920s] Level 1:colcon.colcon_core.package_identification:_identify(.) by extension 'ignore'
[1.921s] Level 1:colcon.colcon_core.package_identification:_identify(.) by extension 'ignore_ament_install'
[1.921s] Level 1:colcon.colcon_core.package_identification:_identify(.) by extensions ['colcon_pkg']
[1.921s] Level 1:colcon.colcon_core.package_identification:_identify(.) by extension 'colcon_pkg'
[1.922s] Level 1:colcon.colcon_core.package_identification:_identify(.) by extensions ['colcon_meta']
[1.922s] Level 1:colcon.colcon_core.package_identification:_identify(.) by extension 'colcon_meta'
[1.922s] Level 1:colcon.colcon_core.package_identification:_identify(.) by extensions ['ros']
[1.922s] Level 1:colcon.colcon_core.package_identification:_identify(.) by extension 'ros'
[1.996s] Level 1:colcon.colcon_core.package_identification:_identify(.) by extensions ['cmake', 'python']
[1.996s] Level 1:colcon.colcon_core.package_identification:_identify(.) by extension 'cmake'
[1.997s] Level 1:colcon.colcon_core.package_identification:_identify(.) by extension 'python'
[1.997s] Level 1:colcon.colcon_core.package_identification:_identify(.) by extensions ['python_setup_py']
[1.997s] Level 1:colcon.colcon_core.package_identification:_identify(.) by extension 'python_setup_py'
[1.998s] Level 1:colcon.colcon_core.package_identification:_identify(build) by extensions ['ignore', 'ignore_ament_install']
[1.999s] Level 1:colcon.colcon_core.package_identification:_identify(build) by extension 'ignore'
[1.999s] Level 1:colcon.colcon_core.package_identification:_identify(build) ignored
[2.000s] Level 1:colcon.colcon_core.package_identification:_identify(install) by extensions ['ignore', 'ignore_ament_install']
[2.001s] Level 1:colcon.colcon_core.package_identification:_identify(install) by extension 'ignore'
[2.001s] Level 1:colcon.colcon_core.package_identification:_identify(install) ignored
[2.002s] Level 1:colcon.colcon_core.package_identification:_identify(log) by extensions ['ignore', 'ignore_ament_install']
[2.003s] Level 1:colcon.colcon_core.package_identification:_identify(log) by extension 'ignore'
[2.003s] Level 1:colcon.colcon_core.package_identification:_identify(log) ignored
[2.004s] Level 1:colcon.colcon_core.package_identification:_identify(pwm_pca9685) by extensions ['ignore', 'ignore_ament_install']
[2.004s] Level 1:colcon.colcon_core.package_identification:_identify(pwm_pca9685) by extension 'ignore'
[2.005s] Level 1:colcon.colcon_core.package_identification:_identify(pwm_pca9685) by extension 'ignore_ament_install'
[2.005s] Level 1:colcon.colcon_core.package_identification:_identify(pwm_pca9685) by extensions ['colcon_pkg']
[2.005s] Level 1:colcon.colcon_core.package_identification:_identify(pwm_pca9685) by extension 'colcon_pkg'
[2.006s] Level 1:colcon.colcon_core.package_identification:_identify(pwm_pca9685) by extensions ['colcon_meta']
[2.006s] Level 1:colcon.colcon_core.package_identification:_identify(pwm_pca9685) by extension 'colcon_meta'
[2.006s] Level 1:colcon.colcon_core.package_identification:_identify(pwm_pca9685) by extensions ['ros']
[2.007s] Level 1:colcon.colcon_core.package_identification:_identify(pwm_pca9685) by extension 'ros'
[2.032s] DEBUG:colcon.colcon_core.package_identification:Package 'pwm_pca9685' with type 'ros.ament_cmake' and name 'pwm_pca9685'
[2.032s] Level 1:colcon.colcon_core.package_discovery:discover_packages(recursive) using defaults
[2.033s] Level 1:colcon.colcon_core.package_discovery:discover_packages(ignore) discover
[2.033s] Level 1:colcon.colcon_core.package_discovery:discover_packages(ignore) using defaults
[2.033s] Level 1:colcon.colcon_core.package_discovery:discover_packages(path) discover
[2.033s] Level 1:colcon.colcon_core.package_discovery:discover_packages(path) using defaults
[2.170s] Level 1:colcon.colcon_core.package_discovery:discover_packages(prefix_path) check parameters
[2.170s] Level 1:colcon.colcon_core.package_discovery:discover_packages(prefix_path) discover
[2.182s] DEBUG:colcon.colcon_installed_package_information.package_discovery:Found 2 installed packages in /root/ros2_ws_neu/install
[2.188s] DEBUG:colcon.colcon_installed_package_information.package_discovery:Found 180 installed packages in /opt/ros/humble
[2.197s] Level 1:colcon.colcon_core.package_discovery:discover_packages(prefix_path) using defaults
[2.398s] Level 5:colcon.colcon_core.verb:set package 'pwm_pca9685' build argument 'cmake_args' from command line to 'None'
[2.398s] Level 5:colcon.colcon_core.verb:set package 'pwm_pca9685' build argument 'cmake_target' from command line to 'None'
[2.399s] Level 5:colcon.colcon_core.verb:set package 'pwm_pca9685' build argument 'cmake_target_skip_unavailable' from command line to 'False'
[2.399s] Level 5:colcon.colcon_core.verb:set package 'pwm_pca9685' build argument 'cmake_clean_cache' from command line to 'True'
[2.399s] Level 5:colcon.colcon_core.verb:set package 'pwm_pca9685' build argument 'cmake_clean_first' from command line to 'False'
[2.399s] Level 5:colcon.colcon_core.verb:set package 'pwm_pca9685' build argument 'cmake_force_configure' from command line to 'False'
[2.399s] Level 5:colcon.colcon_core.verb:set package 'pwm_pca9685' build argument 'ament_cmake_args' from command line to 'None'
[2.400s] Level 5:colcon.colcon_core.verb:set package 'pwm_pca9685' build argument 'catkin_cmake_args' from command line to 'None'
[2.400s] Level 5:colcon.colcon_core.verb:set package 'pwm_pca9685' build argument 'catkin_skip_building_tests' from command line to 'False'
[2.400s] DEBUG:colcon.colcon_core.verb:Building package 'pwm_pca9685' with the following arguments: {'ament_cmake_args': None, 'build_base': '/root/pwm/build/pwm_pca9685', 'catkin_cmake_args': None, 'catkin_skip_building_tests': False, 'cmake_args': None, 'cmake_clean_cache': True, 'cmake_clean_first': False, 'cmake_force_configure': False, 'cmake_target': None, 'cmake_target_skip_unavailable': False, 'install_base': '/root/pwm/install/pwm_pca9685', 'merge_install': False, 'path': '/root/pwm/pwm_pca9685', 'symlink_install': False, 'test_result_base': None}
[2.402s] INFO:colcon.colcon_core.executor:Executing jobs using 'parallel' executor
[2.421s] DEBUG:colcon.colcon_parallel_executor.executor.parallel:run_until_complete
[2.425s] INFO:colcon.colcon_ros.task.ament_cmake.build:Building ROS package in '/root/pwm/pwm_pca9685' with build type 'ament_cmake'
[2.425s] INFO:colcon.colcon_cmake.task.cmake.build:Building CMake package in '/root/pwm/pwm_pca9685'
[2.442s] INFO:colcon.colcon_core.plugin_system:Skipping extension 'colcon_core.shell.bat': Not used on non-Windows systems
[2.444s] INFO:colcon.colcon_core.shell:Skip shell extension 'powershell' for command environment: Not usable outside of PowerShell
[2.444s] DEBUG:colcon.colcon_core.shell:Skip shell extension 'dsv' for command environment
[2.533s] DEBUG:colcon.colcon_core.event_handler.log_command:Invoking command in '/root/pwm/build/pwm_pca9685': CMAKE_PREFIX_PATH=${CMAKE_PREFIX_PATH}:/opt/ros/humble /usr/bin/cmake /root/pwm/pwm_pca9685 -DCMAKE_INSTALL_PREFIX=/root/pwm/install/pwm_pca9685
[16.677s] DEBUG:colcon.colcon_core.event_handler.log_command:Invoked command in '/root/pwm/build/pwm_pca9685' returned '0': CMAKE_PREFIX_PATH=${CMAKE_PREFIX_PATH}:/opt/ros/humble /usr/bin/cmake /root/pwm/pwm_pca9685 -DCMAKE_INSTALL_PREFIX=/root/pwm/install/pwm_pca9685
[16.688s] DEBUG:colcon.colcon_core.event_handler.log_command:Invoking command in '/root/pwm/build/pwm_pca9685': CMAKE_PREFIX_PATH=${CMAKE_PREFIX_PATH}:/opt/ros/humble /usr/bin/cmake --build /root/pwm/build/pwm_pca9685 -- -j8 -l8
[110.605s] DEBUG:colcon.colcon_core.event_handler.log_command:Invoked command in '/root/pwm/build/pwm_pca9685' returned '0': CMAKE_PREFIX_PATH=${CMAKE_PREFIX_PATH}:/opt/ros/humble /usr/bin/cmake --build /root/pwm/build/pwm_pca9685 -- -j8 -l8
[110.729s] DEBUG:colcon.colcon_core.event_handler.log_command:Invoking command in '/root/pwm/build/pwm_pca9685': CMAKE_PREFIX_PATH=${CMAKE_PREFIX_PATH}:/opt/ros/humble /usr/bin/cmake --install /root/pwm/build/pwm_pca9685
[110.911s] Level 1:colcon.colcon_core.environment:create_environment_scripts_only(pwm_pca9685)
[110.914s] DEBUG:colcon.colcon_core.event_handler.log_command:Invoked command in '/root/pwm/build/pwm_pca9685' returned '0': CMAKE_PREFIX_PATH=${CMAKE_PREFIX_PATH}:/opt/ros/humble /usr/bin/cmake --install /root/pwm/build/pwm_pca9685
[110.929s] Level 1:colcon.colcon_core.environment:checking '/root/pwm/install/pwm_pca9685' for CMake module files
[110.964s] Level 1:colcon.colcon_core.environment:checking '/root/pwm/install/pwm_pca9685' for CMake config files
[110.965s] Level 1:colcon.colcon_core.shell:create_environment_hook('pwm_pca9685', 'cmake_prefix_path')
[110.967s] INFO:colcon.colcon_core.shell:Creating environment hook '/root/pwm/install/pwm_pca9685/share/pwm_pca9685/hook/cmake_prefix_path.ps1'
[110.972s] INFO:colcon.colcon_core.shell:Creating environment descriptor '/root/pwm/install/pwm_pca9685/share/pwm_pca9685/hook/cmake_prefix_path.dsv'
[110.975s] INFO:colcon.colcon_core.shell:Creating environment hook '/root/pwm/install/pwm_pca9685/share/pwm_pca9685/hook/cmake_prefix_path.sh'
[110.982s] Level 1:colcon.colcon_core.environment:checking '/root/pwm/install/pwm_pca9685/lib'
[110.983s] Level 1:colcon.colcon_core.environment:checking '/root/pwm/install/pwm_pca9685/bin'
[110.983s] Level 1:colcon.colcon_core.environment:checking '/root/pwm/install/pwm_pca9685/lib/pkgconfig/pwm_pca9685.pc'
[110.985s] Level 1:colcon.colcon_core.environment:checking '/root/pwm/install/pwm_pca9685/lib/python3.10/site-packages'
[110.986s] Level 1:colcon.colcon_core.environment:checking '/root/pwm/install/pwm_pca9685/bin'
[110.989s] INFO:colcon.colcon_core.shell:Creating package script '/root/pwm/install/pwm_pca9685/share/pwm_pca9685/package.ps1'
[110.997s] INFO:colcon.colcon_core.shell:Creating package descriptor '/root/pwm/install/pwm_pca9685/share/pwm_pca9685/package.dsv'
[111.001s] INFO:colcon.colcon_core.shell:Creating package script '/root/pwm/install/pwm_pca9685/share/pwm_pca9685/package.sh'
[111.007s] INFO:colcon.colcon_core.shell:Creating package script '/root/pwm/install/pwm_pca9685/share/pwm_pca9685/package.bash'
[111.013s] INFO:colcon.colcon_core.shell:Creating package script '/root/pwm/install/pwm_pca9685/share/pwm_pca9685/package.zsh'
[111.018s] Level 1:colcon.colcon_core.environment:create_file_with_runtime_dependencies(/root/pwm/install/pwm_pca9685/share/colcon-core/packages/pwm_pca9685)
[111.022s] Level 1:colcon.colcon_core.environment:create_environment_scripts_only(pwm_pca9685)
[111.024s] Level 1:colcon.colcon_core.environment:checking '/root/pwm/install/pwm_pca9685' for CMake module files
[111.028s] Level 1:colcon.colcon_core.environment:checking '/root/pwm/install/pwm_pca9685' for CMake config files
[111.029s] Level 1:colcon.colcon_core.shell:create_environment_hook('pwm_pca9685', 'cmake_prefix_path')
[111.031s] INFO:colcon.colcon_core.shell:Creating environment hook '/root/pwm/install/pwm_pca9685/share/pwm_pca9685/hook/cmake_prefix_path.ps1'
[111.034s] INFO:colcon.colcon_core.shell:Creating environment descriptor '/root/pwm/install/pwm_pca9685/share/pwm_pca9685/hook/cmake_prefix_path.dsv'
[111.036s] INFO:colcon.colcon_core.shell:Creating environment hook '/root/pwm/install/pwm_pca9685/share/pwm_pca9685/hook/cmake_prefix_path.sh'
[111.041s] Level 1:colcon.colcon_core.environment:checking '/root/pwm/install/pwm_pca9685/lib'
[111.042s] Level 1:colcon.colcon_core.environment:checking '/root/pwm/install/pwm_pca9685/bin'
[111.042s] Level 1:colcon.colcon_core.environment:checking '/root/pwm/install/pwm_pca9685/lib/pkgconfig/pwm_pca9685.pc'
[111.043s] Level 1:colcon.colcon_core.environment:checking '/root/pwm/install/pwm_pca9685/lib/python3.10/site-packages'
[111.045s] Level 1:colcon.colcon_core.environment:checking '/root/pwm/install/pwm_pca9685/bin'
[111.047s] INFO:colcon.colcon_core.shell:Creating package script '/root/pwm/install/pwm_pca9685/share/pwm_pca9685/package.ps1'
[111.051s] INFO:colcon.colcon_core.shell:Creating package descriptor '/root/pwm/install/pwm_pca9685/share/pwm_pca9685/package.dsv'
[111.055s] INFO:colcon.colcon_core.shell:Creating package script '/root/pwm/install/pwm_pca9685/share/pwm_pca9685/package.sh'
[111.058s] INFO:colcon.colcon_core.shell:Creating package script '/root/pwm/install/pwm_pca9685/share/pwm_pca9685/package.bash'
[111.061s] INFO:colcon.colcon_core.shell:Creating package script '/root/pwm/install/pwm_pca9685/share/pwm_pca9685/package.zsh'
[111.064s] Level 1:colcon.colcon_core.environment:create_file_with_runtime_dependencies(/root/pwm/install/pwm_pca9685/share/colcon-core/packages/pwm_pca9685)
[111.066s] DEBUG:colcon.colcon_parallel_executor.executor.parallel:closing loop
[111.067s] DEBUG:colcon.colcon_parallel_executor.executor.parallel:loop closed
[111.067s] DEBUG:colcon.colcon_parallel_executor.executor.parallel:run_until_complete finished with '0'
[111.067s] DEBUG:colcon.colcon_core.event_reactor:joining thread
[111.102s] INFO:colcon.colcon_core.plugin_system:Skipping extension 'colcon_notification.desktop_notification.notify_send': Could not find 'notify-send'
[111.103s] INFO:colcon.colcon_core.plugin_system:Skipping extension 'colcon_notification.desktop_notification.terminal_notifier': Not used on non-Darwin systems
[111.103s] INFO:colcon.colcon_core.plugin_system:Skipping extension 'colcon_notification.desktop_notification.win32': Not used on non-Windows systems
[111.104s] INFO:colcon.colcon_notification.desktop_notification:Sending desktop notification using 'notify2'
[111.107s] DEBUG:colcon.colcon_notification.desktop_notification.notify2:Failed to initialize notify2: org.freedesktop.DBus.Error.NotSupported: Unable to autolaunch a dbus-daemon without a $DISPLAY for X11
[111.108s] DEBUG:colcon.colcon_core.event_reactor:joined thread
[111.109s] INFO:colcon.colcon_core.shell:Creating prefix script '/root/pwm/install/local_setup.ps1'
[111.117s] INFO:colcon.colcon_core.shell:Creating prefix util module '/root/pwm/install/_local_setup_util_ps1.py'
[111.129s] INFO:colcon.colcon_core.shell:Creating prefix chain script '/root/pwm/install/setup.ps1'
[111.136s] INFO:colcon.colcon_core.shell:Creating prefix script '/root/pwm/install/local_setup.sh'
[111.141s] INFO:colcon.colcon_core.shell:Creating prefix util module '/root/pwm/install/_local_setup_util_sh.py'
[111.145s] INFO:colcon.colcon_core.shell:Creating prefix chain script '/root/pwm/install/setup.sh'
[111.153s] INFO:colcon.colcon_core.shell:Creating prefix script '/root/pwm/install/local_setup.bash'
[111.156s] INFO:colcon.colcon_core.shell:Creating prefix chain script '/root/pwm/install/setup.bash'
[111.164s] INFO:colcon.colcon_core.shell:Creating prefix script '/root/pwm/install/local_setup.zsh'
[111.167s] INFO:colcon.colcon_core.shell:Creating prefix chain script '/root/pwm/install/setup.zsh'
