-- Found ament_cmake: 1.3.11 (/opt/ros/humble/share/ament_cmake/cmake)
-- Found rclcpp: 16.0.11 (/opt/ros/humble/share/rclcpp/cmake)
-- Found rosidl_generator_c: 3.1.6 (/opt/ros/humble/share/rosidl_generator_c/cmake)
-- Found rosidl_adapter: 3.1.6 (/opt/ros/humble/share/rosidl_adapter/cmake)
-- Found rosidl_generator_cpp: 3.1.6 (/opt/ros/humble/share/rosidl_generator_cpp/cmake)
-- Using all available rosidl_typesupport_c: rosidl_typesupport_fastrtps_c;rosidl_typesupport_introspection_c
-- Using all available rosidl_typesupport_cpp: rosidl_typesupport_fastrtps_cpp;rosidl_typesupport_introspection_cpp
-- Found rmw_implementation_cmake: 6.1.2 (/opt/ros/humble/share/rmw_implementation_cmake/cmake)
-- Found rmw_fastrtps_cpp: 6.2.7 (/opt/ros/humble/share/rmw_fastrtps_cpp/cmake)
-- Using RMW implementation 'rmw_fastrtps_cpp' as default
-- Found tf2_ros: 0.25.9 (/opt/ros/humble/share/tf2_ros/cmake)
-- Found tf2_geometry_msgs: 0.25.9 (/opt/ros/humble/share/tf2_geometry_msgs/cmake)
-- Found eigen3_cmake_module: 0.1.1 (/opt/ros/humble/share/eigen3_cmake_module/cmake)
-- Ensuring Eigen3 include directory is part of orocos-kdl CMake target
-- Found rosidl_default_generators: 1.2.0 (/opt/ros/humble/share/rosidl_default_generators/cmake)
-- Found mybot_interfaces: 0.0.0 (/root/ros2_ws/install/mybot_interfaces/share/mybot_interfaces/cmake)
-- Found urdf: 2.6.1 (/opt/ros/humble/share/urdf/cmake)
-- Found message: 0.0.0 (/root/ros2_ws/install/message/share/message/cmake)
-- Configuring done
-- Generating done
-- Build files have been written to: /root/ros2_ws/build/mybot
[ 16%] [32mBuilding CXX object CMakeFiles/motor_node.dir/src/motor_node.cpp.o[0m
[ 33%] [32mBuilding CXX object CMakeFiles/face_tracking_node.dir/src/face_tracking_node.cpp.o[0m
[ 50%] [32mBuilding CXX object CMakeFiles/joint_state_publisher_node.dir/src/joint_state_publisher_node.cpp.o[0m
[ 66%] [32m[1mLinking CXX executable joint_state_publisher_node[0m
[ 66%] Built target joint_state_publisher_node
[ 83%] [32m[1mLinking CXX executable motor_node[0m
[ 83%] Built target motor_node
[100%] [32m[1mLinking CXX executable face_tracking_node[0m
[100%] Built target face_tracking_node
-- Install configuration: ""
-- Installing: /root/ros2_ws/install/mybot/lib/mybot/face_tracking_node
-- Set runtime path of "/root/ros2_ws/install/mybot/lib/mybot/face_tracking_node" to ""
-- Installing: /root/ros2_ws/install/mybot/lib/mybot/motor_node
-- Set runtime path of "/root/ros2_ws/install/mybot/lib/mybot/motor_node" to ""
-- Installing: /root/ros2_ws/install/mybot/lib/mybot/joint_state_publisher_node
-- Set runtime path of "/root/ros2_ws/install/mybot/lib/mybot/joint_state_publisher_node" to ""
-- Installing: /root/ros2_ws/install/mybot/share/mybot/urdf
-- Installing: /root/ros2_ws/install/mybot/share/mybot/urdf/motor.urdf
-- Installing: /root/ros2_ws/install/mybot/share/mybot/urdf/mybot.urdf
-- Installing: /root/ros2_ws/install/mybot/share/mybot/launch
-- Installing: /root/ros2_ws/install/mybot/share/mybot/launch/mybot_launch.py
-- Installing: /root/ros2_ws/install/mybot/share/mybot/rviz
-- Installing: /root/ros2_ws/install/mybot/share/mybot/rviz/rviz.rviz
-- Installing: /root/ros2_ws/install/mybot/share/ament_index/resource_index/package_run_dependencies/mybot
-- Installing: /root/ros2_ws/install/mybot/share/ament_index/resource_index/parent_prefix_path/mybot
-- Installing: /root/ros2_ws/install/mybot/share/mybot/environment/ament_prefix_path.sh
-- Installing: /root/ros2_ws/install/mybot/share/mybot/environment/ament_prefix_path.dsv
-- Installing: /root/ros2_ws/install/mybot/share/mybot/environment/path.sh
-- Installing: /root/ros2_ws/install/mybot/share/mybot/environment/path.dsv
-- Installing: /root/ros2_ws/install/mybot/share/mybot/local_setup.bash
-- Installing: /root/ros2_ws/install/mybot/share/mybot/local_setup.sh
-- Installing: /root/ros2_ws/install/mybot/share/mybot/local_setup.zsh
-- Installing: /root/ros2_ws/install/mybot/share/mybot/local_setup.dsv
-- Installing: /root/ros2_ws/install/mybot/share/mybot/package.dsv
-- Installing: /root/ros2_ws/install/mybot/share/ament_index/resource_index/packages/mybot
-- Installing: /root/ros2_ws/install/mybot/share/mybot/cmake/mybotConfig.cmake
-- Installing: /root/ros2_ws/install/mybot/share/mybot/cmake/mybotConfig-version.cmake
-- Installing: /root/ros2_ws/install/mybot/share/mybot/package.xml
