[0.137s] Invoking command in '/root/ros2_ws/build/mybot': AMENT_PREFIX_PATH=/root/ros2_ws/install/my_ros2_project:/root/ros2_ws/install/mybot_interfaces:/root/ros2_ws/install/message:/opt/ros/humble CMAKE_PREFIX_PATH=/root/ros2_ws/install/message:/root/ros2_ws/install/mybot_interfaces:/root/ros2_ws/install/my_ros2_project:/opt/ros/humble LD_LIBRARY_PATH=/root/ros2_ws/install/message/lib:/root/ros2_ws/install/mybot_interfaces/lib:/opt/ros/humble/lib/aarch64-linux-gnu:/opt/ros/humble/lib PYTHONPATH=/root/ros2_ws/install/my_ros2_project/lib/python3.10/site-packages:/root/ros2_ws/install/mybot_interfaces/local/lib/python3.10/dist-packages:/root/ros2_ws/install/message/local/lib/python3.10/dist-packages:/opt/ros/humble/lib/python3.10/site-packages:/opt/ros/humble/local/lib/python3.10/dist-packages /usr/bin/cmake --build /root/ros2_ws/build/mybot -- -j8 -l8
[0.816s] [35m[1mConsolidate compiler generated dependencies of target motor_node[0m
[0.817s] [35m[1mConsolidate compiler generated dependencies of target joint_state_publisher_node[0m
[0.820s] [35m[1mConsolidate compiler generated dependencies of target face_tracking_node[0m
[1.043s] [ 33%] Built target motor_node
[1.052s] [ 50%] [32mBuilding CXX object CMakeFiles/joint_state_publisher_node.dir/src/joint_state_publisher_node.cpp.o[0m
[1.061s] [ 66%] [32mBuilding CXX object CMakeFiles/face_tracking_node.dir/src/face_tracking_node.cpp.o[0m
[62.151s] [ 83%] [32m[1mLinking CXX executable joint_state_publisher_node[0m
[64.292s] [ 83%] Built target joint_state_publisher_node
[95.866s] [100%] [32m[1mLinking CXX executable face_tracking_node[0m
[99.042s] [100%] Built target face_tracking_node
[99.170s] Invoked command in '/root/ros2_ws/build/mybot' returned '0': AMENT_PREFIX_PATH=/root/ros2_ws/install/my_ros2_project:/root/ros2_ws/install/mybot_interfaces:/root/ros2_ws/install/message:/opt/ros/humble CMAKE_PREFIX_PATH=/root/ros2_ws/install/message:/root/ros2_ws/install/mybot_interfaces:/root/ros2_ws/install/my_ros2_project:/opt/ros/humble LD_LIBRARY_PATH=/root/ros2_ws/install/message/lib:/root/ros2_ws/install/mybot_interfaces/lib:/opt/ros/humble/lib/aarch64-linux-gnu:/opt/ros/humble/lib PYTHONPATH=/root/ros2_ws/install/my_ros2_project/lib/python3.10/site-packages:/root/ros2_ws/install/mybot_interfaces/local/lib/python3.10/dist-packages:/root/ros2_ws/install/message/local/lib/python3.10/dist-packages:/opt/ros/humble/lib/python3.10/site-packages:/opt/ros/humble/local/lib/python3.10/dist-packages /usr/bin/cmake --build /root/ros2_ws/build/mybot -- -j8 -l8
[99.179s] Invoking command in '/root/ros2_ws/build/mybot': AMENT_PREFIX_PATH=/root/ros2_ws/install/my_ros2_project:/root/ros2_ws/install/mybot_interfaces:/root/ros2_ws/install/message:/opt/ros/humble CMAKE_PREFIX_PATH=/root/ros2_ws/install/message:/root/ros2_ws/install/mybot_interfaces:/root/ros2_ws/install/my_ros2_project:/opt/ros/humble LD_LIBRARY_PATH=/root/ros2_ws/install/message/lib:/root/ros2_ws/install/mybot_interfaces/lib:/opt/ros/humble/lib/aarch64-linux-gnu:/opt/ros/humble/lib PYTHONPATH=/root/ros2_ws/install/my_ros2_project/lib/python3.10/site-packages:/root/ros2_ws/install/mybot_interfaces/local/lib/python3.10/dist-packages:/root/ros2_ws/install/message/local/lib/python3.10/dist-packages:/opt/ros/humble/lib/python3.10/site-packages:/opt/ros/humble/local/lib/python3.10/dist-packages /usr/bin/cmake --install /root/ros2_ws/build/mybot
[99.309s] -- Install configuration: ""
[99.317s] -- Installing: /root/ros2_ws/install/mybot/lib/mybot/face_tracking_node
[99.329s] -- Set runtime path of "/root/ros2_ws/install/mybot/lib/mybot/face_tracking_node" to ""
[99.330s] -- Up-to-date: /root/ros2_ws/install/mybot/lib/mybot/motor_node
[99.331s] -- Installing: /root/ros2_ws/install/mybot/lib/mybot/joint_state_publisher_node
[99.335s] -- Set runtime path of "/root/ros2_ws/install/mybot/lib/mybot/joint_state_publisher_node" to ""
[99.336s] -- Up-to-date: /root/ros2_ws/install/mybot/share/mybot/urdf
[99.337s] -- Up-to-date: /root/ros2_ws/install/mybot/share/mybot/urdf/motor.urdf
[99.338s] -- Installing: /root/ros2_ws/install/mybot/share/mybot/urdf/mybot.urdf
[99.339s] -- Up-to-date: /root/ros2_ws/install/mybot/share/mybot/launch
[99.340s] -- Up-to-date: /root/ros2_ws/install/mybot/share/mybot/launch/mybot_launch.py
[99.341s] -- Up-to-date: /root/ros2_ws/install/mybot/share/mybot/rviz
[99.342s] -- Up-to-date: /root/ros2_ws/install/mybot/share/mybot/rviz/rviz.rviz
[99.342s] -- Up-to-date: /root/ros2_ws/install/mybot/share/ament_index/resource_index/package_run_dependencies/mybot
[99.343s] -- Up-to-date: /root/ros2_ws/install/mybot/share/ament_index/resource_index/parent_prefix_path/mybot
[99.344s] -- Up-to-date: /root/ros2_ws/install/mybot/share/mybot/environment/ament_prefix_path.sh
[99.344s] -- Up-to-date: /root/ros2_ws/install/mybot/share/mybot/environment/ament_prefix_path.dsv
[99.345s] -- Up-to-date: /root/ros2_ws/install/mybot/share/mybot/environment/path.sh
[99.346s] -- Up-to-date: /root/ros2_ws/install/mybot/share/mybot/environment/path.dsv
[99.346s] -- Up-to-date: /root/ros2_ws/install/mybot/share/mybot/local_setup.bash
[99.347s] -- Up-to-date: /root/ros2_ws/install/mybot/share/mybot/local_setup.sh
[99.348s] -- Up-to-date: /root/ros2_ws/install/mybot/share/mybot/local_setup.zsh
[99.348s] -- Up-to-date: /root/ros2_ws/install/mybot/share/mybot/local_setup.dsv
[99.349s] -- Installing: /root/ros2_ws/install/mybot/share/mybot/package.dsv
[99.349s] -- Up-to-date: /root/ros2_ws/install/mybot/share/ament_index/resource_index/packages/mybot
[99.350s] -- Up-to-date: /root/ros2_ws/install/mybot/share/mybot/cmake/mybotConfig.cmake
[99.350s] -- Up-to-date: /root/ros2_ws/install/mybot/share/mybot/cmake/mybotConfig-version.cmake
[99.351s] -- Up-to-date: /root/ros2_ws/install/mybot/share/mybot/package.xml
[99.364s] Invoked command in '/root/ros2_ws/build/mybot' returned '0': AMENT_PREFIX_PATH=/root/ros2_ws/install/my_ros2_project:/root/ros2_ws/install/mybot_interfaces:/root/ros2_ws/install/message:/opt/ros/humble CMAKE_PREFIX_PATH=/root/ros2_ws/install/message:/root/ros2_ws/install/mybot_interfaces:/root/ros2_ws/install/my_ros2_project:/opt/ros/humble LD_LIBRARY_PATH=/root/ros2_ws/install/message/lib:/root/ros2_ws/install/mybot_interfaces/lib:/opt/ros/humble/lib/aarch64-linux-gnu:/opt/ros/humble/lib PYTHONPATH=/root/ros2_ws/install/my_ros2_project/lib/python3.10/site-packages:/root/ros2_ws/install/mybot_interfaces/local/lib/python3.10/dist-packages:/root/ros2_ws/install/message/local/lib/python3.10/dist-packages:/opt/ros/humble/lib/python3.10/site-packages:/opt/ros/humble/local/lib/python3.10/dist-packages /usr/bin/cmake --install /root/ros2_ws/build/mybot
