running egg_info
creating ../../build/my_ros2_project/my_ros2_project.egg-info
writing ../../build/my_ros2_project/my_ros2_project.egg-info/PKG-INFO
writing dependency_links to ../../build/my_ros2_project/my_ros2_project.egg-info/dependency_links.txt
writing entry points to ../../build/my_ros2_project/my_ros2_project.egg-info/entry_points.txt
writing requirements to ../../build/my_ros2_project/my_ros2_project.egg-info/requires.txt
writing top-level names to ../../build/my_ros2_project/my_ros2_project.egg-info/top_level.txt
writing manifest file '../../build/my_ros2_project/my_ros2_project.egg-info/SOURCES.txt'
reading manifest file '../../build/my_ros2_project/my_ros2_project.egg-info/SOURCES.txt'
writing manifest file '../../build/my_ros2_project/my_ros2_project.egg-info/SOURCES.txt'
running build
running build_py
creating /root/ros2_ws/build/my_ros2_project/build
creating /root/ros2_ws/build/my_ros2_project/build/lib
creating /root/ros2_ws/build/my_ros2_project/build/lib/my_ros2_project
copying my_ros2_project/socket_to_ros.py -> /root/ros2_ws/build/my_ros2_project/build/lib/my_ros2_project
copying my_ros2_project/__init__.py -> /root/ros2_ws/build/my_ros2_project/build/lib/my_ros2_project
running install
running install_lib
creating /root/ros2_ws/install/my_ros2_project/lib/python3.10/site-packages/my_ros2_project
copying /root/ros2_ws/build/my_ros2_project/build/lib/my_ros2_project/socket_to_ros.py -> /root/ros2_ws/install/my_ros2_project/lib/python3.10/site-packages/my_ros2_project
copying /root/ros2_ws/build/my_ros2_project/build/lib/my_ros2_project/__init__.py -> /root/ros2_ws/install/my_ros2_project/lib/python3.10/site-packages/my_ros2_project
byte-compiling /root/ros2_ws/install/my_ros2_project/lib/python3.10/site-packages/my_ros2_project/socket_to_ros.py to socket_to_ros.cpython-310.pyc
byte-compiling /root/ros2_ws/install/my_ros2_project/lib/python3.10/site-packages/my_ros2_project/__init__.py to __init__.cpython-310.pyc
running install_data
creating /root/ros2_ws/install/my_ros2_project/share/ament_index
creating /root/ros2_ws/install/my_ros2_project/share/ament_index/resource_index
creating /root/ros2_ws/install/my_ros2_project/share/ament_index/resource_index/packages
copying resource/my_ros2_project -> /root/ros2_ws/install/my_ros2_project/share/ament_index/resource_index/packages
copying package.xml -> /root/ros2_ws/install/my_ros2_project/share/my_ros2_project
running install_egg_info
Copying ../../build/my_ros2_project/my_ros2_project.egg-info to /root/ros2_ws/install/my_ros2_project/lib/python3.10/site-packages/my_ros2_project-0.0.0-py3.10.egg-info
running install_scripts
Installing socket_to_ros script to /root/ros2_ws/install/my_ros2_project/lib/my_ros2_project
writing list of installed files to '/root/ros2_ws/build/my_ros2_project/install.log'
