-- The C compiler identification is GNU 11.4.0
-- The CXX compiler identification is GNU 11.4.0
-- Detecting C compiler ABI info
-- Detecting C compiler ABI info - done
-- Check for working C compiler: /usr/bin/cc - skipped
-- Detecting C compile features
-- Detecting C compile features - done
-- Detecting CXX compiler ABI info
-- Detecting CXX compiler ABI info - done
-- Check for working CXX compiler: /usr/bin/c++ - skipped
-- Detecting CXX compile features
-- Detecting CXX compile features - done
-- Found ament_cmake: 1.3.11 (/opt/ros/humble/share/ament_cmake/cmake)
-- Found Python3: /usr/bin/python3 (found version "3.10.12") found components: Interpreter 
-- Found rclcpp: 16.0.11 (/opt/ros/humble/share/rclcpp/cmake)
-- Found rosidl_generator_c: 3.1.6 (/opt/ros/humble/share/rosidl_generator_c/cmake)
-- Found rosidl_adapter: 3.1.6 (/opt/ros/humble/share/rosidl_adapter/cmake)
-- Found rosidl_generator_cpp: 3.1.6 (/opt/ros/humble/share/rosidl_generator_cpp/cmake)
-- Using all available rosidl_typesupport_c: rosidl_typesupport_fastrtps_c;rosidl_typesupport_introspection_c
-- Using all available rosidl_typesupport_cpp: rosidl_typesupport_fastrtps_cpp;rosidl_typesupport_introspection_cpp
-- Found rmw_implementation_cmake: 6.1.2 (/opt/ros/humble/share/rmw_implementation_cmake/cmake)
-- Found rmw_fastrtps_cpp: 6.2.7 (/opt/ros/humble/share/rmw_fastrtps_cpp/cmake)
-- Found OpenSSL: /usr/lib/aarch64-linux-gnu/libcrypto.so (found version "3.0.2")  
-- Found FastRTPS: /opt/ros/humble/include  
-- Using RMW implementation 'rmw_fastrtps_cpp' as default
-- Looking for pthread.h
-- Looking for pthread.h - found
-- Performing Test CMAKE_HAVE_LIBC_PTHREAD
-- Performing Test CMAKE_HAVE_LIBC_PTHREAD - Success
-- Found Threads: TRUE  
-- Found geometry_msgs: 4.2.4 (/opt/ros/humble/share/geometry_msgs/cmake)
-- Configuring done
-- Generating done
-- Build files have been written to: /root/pwm/build/pwm_pca9685
[ 25%] [32mBuilding CXX object CMakeFiles/mixer_node.dir/src/mixer_node.cpp.o[0m
[ 50%] [32mBuilding CXX object CMakeFiles/pca9685_node.dir/src/pca9685_node.cpp.o[0m
[ 75%] [32m[1mLinking CXX executable pca9685_node[0m
[ 75%] Built target pca9685_node
[100%] [32m[1mLinking CXX executable mixer_node[0m
[100%] Built target mixer_node
-- Install configuration: ""
-- Installing: /root/pwm/install/pwm_pca9685/lib/pwm_pca9685/pca9685_node
-- Set runtime path of "/root/pwm/install/pwm_pca9685/lib/pwm_pca9685/pca9685_node" to ""
-- Installing: /root/pwm/install/pwm_pca9685/lib/pwm_pca9685/mixer_node
-- Set runtime path of "/root/pwm/install/pwm_pca9685/lib/pwm_pca9685/mixer_node" to ""
-- Installing: /root/pwm/install/pwm_pca9685/share/pwm_pca9685/config
-- Installing: /root/pwm/install/pwm_pca9685/share/pwm_pca9685/config/pwm_diff_drive.config.yaml
-- Installing: /root/pwm/install/pwm_pca9685/share/pwm_pca9685/config/esc_diff_drive.config.yaml
-- Installing: /root/pwm/install/pwm_pca9685/share/pwm_pca9685/launch
-- Installing: /root/pwm/install/pwm_pca9685/share/pwm_pca9685/launch/esc_diff_drive.launch.py
-- Installing: /root/pwm/install/pwm_pca9685/share/ament_index/resource_index/package_run_dependencies/pwm_pca9685
-- Installing: /root/pwm/install/pwm_pca9685/share/ament_index/resource_index/parent_prefix_path/pwm_pca9685
-- Installing: /root/pwm/install/pwm_pca9685/share/pwm_pca9685/environment/ament_prefix_path.sh
-- Installing: /root/pwm/install/pwm_pca9685/share/pwm_pca9685/environment/ament_prefix_path.dsv
-- Installing: /root/pwm/install/pwm_pca9685/share/pwm_pca9685/environment/path.sh
-- Installing: /root/pwm/install/pwm_pca9685/share/pwm_pca9685/environment/path.dsv
-- Installing: /root/pwm/install/pwm_pca9685/share/pwm_pca9685/local_setup.bash
-- Installing: /root/pwm/install/pwm_pca9685/share/pwm_pca9685/local_setup.sh
-- Installing: /root/pwm/install/pwm_pca9685/share/pwm_pca9685/local_setup.zsh
-- Installing: /root/pwm/install/pwm_pca9685/share/pwm_pca9685/local_setup.dsv
-- Installing: /root/pwm/install/pwm_pca9685/share/pwm_pca9685/package.dsv
-- Installing: /root/pwm/install/pwm_pca9685/share/ament_index/resource_index/packages/pwm_pca9685
-- Installing: /root/pwm/install/pwm_pca9685/share/pwm_pca9685/cmake/pwm_pca9685Config.cmake
-- Installing: /root/pwm/install/pwm_pca9685/share/pwm_pca9685/cmake/pwm_pca9685Config-version.cmake
-- Installing: /root/pwm/install/pwm_pca9685/share/pwm_pca9685/package.xml
