[0.815s] DEBUG:colcon:Command line arguments: ['/usr/bin/colcon', 'build']
[0.818s] DEBUG:colcon:Parsed command line arguments: Namespace(log_base=None, log_level=None, verb_name='build', build_base='build', install_base='install', merge_install=False, symlink_install=False, test_result_base=None, continue_on_error=False, executor='parallel', parallel_workers=8, event_handlers=None, ignore_user_meta=False, metas=['./colcon.meta'], base_paths=['.'], packages_ignore=None, packages_ignore_regex=None, paths=None, packages_up_to=None, packages_up_to_regex=None, packages_above=None, packages_above_and_dependencies=None, packages_above_depth=None, packages_select_by_dep=None, packages_skip_by_dep=None, packages_skip_up_to=None, packages_select_build_failed=False, packages_skip_build_finished=False, packages_select_test_failures=False, packages_skip_test_passed=False, packages_select=None, packages_skip=None, packages_select_regex=None, packages_skip_regex=None, packages_start=None, packages_end=None, allow_overriding=[], cmake_args=None, cmake_target=None, cmake_target_skip_unavailable=False, cmake_clean_cache=False, cmake_clean_first=False, cmake_force_configure=False, ament_cmake_args=None, catkin_cmake_args=None, catkin_skip_building_tests=False, mixin_files=None, mixin=None, verb_parser=<colcon_mixin.mixin.mixin_argument.MixinArgumentDecorator object at 0x5504763a30>, verb_extension=<colcon_core.verb.build.BuildVerb object at 0x55047634c0>, main=<bound method BuildVerb.main of <colcon_core.verb.build.BuildVerb object at 0x55047634c0>>, mixin_verb=('build',))
[1.820s] Level 1:colcon.colcon_core.package_discovery:discover_packages(colcon_meta) check parameters
[1.820s] Level 1:colcon.colcon_core.package_discovery:discover_packages(recursive) check parameters
[1.821s] Level 1:colcon.colcon_core.package_discovery:discover_packages(ignore) check parameters
[1.821s] Level 1:colcon.colcon_core.package_discovery:discover_packages(path) check parameters
[1.821s] Level 1:colcon.colcon_core.package_discovery:discover_packages(colcon_meta) discover
[1.821s] Level 1:colcon.colcon_core.package_discovery:discover_packages(recursive) discover
[1.822s] INFO:colcon.colcon_core.package_discovery:Crawling recursively for packages in '/root/ros2_ws'
[1.823s] Level 1:colcon.colcon_core.package_identification:_identify(.) by extensions ['ignore', 'ignore_ament_install']
[1.824s] Level 1:colcon.colcon_core.package_identification:_identify(.) by extension 'ignore'
[1.825s] Level 1:colcon.colcon_core.package_identification:_identify(.) by extension 'ignore_ament_install'
[1.825s] Level 1:colcon.colcon_core.package_identification:_identify(.) by extensions ['colcon_pkg']
[1.826s] Level 1:colcon.colcon_core.package_identification:_identify(.) by extension 'colcon_pkg'
[1.826s] Level 1:colcon.colcon_core.package_identification:_identify(.) by extensions ['colcon_meta']
[1.826s] Level 1:colcon.colcon_core.package_identification:_identify(.) by extension 'colcon_meta'
[1.827s] Level 1:colcon.colcon_core.package_identification:_identify(.) by extensions ['ros']
[1.827s] Level 1:colcon.colcon_core.package_identification:_identify(.) by extension 'ros'
[1.901s] Level 1:colcon.colcon_core.package_identification:_identify(.) by extensions ['cmake', 'python']
[1.901s] Level 1:colcon.colcon_core.package_identification:_identify(.) by extension 'cmake'
[1.901s] Level 1:colcon.colcon_core.package_identification:_identify(.) by extension 'python'
[1.902s] Level 1:colcon.colcon_core.package_identification:_identify(.) by extensions ['python_setup_py']
[1.902s] Level 1:colcon.colcon_core.package_identification:_identify(.) by extension 'python_setup_py'
[1.903s] Level 1:colcon.colcon_core.package_identification:_identify(build) by extensions ['ignore', 'ignore_ament_install']
[1.903s] Level 1:colcon.colcon_core.package_identification:_identify(build) by extension 'ignore'
[1.904s] Level 1:colcon.colcon_core.package_identification:_identify(build) ignored
[1.905s] Level 1:colcon.colcon_core.package_identification:_identify(install) by extensions ['ignore', 'ignore_ament_install']
[1.905s] Level 1:colcon.colcon_core.package_identification:_identify(install) by extension 'ignore'
[1.906s] Level 1:colcon.colcon_core.package_identification:_identify(install) ignored
[1.907s] Level 1:colcon.colcon_core.package_identification:_identify(log) by extensions ['ignore', 'ignore_ament_install']
[1.907s] Level 1:colcon.colcon_core.package_identification:_identify(log) by extension 'ignore'
[1.907s] Level 1:colcon.colcon_core.package_identification:_identify(log) ignored
[1.908s] Level 1:colcon.colcon_core.package_identification:_identify(src) by extensions ['ignore', 'ignore_ament_install']
[1.908s] Level 1:colcon.colcon_core.package_identification:_identify(src) by extension 'ignore'
[1.909s] Level 1:colcon.colcon_core.package_identification:_identify(src) by extension 'ignore_ament_install'
[1.909s] Level 1:colcon.colcon_core.package_identification:_identify(src) by extensions ['colcon_pkg']
[1.909s] Level 1:colcon.colcon_core.package_identification:_identify(src) by extension 'colcon_pkg'
[1.910s] Level 1:colcon.colcon_core.package_identification:_identify(src) by extensions ['colcon_meta']
[1.910s] Level 1:colcon.colcon_core.package_identification:_identify(src) by extension 'colcon_meta'
[1.910s] Level 1:colcon.colcon_core.package_identification:_identify(src) by extensions ['ros']
[1.911s] Level 1:colcon.colcon_core.package_identification:_identify(src) by extension 'ros'
[1.911s] Level 1:colcon.colcon_core.package_identification:_identify(src) by extensions ['cmake', 'python']
[1.911s] Level 1:colcon.colcon_core.package_identification:_identify(src) by extension 'cmake'
[1.912s] Level 1:colcon.colcon_core.package_identification:_identify(src) by extension 'python'
[1.912s] Level 1:colcon.colcon_core.package_identification:_identify(src) by extensions ['python_setup_py']
[1.912s] Level 1:colcon.colcon_core.package_identification:_identify(src) by extension 'python_setup_py'
[1.913s] Level 1:colcon.colcon_core.package_identification:_identify(src/message) by extensions ['ignore', 'ignore_ament_install']
[1.914s] Level 1:colcon.colcon_core.package_identification:_identify(src/message) by extension 'ignore'
[1.914s] Level 1:colcon.colcon_core.package_identification:_identify(src/message) by extension 'ignore_ament_install'
[1.914s] Level 1:colcon.colcon_core.package_identification:_identify(src/message) by extensions ['colcon_pkg']
[1.915s] Level 1:colcon.colcon_core.package_identification:_identify(src/message) by extension 'colcon_pkg'
[1.915s] Level 1:colcon.colcon_core.package_identification:_identify(src/message) by extensions ['colcon_meta']
[1.915s] Level 1:colcon.colcon_core.package_identification:_identify(src/message) by extension 'colcon_meta'
[1.915s] Level 1:colcon.colcon_core.package_identification:_identify(src/message) by extensions ['ros']
[1.916s] Level 1:colcon.colcon_core.package_identification:_identify(src/message) by extension 'ros'
[1.940s] DEBUG:colcon.colcon_core.package_identification:Package 'src/message' with type 'ros.ament_cmake' and name 'message'
[1.941s] Level 1:colcon.colcon_core.package_identification:_identify(src/my_ros2_project) by extensions ['ignore', 'ignore_ament_install']
[1.942s] Level 1:colcon.colcon_core.package_identification:_identify(src/my_ros2_project) by extension 'ignore'
[1.943s] Level 1:colcon.colcon_core.package_identification:_identify(src/my_ros2_project) by extension 'ignore_ament_install'
[1.943s] Level 1:colcon.colcon_core.package_identification:_identify(src/my_ros2_project) by extensions ['colcon_pkg']
[1.943s] Level 1:colcon.colcon_core.package_identification:_identify(src/my_ros2_project) by extension 'colcon_pkg'
[1.944s] Level 1:colcon.colcon_core.package_identification:_identify(src/my_ros2_project) by extensions ['colcon_meta']
[1.944s] Level 1:colcon.colcon_core.package_identification:_identify(src/my_ros2_project) by extension 'colcon_meta'
[1.944s] Level 1:colcon.colcon_core.package_identification:_identify(src/my_ros2_project) by extensions ['ros']
[1.944s] Level 1:colcon.colcon_core.package_identification:_identify(src/my_ros2_project) by extension 'ros'
[1.949s] DEBUG:colcon.colcon_core.package_identification:Package 'src/my_ros2_project' with type 'ros.ament_python' and name 'my_ros2_project'
[1.950s] Level 1:colcon.colcon_core.package_identification:_identify(src/mybot) by extensions ['ignore', 'ignore_ament_install']
[1.951s] Level 1:colcon.colcon_core.package_identification:_identify(src/mybot) by extension 'ignore'
[1.951s] Level 1:colcon.colcon_core.package_identification:_identify(src/mybot) by extension 'ignore_ament_install'
[1.952s] Level 1:colcon.colcon_core.package_identification:_identify(src/mybot) by extensions ['colcon_pkg']
[1.952s] Level 1:colcon.colcon_core.package_identification:_identify(src/mybot) by extension 'colcon_pkg'
[1.952s] Level 1:colcon.colcon_core.package_identification:_identify(src/mybot) by extensions ['colcon_meta']
[1.953s] Level 1:colcon.colcon_core.package_identification:_identify(src/mybot) by extension 'colcon_meta'
[1.953s] Level 1:colcon.colcon_core.package_identification:_identify(src/mybot) by extensions ['ros']
[1.953s] Level 1:colcon.colcon_core.package_identification:_identify(src/mybot) by extension 'ros'
[1.960s] DEBUG:colcon.colcon_core.package_identification:Package 'src/mybot' with type 'ros.ament_cmake' and name 'mybot'
[1.961s] Level 1:colcon.colcon_core.package_identification:_identify(src/mybot_interfaces) by extensions ['ignore', 'ignore_ament_install']
[1.962s] Level 1:colcon.colcon_core.package_identification:_identify(src/mybot_interfaces) by extension 'ignore'
[1.962s] Level 1:colcon.colcon_core.package_identification:_identify(src/mybot_interfaces) by extension 'ignore_ament_install'
[1.962s] Level 1:colcon.colcon_core.package_identification:_identify(src/mybot_interfaces) by extensions ['colcon_pkg']
[1.963s] Level 1:colcon.colcon_core.package_identification:_identify(src/mybot_interfaces) by extension 'colcon_pkg'
[1.963s] Level 1:colcon.colcon_core.package_identification:_identify(src/mybot_interfaces) by extensions ['colcon_meta']
[1.963s] Level 1:colcon.colcon_core.package_identification:_identify(src/mybot_interfaces) by extension 'colcon_meta'
[1.964s] Level 1:colcon.colcon_core.package_identification:_identify(src/mybot_interfaces) by extensions ['ros']
[1.964s] Level 1:colcon.colcon_core.package_identification:_identify(src/mybot_interfaces) by extension 'ros'
[1.968s] DEBUG:colcon.colcon_core.package_identification:Package 'src/mybot_interfaces' with type 'ros.ament_cmake' and name 'mybot_interfaces'
[1.969s] Level 1:colcon.colcon_core.package_discovery:discover_packages(recursive) using defaults
[1.969s] Level 1:colcon.colcon_core.package_discovery:discover_packages(ignore) discover
[1.969s] Level 1:colcon.colcon_core.package_discovery:discover_packages(ignore) using defaults
[1.970s] Level 1:colcon.colcon_core.package_discovery:discover_packages(path) discover
[1.970s] Level 1:colcon.colcon_core.package_discovery:discover_packages(path) using defaults
[2.113s] Level 1:colcon.colcon_core.package_discovery:discover_packages(prefix_path) check parameters
[2.113s] Level 1:colcon.colcon_core.package_discovery:discover_packages(prefix_path) discover
[2.125s] DEBUG:colcon.colcon_installed_package_information.package_discovery:Found 4 installed packages in /root/ros2_ws/install
[2.132s] DEBUG:colcon.colcon_installed_package_information.package_discovery:Found 180 installed packages in /opt/ros/humble
[2.141s] Level 1:colcon.colcon_core.package_discovery:discover_packages(prefix_path) using defaults
[2.339s] Level 5:colcon.colcon_core.verb:set package 'message' build argument 'cmake_args' from command line to 'None'
[2.339s] Level 5:colcon.colcon_core.verb:set package 'message' build argument 'cmake_target' from command line to 'None'
[2.340s] Level 5:colcon.colcon_core.verb:set package 'message' build argument 'cmake_target_skip_unavailable' from command line to 'False'
[2.340s] Level 5:colcon.colcon_core.verb:set package 'message' build argument 'cmake_clean_cache' from command line to 'False'
[2.340s] Level 5:colcon.colcon_core.verb:set package 'message' build argument 'cmake_clean_first' from command line to 'False'
[2.340s] Level 5:colcon.colcon_core.verb:set package 'message' build argument 'cmake_force_configure' from command line to 'False'
[2.340s] Level 5:colcon.colcon_core.verb:set package 'message' build argument 'ament_cmake_args' from command line to 'None'
[2.341s] Level 5:colcon.colcon_core.verb:set package 'message' build argument 'catkin_cmake_args' from command line to 'None'
[2.341s] Level 5:colcon.colcon_core.verb:set package 'message' build argument 'catkin_skip_building_tests' from command line to 'False'
[2.341s] DEBUG:colcon.colcon_core.verb:Building package 'message' with the following arguments: {'ament_cmake_args': None, 'build_base': '/root/ros2_ws/build/message', 'catkin_cmake_args': None, 'catkin_skip_building_tests': False, 'cmake_args': None, 'cmake_clean_cache': False, 'cmake_clean_first': False, 'cmake_force_configure': False, 'cmake_target': None, 'cmake_target_skip_unavailable': False, 'install_base': '/root/ros2_ws/install/message', 'merge_install': False, 'path': '/root/ros2_ws/src/message', 'symlink_install': False, 'test_result_base': None}
[2.344s] Level 5:colcon.colcon_core.verb:set package 'mybot_interfaces' build argument 'cmake_args' from command line to 'None'
[2.345s] Level 5:colcon.colcon_core.verb:set package 'mybot_interfaces' build argument 'cmake_target' from command line to 'None'
[2.345s] Level 5:colcon.colcon_core.verb:set package 'mybot_interfaces' build argument 'cmake_target_skip_unavailable' from command line to 'False'
[2.345s] Level 5:colcon.colcon_core.verb:set package 'mybot_interfaces' build argument 'cmake_clean_cache' from command line to 'False'
[2.345s] Level 5:colcon.colcon_core.verb:set package 'mybot_interfaces' build argument 'cmake_clean_first' from command line to 'False'
[2.345s] Level 5:colcon.colcon_core.verb:set package 'mybot_interfaces' build argument 'cmake_force_configure' from command line to 'False'
[2.346s] Level 5:colcon.colcon_core.verb:set package 'mybot_interfaces' build argument 'ament_cmake_args' from command line to 'None'
[2.346s] Level 5:colcon.colcon_core.verb:set package 'mybot_interfaces' build argument 'catkin_cmake_args' from command line to 'None'
[2.346s] Level 5:colcon.colcon_core.verb:set package 'mybot_interfaces' build argument 'catkin_skip_building_tests' from command line to 'False'
[2.346s] DEBUG:colcon.colcon_core.verb:Building package 'mybot_interfaces' with the following arguments: {'ament_cmake_args': None, 'build_base': '/root/ros2_ws/build/mybot_interfaces', 'catkin_cmake_args': None, 'catkin_skip_building_tests': False, 'cmake_args': None, 'cmake_clean_cache': False, 'cmake_clean_first': False, 'cmake_force_configure': False, 'cmake_target': None, 'cmake_target_skip_unavailable': False, 'install_base': '/root/ros2_ws/install/mybot_interfaces', 'merge_install': False, 'path': '/root/ros2_ws/src/mybot_interfaces', 'symlink_install': False, 'test_result_base': None}
[2.350s] Level 5:colcon.colcon_core.verb:set package 'my_ros2_project' build argument 'cmake_args' from command line to 'None'
[2.350s] Level 5:colcon.colcon_core.verb:set package 'my_ros2_project' build argument 'cmake_target' from command line to 'None'
[2.350s] Level 5:colcon.colcon_core.verb:set package 'my_ros2_project' build argument 'cmake_target_skip_unavailable' from command line to 'False'
[2.350s] Level 5:colcon.colcon_core.verb:set package 'my_ros2_project' build argument 'cmake_clean_cache' from command line to 'False'
[2.350s] Level 5:colcon.colcon_core.verb:set package 'my_ros2_project' build argument 'cmake_clean_first' from command line to 'False'
[2.351s] Level 5:colcon.colcon_core.verb:set package 'my_ros2_project' build argument 'cmake_force_configure' from command line to 'False'
[2.351s] Level 5:colcon.colcon_core.verb:set package 'my_ros2_project' build argument 'ament_cmake_args' from command line to 'None'
[2.351s] Level 5:colcon.colcon_core.verb:set package 'my_ros2_project' build argument 'catkin_cmake_args' from command line to 'None'
[2.351s] Level 5:colcon.colcon_core.verb:set package 'my_ros2_project' build argument 'catkin_skip_building_tests' from command line to 'False'
[2.351s] DEBUG:colcon.colcon_core.verb:Building package 'my_ros2_project' with the following arguments: {'ament_cmake_args': None, 'build_base': '/root/ros2_ws/build/my_ros2_project', 'catkin_cmake_args': None, 'catkin_skip_building_tests': False, 'cmake_args': None, 'cmake_clean_cache': False, 'cmake_clean_first': False, 'cmake_force_configure': False, 'cmake_target': None, 'cmake_target_skip_unavailable': False, 'install_base': '/root/ros2_ws/install/my_ros2_project', 'merge_install': False, 'path': '/root/ros2_ws/src/my_ros2_project', 'symlink_install': False, 'test_result_base': None}
[2.355s] Level 5:colcon.colcon_core.verb:set package 'mybot' build argument 'cmake_args' from command line to 'None'
[2.355s] Level 5:colcon.colcon_core.verb:set package 'mybot' build argument 'cmake_target' from command line to 'None'
[2.355s] Level 5:colcon.colcon_core.verb:set package 'mybot' build argument 'cmake_target_skip_unavailable' from command line to 'False'
[2.355s] Level 5:colcon.colcon_core.verb:set package 'mybot' build argument 'cmake_clean_cache' from command line to 'False'
[2.355s] Level 5:colcon.colcon_core.verb:set package 'mybot' build argument 'cmake_clean_first' from command line to 'False'
[2.356s] Level 5:colcon.colcon_core.verb:set package 'mybot' build argument 'cmake_force_configure' from command line to 'False'
[2.356s] Level 5:colcon.colcon_core.verb:set package 'mybot' build argument 'ament_cmake_args' from command line to 'None'
[2.356s] Level 5:colcon.colcon_core.verb:set package 'mybot' build argument 'catkin_cmake_args' from command line to 'None'
[2.356s] Level 5:colcon.colcon_core.verb:set package 'mybot' build argument 'catkin_skip_building_tests' from command line to 'False'
[2.357s] DEBUG:colcon.colcon_core.verb:Building package 'mybot' with the following arguments: {'ament_cmake_args': None, 'build_base': '/root/ros2_ws/build/mybot', 'catkin_cmake_args': None, 'catkin_skip_building_tests': False, 'cmake_args': None, 'cmake_clean_cache': False, 'cmake_clean_first': False, 'cmake_force_configure': False, 'cmake_target': None, 'cmake_target_skip_unavailable': False, 'install_base': '/root/ros2_ws/install/mybot', 'merge_install': False, 'path': '/root/ros2_ws/src/mybot', 'symlink_install': False, 'test_result_base': None}
[2.357s] INFO:colcon.colcon_core.executor:Executing jobs using 'parallel' executor
[2.377s] DEBUG:colcon.colcon_parallel_executor.executor.parallel:run_until_complete
[2.381s] INFO:colcon.colcon_ros.task.ament_cmake.build:Building ROS package in '/root/ros2_ws/src/message' with build type 'ament_cmake'
[2.382s] INFO:colcon.colcon_cmake.task.cmake.build:Building CMake package in '/root/ros2_ws/src/message'
[2.397s] INFO:colcon.colcon_core.plugin_system:Skipping extension 'colcon_core.shell.bat': Not used on non-Windows systems
[2.398s] INFO:colcon.colcon_core.shell:Skip shell extension 'powershell' for command environment: Not usable outside of PowerShell
[2.399s] DEBUG:colcon.colcon_core.shell:Skip shell extension 'dsv' for command environment
[2.453s] INFO:colcon.colcon_ros.task.ament_cmake.build:Building ROS package in '/root/ros2_ws/src/mybot_interfaces' with build type 'ament_cmake'
[2.454s] INFO:colcon.colcon_cmake.task.cmake.build:Building CMake package in '/root/ros2_ws/src/mybot_interfaces'
[2.456s] INFO:colcon.colcon_core.shell:Skip shell extension 'powershell' for command environment: Not usable outside of PowerShell
[2.457s] DEBUG:colcon.colcon_core.shell:Skip shell extension 'dsv' for command environment
[2.526s] DEBUG:colcon.colcon_core.event_handler.log_command:Invoking command in '/root/ros2_ws/build/message': CMAKE_PREFIX_PATH=${CMAKE_PREFIX_PATH}:/root/ros2_ws/install/my_ros2_project:/opt/ros/humble /usr/bin/cmake --build /root/ros2_ws/build/message -- -j8 -l8
[2.564s] DEBUG:colcon.colcon_core.event_handler.log_command:Invoking command in '/root/ros2_ws/build/mybot_interfaces': CMAKE_PREFIX_PATH=${CMAKE_PREFIX_PATH}:/root/ros2_ws/install/my_ros2_project:/opt/ros/humble /usr/bin/cmake --build /root/ros2_ws/build/mybot_interfaces -- -j8 -l8
[7.477s] DEBUG:colcon.colcon_core.event_handler.log_command:Invoked command in '/root/ros2_ws/build/message' returned '0': CMAKE_PREFIX_PATH=${CMAKE_PREFIX_PATH}:/root/ros2_ws/install/my_ros2_project:/opt/ros/humble /usr/bin/cmake --build /root/ros2_ws/build/message -- -j8 -l8
[7.609s] DEBUG:colcon.colcon_core.event_handler.log_command:Invoking command in '/root/ros2_ws/build/message': CMAKE_PREFIX_PATH=${CMAKE_PREFIX_PATH}:/root/ros2_ws/install/my_ros2_project:/opt/ros/humble /usr/bin/cmake --install /root/ros2_ws/build/message
[7.619s] DEBUG:colcon.colcon_core.event_handler.log_command:Invoked command in '/root/ros2_ws/build/mybot_interfaces' returned '0': CMAKE_PREFIX_PATH=${CMAKE_PREFIX_PATH}:/root/ros2_ws/install/my_ros2_project:/opt/ros/humble /usr/bin/cmake --build /root/ros2_ws/build/mybot_interfaces -- -j8 -l8
[7.628s] DEBUG:colcon.colcon_core.event_handler.log_command:Invoking command in '/root/ros2_ws/build/mybot_interfaces': CMAKE_PREFIX_PATH=${CMAKE_PREFIX_PATH}:/root/ros2_ws/install/my_ros2_project:/opt/ros/humble /usr/bin/cmake --install /root/ros2_ws/build/mybot_interfaces
[8.387s] Level 1:colcon.colcon_core.environment:create_environment_scripts_only(message)
[8.391s] DEBUG:colcon.colcon_core.event_handler.log_command:Invoked command in '/root/ros2_ws/build/message' returned '0': CMAKE_PREFIX_PATH=${CMAKE_PREFIX_PATH}:/root/ros2_ws/install/my_ros2_project:/opt/ros/humble /usr/bin/cmake --install /root/ros2_ws/build/message
[8.406s] Level 1:colcon.colcon_core.environment:checking '/root/ros2_ws/install/message' for CMake module files
[8.412s] Level 1:colcon.colcon_core.environment:checking '/root/ros2_ws/install/message' for CMake config files
[8.414s] Level 1:colcon.colcon_core.shell:create_environment_hook('message', 'cmake_prefix_path')
[8.416s] INFO:colcon.colcon_core.shell:Creating environment hook '/root/ros2_ws/install/message/share/message/hook/cmake_prefix_path.ps1'
[8.421s] INFO:colcon.colcon_core.shell:Creating environment descriptor '/root/ros2_ws/install/message/share/message/hook/cmake_prefix_path.dsv'
[8.425s] INFO:colcon.colcon_core.shell:Creating environment hook '/root/ros2_ws/install/message/share/message/hook/cmake_prefix_path.sh'
[8.432s] Level 1:colcon.colcon_core.environment:checking '/root/ros2_ws/install/message/lib'
[8.433s] Level 1:colcon.colcon_core.shell:create_environment_hook('message', 'ld_library_path_lib')
[8.435s] INFO:colcon.colcon_core.shell:Creating environment hook '/root/ros2_ws/install/message/share/message/hook/ld_library_path_lib.ps1'
[8.438s] INFO:colcon.colcon_core.shell:Creating environment descriptor '/root/ros2_ws/install/message/share/message/hook/ld_library_path_lib.dsv'
[8.440s] INFO:colcon.colcon_core.shell:Creating environment hook '/root/ros2_ws/install/message/share/message/hook/ld_library_path_lib.sh'
[8.444s] Level 1:colcon.colcon_core.environment:checking '/root/ros2_ws/install/message/bin'
[8.444s] Level 1:colcon.colcon_core.environment:checking '/root/ros2_ws/install/message/lib/pkgconfig/message.pc'
[8.446s] Level 1:colcon.colcon_core.environment:checking '/root/ros2_ws/install/message/lib/python3.10/site-packages'
[8.447s] Level 1:colcon.colcon_core.environment:checking '/root/ros2_ws/install/message/bin'
[8.450s] INFO:colcon.colcon_core.shell:Creating package script '/root/ros2_ws/install/message/share/message/package.ps1'
[8.458s] INFO:colcon.colcon_core.shell:Creating package descriptor '/root/ros2_ws/install/message/share/message/package.dsv'
[8.462s] INFO:colcon.colcon_core.shell:Creating package script '/root/ros2_ws/install/message/share/message/package.sh'
[8.468s] INFO:colcon.colcon_core.shell:Creating package script '/root/ros2_ws/install/message/share/message/package.bash'
[8.474s] INFO:colcon.colcon_core.shell:Creating package script '/root/ros2_ws/install/message/share/message/package.zsh'
[8.479s] Level 1:colcon.colcon_core.environment:create_file_with_runtime_dependencies(/root/ros2_ws/install/message/share/colcon-core/packages/message)
[8.483s] Level 1:colcon.colcon_core.environment:create_environment_scripts_only(message)
[8.485s] Level 1:colcon.colcon_core.environment:checking '/root/ros2_ws/install/message' for CMake module files
[8.491s] Level 1:colcon.colcon_core.environment:checking '/root/ros2_ws/install/message' for CMake config files
[8.495s] Level 1:colcon.colcon_core.shell:create_environment_hook('message', 'cmake_prefix_path')
[8.497s] INFO:colcon.colcon_core.shell:Creating environment hook '/root/ros2_ws/install/message/share/message/hook/cmake_prefix_path.ps1'
[8.500s] INFO:colcon.colcon_core.shell:Creating environment descriptor '/root/ros2_ws/install/message/share/message/hook/cmake_prefix_path.dsv'
[8.503s] INFO:colcon.colcon_core.shell:Creating environment hook '/root/ros2_ws/install/message/share/message/hook/cmake_prefix_path.sh'
[8.507s] Level 1:colcon.colcon_core.environment:checking '/root/ros2_ws/install/message/lib'
[8.507s] Level 1:colcon.colcon_core.shell:create_environment_hook('message', 'ld_library_path_lib')
[8.509s] INFO:colcon.colcon_core.shell:Creating environment hook '/root/ros2_ws/install/message/share/message/hook/ld_library_path_lib.ps1'
[8.512s] INFO:colcon.colcon_core.shell:Creating environment descriptor '/root/ros2_ws/install/message/share/message/hook/ld_library_path_lib.dsv'
[8.515s] INFO:colcon.colcon_core.shell:Creating environment hook '/root/ros2_ws/install/message/share/message/hook/ld_library_path_lib.sh'
[8.518s] Level 1:colcon.colcon_core.environment:checking '/root/ros2_ws/install/message/bin'
[8.518s] Level 1:colcon.colcon_core.environment:checking '/root/ros2_ws/install/message/lib/pkgconfig/message.pc'
[8.520s] Level 1:colcon.colcon_core.environment:checking '/root/ros2_ws/install/message/lib/python3.10/site-packages'
[8.521s] Level 1:colcon.colcon_core.environment:checking '/root/ros2_ws/install/message/bin'
[8.523s] INFO:colcon.colcon_core.shell:Creating package script '/root/ros2_ws/install/message/share/message/package.ps1'
[8.528s] INFO:colcon.colcon_core.shell:Creating package descriptor '/root/ros2_ws/install/message/share/message/package.dsv'
[8.532s] INFO:colcon.colcon_core.shell:Creating package script '/root/ros2_ws/install/message/share/message/package.sh'
[8.536s] INFO:colcon.colcon_core.shell:Creating package script '/root/ros2_ws/install/message/share/message/package.bash'
[8.539s] INFO:colcon.colcon_core.shell:Creating package script '/root/ros2_ws/install/message/share/message/package.zsh'
[8.542s] Level 1:colcon.colcon_core.environment:create_file_with_runtime_dependencies(/root/ros2_ws/install/message/share/colcon-core/packages/message)
[8.543s] Level 1:colcon.colcon_core.environment:create_environment_scripts_only(mybot_interfaces)
[8.545s] Level 1:colcon.colcon_core.environment:checking '/root/ros2_ws/install/mybot_interfaces' for CMake module files
[8.552s] DEBUG:colcon.colcon_core.event_handler.log_command:Invoked command in '/root/ros2_ws/build/mybot_interfaces' returned '0': CMAKE_PREFIX_PATH=${CMAKE_PREFIX_PATH}:/root/ros2_ws/install/my_ros2_project:/opt/ros/humble /usr/bin/cmake --install /root/ros2_ws/build/mybot_interfaces
[8.556s] Level 1:colcon.colcon_core.environment:checking '/root/ros2_ws/install/mybot_interfaces' for CMake config files
[8.559s] Level 1:colcon.colcon_core.shell:create_environment_hook('mybot_interfaces', 'cmake_prefix_path')
[8.561s] INFO:colcon.colcon_core.shell:Creating environment hook '/root/ros2_ws/install/mybot_interfaces/share/mybot_interfaces/hook/cmake_prefix_path.ps1'
[8.564s] INFO:colcon.colcon_core.shell:Creating environment descriptor '/root/ros2_ws/install/mybot_interfaces/share/mybot_interfaces/hook/cmake_prefix_path.dsv'
[8.567s] INFO:colcon.colcon_core.shell:Creating environment hook '/root/ros2_ws/install/mybot_interfaces/share/mybot_interfaces/hook/cmake_prefix_path.sh'
[8.571s] Level 1:colcon.colcon_core.environment:checking '/root/ros2_ws/install/mybot_interfaces/lib'
[8.571s] Level 1:colcon.colcon_core.shell:create_environment_hook('mybot_interfaces', 'ld_library_path_lib')
[8.573s] INFO:colcon.colcon_core.shell:Creating environment hook '/root/ros2_ws/install/mybot_interfaces/share/mybot_interfaces/hook/ld_library_path_lib.ps1'
[8.576s] INFO:colcon.colcon_core.shell:Creating environment descriptor '/root/ros2_ws/install/mybot_interfaces/share/mybot_interfaces/hook/ld_library_path_lib.dsv'
[8.579s] INFO:colcon.colcon_core.shell:Creating environment hook '/root/ros2_ws/install/mybot_interfaces/share/mybot_interfaces/hook/ld_library_path_lib.sh'
[8.581s] Level 1:colcon.colcon_core.environment:checking '/root/ros2_ws/install/mybot_interfaces/bin'
[8.582s] Level 1:colcon.colcon_core.environment:checking '/root/ros2_ws/install/mybot_interfaces/lib/pkgconfig/mybot_interfaces.pc'
[8.583s] Level 1:colcon.colcon_core.environment:checking '/root/ros2_ws/install/mybot_interfaces/lib/python3.10/site-packages'
[8.585s] Level 1:colcon.colcon_core.environment:checking '/root/ros2_ws/install/mybot_interfaces/bin'
[8.587s] INFO:colcon.colcon_core.shell:Creating package script '/root/ros2_ws/install/mybot_interfaces/share/mybot_interfaces/package.ps1'
[8.592s] INFO:colcon.colcon_core.shell:Creating package descriptor '/root/ros2_ws/install/mybot_interfaces/share/mybot_interfaces/package.dsv'
[8.597s] INFO:colcon.colcon_core.shell:Creating package script '/root/ros2_ws/install/mybot_interfaces/share/mybot_interfaces/package.sh'
[8.601s] INFO:colcon.colcon_core.shell:Creating package script '/root/ros2_ws/install/mybot_interfaces/share/mybot_interfaces/package.bash'
[8.604s] INFO:colcon.colcon_core.shell:Creating package script '/root/ros2_ws/install/mybot_interfaces/share/mybot_interfaces/package.zsh'
[8.606s] Level 1:colcon.colcon_core.environment:create_file_with_runtime_dependencies(/root/ros2_ws/install/mybot_interfaces/share/colcon-core/packages/mybot_interfaces)
[8.610s] Level 1:colcon.colcon_core.environment:create_environment_scripts_only(mybot_interfaces)
[8.611s] Level 1:colcon.colcon_core.environment:checking '/root/ros2_ws/install/mybot_interfaces' for CMake module files
[8.617s] Level 1:colcon.colcon_core.environment:checking '/root/ros2_ws/install/mybot_interfaces' for CMake config files
[8.620s] Level 1:colcon.colcon_core.shell:create_environment_hook('mybot_interfaces', 'cmake_prefix_path')
[8.622s] INFO:colcon.colcon_core.shell:Creating environment hook '/root/ros2_ws/install/mybot_interfaces/share/mybot_interfaces/hook/cmake_prefix_path.ps1'
[8.625s] INFO:colcon.colcon_core.shell:Creating environment descriptor '/root/ros2_ws/install/mybot_interfaces/share/mybot_interfaces/hook/cmake_prefix_path.dsv'
[8.627s] INFO:colcon.colcon_core.shell:Creating environment hook '/root/ros2_ws/install/mybot_interfaces/share/mybot_interfaces/hook/cmake_prefix_path.sh'
[8.631s] Level 1:colcon.colcon_core.environment:checking '/root/ros2_ws/install/mybot_interfaces/lib'
[8.631s] Level 1:colcon.colcon_core.shell:create_environment_hook('mybot_interfaces', 'ld_library_path_lib')
[8.633s] INFO:colcon.colcon_core.shell:Creating environment hook '/root/ros2_ws/install/mybot_interfaces/share/mybot_interfaces/hook/ld_library_path_lib.ps1'
[8.636s] INFO:colcon.colcon_core.shell:Creating environment descriptor '/root/ros2_ws/install/mybot_interfaces/share/mybot_interfaces/hook/ld_library_path_lib.dsv'
[8.639s] INFO:colcon.colcon_core.shell:Creating environment hook '/root/ros2_ws/install/mybot_interfaces/share/mybot_interfaces/hook/ld_library_path_lib.sh'
[8.642s] Level 1:colcon.colcon_core.environment:checking '/root/ros2_ws/install/mybot_interfaces/bin'
[8.643s] Level 1:colcon.colcon_core.environment:checking '/root/ros2_ws/install/mybot_interfaces/lib/pkgconfig/mybot_interfaces.pc'
[8.644s] Level 1:colcon.colcon_core.environment:checking '/root/ros2_ws/install/mybot_interfaces/lib/python3.10/site-packages'
[8.645s] Level 1:colcon.colcon_core.environment:checking '/root/ros2_ws/install/mybot_interfaces/bin'
[8.648s] INFO:colcon.colcon_core.shell:Creating package script '/root/ros2_ws/install/mybot_interfaces/share/mybot_interfaces/package.ps1'
[8.652s] INFO:colcon.colcon_core.shell:Creating package descriptor '/root/ros2_ws/install/mybot_interfaces/share/mybot_interfaces/package.dsv'
[8.657s] INFO:colcon.colcon_core.shell:Creating package script '/root/ros2_ws/install/mybot_interfaces/share/mybot_interfaces/package.sh'
[8.660s] INFO:colcon.colcon_core.shell:Creating package script '/root/ros2_ws/install/mybot_interfaces/share/mybot_interfaces/package.bash'
[8.664s] INFO:colcon.colcon_core.shell:Creating package script '/root/ros2_ws/install/mybot_interfaces/share/mybot_interfaces/package.zsh'
[8.667s] Level 1:colcon.colcon_core.environment:create_file_with_runtime_dependencies(/root/ros2_ws/install/mybot_interfaces/share/colcon-core/packages/mybot_interfaces)
[8.669s] INFO:colcon.colcon_ros.task.ament_python.build:Building ROS package in '/root/ros2_ws/src/my_ros2_project' with build type 'ament_python'
[8.669s] Level 1:colcon.colcon_core.shell:create_environment_hook('my_ros2_project', 'ament_prefix_path')
[8.671s] INFO:colcon.colcon_core.shell:Creating environment hook '/root/ros2_ws/install/my_ros2_project/share/my_ros2_project/hook/ament_prefix_path.ps1'
[8.677s] INFO:colcon.colcon_core.shell:Creating environment descriptor '/root/ros2_ws/install/my_ros2_project/share/my_ros2_project/hook/ament_prefix_path.dsv'
[8.681s] INFO:colcon.colcon_core.shell:Creating environment hook '/root/ros2_ws/install/my_ros2_project/share/my_ros2_project/hook/ament_prefix_path.sh'
[8.687s] INFO:colcon.colcon_core.shell:Skip shell extension 'powershell' for command environment: Not usable outside of PowerShell
[8.687s] DEBUG:colcon.colcon_core.shell:Skip shell extension 'dsv' for command environment
[10.624s] INFO:colcon.colcon_core.task.python.build:Building Python package in '/root/ros2_ws/src/my_ros2_project'
[10.626s] INFO:colcon.colcon_core.shell:Skip shell extension 'powershell' for command environment: Not usable outside of PowerShell
[10.626s] DEBUG:colcon.colcon_core.shell:Skip shell extension 'dsv' for command environment
[13.014s] DEBUG:colcon.colcon_core.event_handler.log_command:Invoking command in '/root/ros2_ws/src/my_ros2_project': CMAKE_PREFIX_PATH=/root/ros2_ws/install/message:/root/ros2_ws/install/mybot_interfaces LD_LIBRARY_PATH=/root/ros2_ws/install/message/lib:/root/ros2_ws/install/mybot_interfaces/lib:/opt/ros/humble/lib/aarch64-linux-gnu:/opt/ros/humble/lib PYTHONPATH=/root/ros2_ws/build/my_ros2_project/prefix_override:/usr/lib/python3/dist-packages/colcon_core/task/python/colcon_distutils_commands:/root/ros2_ws/install/my_ros2_project/lib/python3.10/site-packages:${PYTHONPATH} /usr/bin/python3 -W ignore:setup.py install is deprecated -W ignore:easy_install command is deprecated setup.py egg_info --egg-base ../../build/my_ros2_project build --build-base /root/ros2_ws/build/my_ros2_project/build install --record /root/ros2_ws/build/my_ros2_project/install.log --single-version-externally-managed install_data
[15.110s] Level 1:colcon.colcon_core.environment:checking '/root/ros2_ws/install/my_ros2_project' for CMake module files
[15.113s] DEBUG:colcon.colcon_core.event_handler.log_command:Invoked command in '/root/ros2_ws/src/my_ros2_project' returned '0': CMAKE_PREFIX_PATH=/root/ros2_ws/install/message:/root/ros2_ws/install/mybot_interfaces LD_LIBRARY_PATH=/root/ros2_ws/install/message/lib:/root/ros2_ws/install/mybot_interfaces/lib:/opt/ros/humble/lib/aarch64-linux-gnu:/opt/ros/humble/lib PYTHONPATH=/root/ros2_ws/build/my_ros2_project/prefix_override:/usr/lib/python3/dist-packages/colcon_core/task/python/colcon_distutils_commands:/root/ros2_ws/install/my_ros2_project/lib/python3.10/site-packages:${PYTHONPATH} /usr/bin/python3 -W ignore:setup.py install is deprecated -W ignore:easy_install command is deprecated setup.py egg_info --egg-base ../../build/my_ros2_project build --build-base /root/ros2_ws/build/my_ros2_project/build install --record /root/ros2_ws/build/my_ros2_project/install.log --single-version-externally-managed install_data
[15.115s] Level 1:colcon.colcon_core.environment:checking '/root/ros2_ws/install/my_ros2_project' for CMake config files
[15.118s] Level 1:colcon.colcon_core.environment:checking '/root/ros2_ws/install/my_ros2_project/lib'
[15.119s] Level 1:colcon.colcon_core.environment:checking '/root/ros2_ws/install/my_ros2_project/bin'
[15.119s] Level 1:colcon.colcon_core.environment:checking '/root/ros2_ws/install/my_ros2_project/lib/pkgconfig/my_ros2_project.pc'
[15.121s] Level 1:colcon.colcon_core.environment:checking '/root/ros2_ws/install/my_ros2_project/lib/python3.10/site-packages'
[15.121s] Level 1:colcon.colcon_core.shell:create_environment_hook('my_ros2_project', 'pythonpath')
[15.123s] INFO:colcon.colcon_core.shell:Creating environment hook '/root/ros2_ws/install/my_ros2_project/share/my_ros2_project/hook/pythonpath.ps1'
[15.126s] INFO:colcon.colcon_core.shell:Creating environment descriptor '/root/ros2_ws/install/my_ros2_project/share/my_ros2_project/hook/pythonpath.dsv'
[15.128s] INFO:colcon.colcon_core.shell:Creating environment hook '/root/ros2_ws/install/my_ros2_project/share/my_ros2_project/hook/pythonpath.sh'
[15.133s] Level 1:colcon.colcon_core.environment:checking '/root/ros2_ws/install/my_ros2_project/bin'
[15.133s] Level 1:colcon.colcon_core.environment:create_environment_scripts_only(my_ros2_project)
[15.135s] INFO:colcon.colcon_core.shell:Creating package script '/root/ros2_ws/install/my_ros2_project/share/my_ros2_project/package.ps1'
[15.139s] INFO:colcon.colcon_core.shell:Creating package descriptor '/root/ros2_ws/install/my_ros2_project/share/my_ros2_project/package.dsv'
[15.143s] INFO:colcon.colcon_core.shell:Creating package script '/root/ros2_ws/install/my_ros2_project/share/my_ros2_project/package.sh'
[15.146s] INFO:colcon.colcon_core.shell:Creating package script '/root/ros2_ws/install/my_ros2_project/share/my_ros2_project/package.bash'
[15.149s] INFO:colcon.colcon_core.shell:Creating package script '/root/ros2_ws/install/my_ros2_project/share/my_ros2_project/package.zsh'
[15.151s] Level 1:colcon.colcon_core.environment:create_file_with_runtime_dependencies(/root/ros2_ws/install/my_ros2_project/share/colcon-core/packages/my_ros2_project)
[15.155s] INFO:colcon.colcon_ros.task.ament_cmake.build:Building ROS package in '/root/ros2_ws/src/mybot' with build type 'ament_cmake'
[15.155s] INFO:colcon.colcon_cmake.task.cmake.build:Building CMake package in '/root/ros2_ws/src/mybot'
[15.157s] INFO:colcon.colcon_core.shell:Skip shell extension 'powershell' for command environment: Not usable outside of PowerShell
[15.158s] DEBUG:colcon.colcon_core.shell:Skip shell extension 'dsv' for command environment
[15.298s] DEBUG:colcon.colcon_core.event_handler.log_command:Invoking command in '/root/ros2_ws/build/mybot': AMENT_PREFIX_PATH=/root/ros2_ws/install/my_ros2_project:/root/ros2_ws/install/mybot_interfaces:/root/ros2_ws/install/message:/opt/ros/humble CMAKE_PREFIX_PATH=/root/ros2_ws/install/message:/root/ros2_ws/install/mybot_interfaces:/root/ros2_ws/install/my_ros2_project:/opt/ros/humble LD_LIBRARY_PATH=/root/ros2_ws/install/message/lib:/root/ros2_ws/install/mybot_interfaces/lib:/opt/ros/humble/lib/aarch64-linux-gnu:/opt/ros/humble/lib PYTHONPATH=/root/ros2_ws/install/my_ros2_project/lib/python3.10/site-packages:/root/ros2_ws/install/mybot_interfaces/local/lib/python3.10/dist-packages:/root/ros2_ws/install/message/local/lib/python3.10/dist-packages:/opt/ros/humble/lib/python3.10/site-packages:/opt/ros/humble/local/lib/python3.10/dist-packages /usr/bin/cmake --build /root/ros2_ws/build/mybot -- -j8 -l8
[113.882s] DEBUG:colcon.colcon_core.event_handler.log_command:Invoked command in '/root/ros2_ws/build/mybot' returned '0': AMENT_PREFIX_PATH=/root/ros2_ws/install/my_ros2_project:/root/ros2_ws/install/mybot_interfaces:/root/ros2_ws/install/message:/opt/ros/humble CMAKE_PREFIX_PATH=/root/ros2_ws/install/message:/root/ros2_ws/install/mybot_interfaces:/root/ros2_ws/install/my_ros2_project:/opt/ros/humble LD_LIBRARY_PATH=/root/ros2_ws/install/message/lib:/root/ros2_ws/install/mybot_interfaces/lib:/opt/ros/humble/lib/aarch64-linux-gnu:/opt/ros/humble/lib PYTHONPATH=/root/ros2_ws/install/my_ros2_project/lib/python3.10/site-packages:/root/ros2_ws/install/mybot_interfaces/local/lib/python3.10/dist-packages:/root/ros2_ws/install/message/local/lib/python3.10/dist-packages:/opt/ros/humble/lib/python3.10/site-packages:/opt/ros/humble/local/lib/python3.10/dist-packages /usr/bin/cmake --build /root/ros2_ws/build/mybot -- -j8 -l8
[113.891s] DEBUG:colcon.colcon_core.event_handler.log_command:Invoking command in '/root/ros2_ws/build/mybot': AMENT_PREFIX_PATH=/root/ros2_ws/install/my_ros2_project:/root/ros2_ws/install/mybot_interfaces:/root/ros2_ws/install/message:/opt/ros/humble CMAKE_PREFIX_PATH=/root/ros2_ws/install/message:/root/ros2_ws/install/mybot_interfaces:/root/ros2_ws/install/my_ros2_project:/opt/ros/humble LD_LIBRARY_PATH=/root/ros2_ws/install/message/lib:/root/ros2_ws/install/mybot_interfaces/lib:/opt/ros/humble/lib/aarch64-linux-gnu:/opt/ros/humble/lib PYTHONPATH=/root/ros2_ws/install/my_ros2_project/lib/python3.10/site-packages:/root/ros2_ws/install/mybot_interfaces/local/lib/python3.10/dist-packages:/root/ros2_ws/install/message/local/lib/python3.10/dist-packages:/opt/ros/humble/lib/python3.10/site-packages:/opt/ros/humble/local/lib/python3.10/dist-packages /usr/bin/cmake --install /root/ros2_ws/build/mybot
[114.070s] Level 1:colcon.colcon_core.environment:create_environment_scripts_only(mybot)
[114.071s] DEBUG:colcon.colcon_core.event_handler.log_command:Invoked command in '/root/ros2_ws/build/mybot' returned '0': AMENT_PREFIX_PATH=/root/ros2_ws/install/my_ros2_project:/root/ros2_ws/install/mybot_interfaces:/root/ros2_ws/install/message:/opt/ros/humble CMAKE_PREFIX_PATH=/root/ros2_ws/install/message:/root/ros2_ws/install/mybot_interfaces:/root/ros2_ws/install/my_ros2_project:/opt/ros/humble LD_LIBRARY_PATH=/root/ros2_ws/install/message/lib:/root/ros2_ws/install/mybot_interfaces/lib:/opt/ros/humble/lib/aarch64-linux-gnu:/opt/ros/humble/lib PYTHONPATH=/root/ros2_ws/install/my_ros2_project/lib/python3.10/site-packages:/root/ros2_ws/install/mybot_interfaces/local/lib/python3.10/dist-packages:/root/ros2_ws/install/message/local/lib/python3.10/dist-packages:/opt/ros/humble/lib/python3.10/site-packages:/opt/ros/humble/local/lib/python3.10/dist-packages /usr/bin/cmake --install /root/ros2_ws/build/mybot
[114.073s] Level 1:colcon.colcon_core.environment:checking '/root/ros2_ws/install/mybot' for CMake module files
[114.078s] Level 1:colcon.colcon_core.environment:checking '/root/ros2_ws/install/mybot' for CMake config files
[114.079s] Level 1:colcon.colcon_core.shell:create_environment_hook('mybot', 'cmake_prefix_path')
[114.081s] INFO:colcon.colcon_core.shell:Creating environment hook '/root/ros2_ws/install/mybot/share/mybot/hook/cmake_prefix_path.ps1'
[114.084s] INFO:colcon.colcon_core.shell:Creating environment descriptor '/root/ros2_ws/install/mybot/share/mybot/hook/cmake_prefix_path.dsv'
[114.086s] INFO:colcon.colcon_core.shell:Creating environment hook '/root/ros2_ws/install/mybot/share/mybot/hook/cmake_prefix_path.sh'
[114.090s] Level 1:colcon.colcon_core.environment:checking '/root/ros2_ws/install/mybot/lib'
[114.091s] Level 1:colcon.colcon_core.environment:checking '/root/ros2_ws/install/mybot/bin'
[114.091s] Level 1:colcon.colcon_core.environment:checking '/root/ros2_ws/install/mybot/lib/pkgconfig/mybot.pc'
[114.093s] Level 1:colcon.colcon_core.environment:checking '/root/ros2_ws/install/mybot/lib/python3.10/site-packages'
[114.094s] Level 1:colcon.colcon_core.environment:checking '/root/ros2_ws/install/mybot/bin'
[114.097s] INFO:colcon.colcon_core.shell:Creating package script '/root/ros2_ws/install/mybot/share/mybot/package.ps1'
[114.100s] INFO:colcon.colcon_core.shell:Creating package descriptor '/root/ros2_ws/install/mybot/share/mybot/package.dsv'
[114.103s] INFO:colcon.colcon_core.shell:Creating package script '/root/ros2_ws/install/mybot/share/mybot/package.sh'
[114.106s] INFO:colcon.colcon_core.shell:Creating package script '/root/ros2_ws/install/mybot/share/mybot/package.bash'
[114.108s] INFO:colcon.colcon_core.shell:Creating package script '/root/ros2_ws/install/mybot/share/mybot/package.zsh'
[114.111s] Level 1:colcon.colcon_core.environment:create_file_with_runtime_dependencies(/root/ros2_ws/install/mybot/share/colcon-core/packages/mybot)
[114.116s] Level 1:colcon.colcon_core.environment:create_environment_scripts_only(mybot)
[114.118s] Level 1:colcon.colcon_core.environment:checking '/root/ros2_ws/install/mybot' for CMake module files
[114.122s] Level 1:colcon.colcon_core.environment:checking '/root/ros2_ws/install/mybot' for CMake config files
[114.123s] Level 1:colcon.colcon_core.shell:create_environment_hook('mybot', 'cmake_prefix_path')
[114.125s] INFO:colcon.colcon_core.shell:Creating environment hook '/root/ros2_ws/install/mybot/share/mybot/hook/cmake_prefix_path.ps1'
[114.128s] INFO:colcon.colcon_core.shell:Creating environment descriptor '/root/ros2_ws/install/mybot/share/mybot/hook/cmake_prefix_path.dsv'
[114.131s] INFO:colcon.colcon_core.shell:Creating environment hook '/root/ros2_ws/install/mybot/share/mybot/hook/cmake_prefix_path.sh'
[114.135s] Level 1:colcon.colcon_core.environment:checking '/root/ros2_ws/install/mybot/lib'
[114.135s] Level 1:colcon.colcon_core.environment:checking '/root/ros2_ws/install/mybot/bin'
[114.136s] Level 1:colcon.colcon_core.environment:checking '/root/ros2_ws/install/mybot/lib/pkgconfig/mybot.pc'
[114.137s] Level 1:colcon.colcon_core.environment:checking '/root/ros2_ws/install/mybot/lib/python3.10/site-packages'
[114.138s] Level 1:colcon.colcon_core.environment:checking '/root/ros2_ws/install/mybot/bin'
[114.141s] INFO:colcon.colcon_core.shell:Creating package script '/root/ros2_ws/install/mybot/share/mybot/package.ps1'
[114.145s] INFO:colcon.colcon_core.shell:Creating package descriptor '/root/ros2_ws/install/mybot/share/mybot/package.dsv'
[114.149s] INFO:colcon.colcon_core.shell:Creating package script '/root/ros2_ws/install/mybot/share/mybot/package.sh'
[114.153s] INFO:colcon.colcon_core.shell:Creating package script '/root/ros2_ws/install/mybot/share/mybot/package.bash'
[114.156s] INFO:colcon.colcon_core.shell:Creating package script '/root/ros2_ws/install/mybot/share/mybot/package.zsh'
[114.159s] Level 1:colcon.colcon_core.environment:create_file_with_runtime_dependencies(/root/ros2_ws/install/mybot/share/colcon-core/packages/mybot)
[114.161s] DEBUG:colcon.colcon_parallel_executor.executor.parallel:closing loop
[114.164s] DEBUG:colcon.colcon_parallel_executor.executor.parallel:loop closed
[114.164s] DEBUG:colcon.colcon_parallel_executor.executor.parallel:run_until_complete finished with '0'
[114.164s] DEBUG:colcon.colcon_core.event_reactor:joining thread
[114.200s] INFO:colcon.colcon_core.plugin_system:Skipping extension 'colcon_notification.desktop_notification.notify_send': Could not find 'notify-send'
[114.201s] INFO:colcon.colcon_core.plugin_system:Skipping extension 'colcon_notification.desktop_notification.terminal_notifier': Not used on non-Darwin systems
[114.201s] INFO:colcon.colcon_core.plugin_system:Skipping extension 'colcon_notification.desktop_notification.win32': Not used on non-Windows systems
[114.201s] INFO:colcon.colcon_notification.desktop_notification:Sending desktop notification using 'notify2'
[114.204s] DEBUG:colcon.colcon_notification.desktop_notification.notify2:Failed to initialize notify2: org.freedesktop.DBus.Error.NotSupported: Unable to autolaunch a dbus-daemon without a $DISPLAY for X11
[114.205s] DEBUG:colcon.colcon_core.event_reactor:joined thread
[114.207s] INFO:colcon.colcon_core.shell:Creating prefix script '/root/ros2_ws/install/local_setup.ps1'
[114.214s] INFO:colcon.colcon_core.shell:Creating prefix util module '/root/ros2_ws/install/_local_setup_util_ps1.py'
[114.226s] INFO:colcon.colcon_core.shell:Creating prefix chain script '/root/ros2_ws/install/setup.ps1'
[114.234s] INFO:colcon.colcon_core.shell:Creating prefix script '/root/ros2_ws/install/local_setup.sh'
[114.238s] INFO:colcon.colcon_core.shell:Creating prefix util module '/root/ros2_ws/install/_local_setup_util_sh.py'
[114.242s] INFO:colcon.colcon_core.shell:Creating prefix chain script '/root/ros2_ws/install/setup.sh'
[114.251s] INFO:colcon.colcon_core.shell:Creating prefix script '/root/ros2_ws/install/local_setup.bash'
[114.254s] INFO:colcon.colcon_core.shell:Creating prefix chain script '/root/ros2_ws/install/setup.bash'
[114.262s] INFO:colcon.colcon_core.shell:Creating prefix script '/root/ros2_ws/install/local_setup.zsh'
[114.265s] INFO:colcon.colcon_core.shell:Creating prefix chain script '/root/ros2_ws/install/setup.zsh'
