[01m[K/root/ros2_ws/src/mybot/src/joint_state_publisher_node.cpp:[m[K In member function ‘[01m[Kvoid JointStatePublisherNode::publish_joint_states()[m[K’:
[01m[K/root/ros2_ws/src/mybot/src/joint_state_publisher_node.cpp:144:9:[m[K [01;31m[Kerror: [m[K‘[01m[Kvector[m[K’ was not declared in this scope
  144 |         [01;31m[Kvector[m[K<double> zw_positions = positions_;
      |         [01;31m[K^~~~~~[m[K
[01m[K/root/ros2_ws/src/mybot/src/joint_state_publisher_node.cpp:144:9:[m[K [01;36m[Knote: [m[Ksuggested alternatives:
In file included from [01m[K/usr/include/c++/11/vector:67[m[K,
                 from [01m[K/usr/include/c++/11/functional:62[m[K,
                 from [01m[K/usr/include/c++/11/pstl/glue_algorithm_defs.h:13[m[K,
                 from [01m[K/usr/include/c++/11/algorithm:74[m[K,
                 from [01m[K/opt/ros/humble/include/rclcpp/rclcpp/executor.hpp:18[m[K,
                 from [01m[K/opt/ros/humble/include/rclcpp/rclcpp/executors/multi_threaded_executor.hpp:25[m[K,
                 from [01m[K/opt/ros/humble/include/rclcpp/rclcpp/executors.hpp:21[m[K,
                 from [01m[K/opt/ros/humble/include/rclcpp/rclcpp/rclcpp.hpp:155[m[K,
                 from [01m[K/root/ros2_ws/src/mybot/src/joint_state_publisher_node.cpp:1[m[K:
[01m[K/usr/include/c++/11/bits/stl_vector.h:389:11:[m[K [01;36m[Knote: [m[K  ‘[01m[Kstd::vector[m[K’
  389 |     class [01;36m[Kvector[m[K : protected _Vector_base<_Tp, _Alloc>
      |           [01;36m[K^~~~~~[m[K
In file included from [01m[K/usr/include/c++/11/functional:62[m[K,
                 from [01m[K/usr/include/c++/11/pstl/glue_algorithm_defs.h:13[m[K,
                 from [01m[K/usr/include/c++/11/algorithm:74[m[K,
                 from [01m[K/opt/ros/humble/include/rclcpp/rclcpp/executor.hpp:18[m[K,
                 from [01m[K/opt/ros/humble/include/rclcpp/rclcpp/executors/multi_threaded_executor.hpp:25[m[K,
                 from [01m[K/opt/ros/humble/include/rclcpp/rclcpp/executors.hpp:21[m[K,
                 from [01m[K/opt/ros/humble/include/rclcpp/rclcpp/rclcpp.hpp:155[m[K,
                 from [01m[K/root/ros2_ws/src/mybot/src/joint_state_publisher_node.cpp:1[m[K:
[01m[K/usr/include/c++/11/vector:86:13:[m[K [01;36m[Knote: [m[K  ‘[01m[Kstd::pmr::vector[m[K’
   86 |       using [01;36m[Kvector[m[K = std::vector<_Tp, polymorphic_allocator<_Tp>>;
      |             [01;36m[K^~~~~~[m[K
[01m[K/root/ros2_ws/src/mybot/src/joint_state_publisher_node.cpp:144:16:[m[K [01;31m[Kerror: [m[Kexpected primary-expression before ‘[01m[Kdouble[m[K’
  144 |         vector<[01;31m[Kdouble[m[K> zw_positions = positions_;
      |                [01;31m[K^~~~~~[m[K
[01m[K/root/ros2_ws/src/mybot/src/joint_state_publisher_node.cpp:146:16:[m[K [01;31m[Kerror: [m[Kexpected primary-expression before ‘[01m[Kdouble[m[K’
  146 |         vector<[01;31m[Kdouble[m[K> vect = matrixVectorMultiplication(zw_positions[12], zw_positions[14]);
      |                [01;31m[K^~~~~~[m[K
[01m[K/root/ros2_ws/src/mybot/src/joint_state_publisher_node.cpp:147:9:[m[K [01;31m[Kerror: [m[K‘[01m[Kzw_positions[m[K’ was not declared in this scope; did you mean ‘[01m[Kpositions_[m[K’?
  147 |         [01;31m[Kzw_positions[m[K[12] = vect[0];
      |         [01;31m[K^~~~~~~~~~~~[m[K
      |         [32m[Kpositions_[m[K
[01m[K/root/ros2_ws/src/mybot/src/joint_state_publisher_node.cpp:147:28:[m[K [01;31m[Kerror: [m[K‘[01m[Kvect[m[K’ was not declared in this scope
  147 |         zw_positions[12] = [01;31m[Kvect[m[K[0];
      |                            [01;31m[K^~~~[m[K
gmake[2]: *** [CMakeFiles/joint_state_publisher_node.dir/build.make:76: CMakeFiles/joint_state_publisher_node.dir/src/joint_state_publisher_node.cpp.o] Error 1
gmake[1]: *** [CMakeFiles/Makefile2:193: CMakeFiles/joint_state_publisher_node.dir/all] Error 2
gmake[1]: *** Waiting for unfinished jobs....
gmake: *** [Makefile:146: all] Error 2
