[0.137s] Invoking command in '/root/ros2_ws/build/mybot': AMENT_PREFIX_PATH=/root/ros2_ws/install/my_ros2_project:/root/ros2_ws/install/mybot_interfaces:/root/ros2_ws/install/message:/opt/ros/humble CMAKE_PREFIX_PATH=/root/ros2_ws/install/message:/root/ros2_ws/install/mybot_interfaces:/root/ros2_ws/install/my_ros2_project:/opt/ros/humble LD_LIBRARY_PATH=/root/ros2_ws/install/message/lib:/root/ros2_ws/install/mybot_interfaces/lib:/opt/ros/humble/lib/aarch64-linux-gnu:/opt/ros/humble/lib PYTHONPATH=/root/ros2_ws/install/my_ros2_project/lib/python3.10/site-packages:/root/ros2_ws/install/mybot_interfaces/local/lib/python3.10/dist-packages:/root/ros2_ws/install/message/local/lib/python3.10/dist-packages:/opt/ros/humble/lib/python3.10/site-packages:/opt/ros/humble/local/lib/python3.10/dist-packages /usr/bin/cmake --build /root/ros2_ws/build/mybot -- -j8 -l8
[0.863s] [35m[1mConsolidate compiler generated dependencies of target face_tracking_node[0m
[1.059s] [ 33%] Built target motor_node
[1.065s] [ 50%] [32mBuilding CXX object CMakeFiles/joint_state_publisher_node.dir/src/joint_state_publisher_node.cpp.o[0m
[1.110s] [ 66%] [32mBuilding CXX object CMakeFiles/face_tracking_node.dir/src/face_tracking_node.cpp.o[0m
[25.271s] [01m[K/root/ros2_ws/src/mybot/src/joint_state_publisher_node.cpp:[m[K In member function ‘[01m[Kvoid JointStatePublisherNode::publish_joint_states()[m[K’:
[25.272s] [01m[K/root/ros2_ws/src/mybot/src/joint_state_publisher_node.cpp:144:9:[m[K [01;31m[Kerror: [m[K‘[01m[Kvector[m[K’ was not declared in this scope
[25.273s]   144 |         [01;31m[Kvector[m[K<double> zw_positions = positions_;
[25.274s]       |         [01;31m[K^~~~~~[m[K
[25.275s] [01m[K/root/ros2_ws/src/mybot/src/joint_state_publisher_node.cpp:144:9:[m[K [01;36m[Knote: [m[Ksuggested alternatives:
[25.278s] In file included from [01m[K/usr/include/c++/11/vector:67[m[K,
[25.279s]                  from [01m[K/usr/include/c++/11/functional:62[m[K,
[25.280s]                  from [01m[K/usr/include/c++/11/pstl/glue_algorithm_defs.h:13[m[K,
[25.280s]                  from [01m[K/usr/include/c++/11/algorithm:74[m[K,
[25.281s]                  from [01m[K/opt/ros/humble/include/rclcpp/rclcpp/executor.hpp:18[m[K,
[25.282s]                  from [01m[K/opt/ros/humble/include/rclcpp/rclcpp/executors/multi_threaded_executor.hpp:25[m[K,
[25.282s]                  from [01m[K/opt/ros/humble/include/rclcpp/rclcpp/executors.hpp:21[m[K,
[25.283s]                  from [01m[K/opt/ros/humble/include/rclcpp/rclcpp/rclcpp.hpp:155[m[K,
[25.284s]                  from [01m[K/root/ros2_ws/src/mybot/src/joint_state_publisher_node.cpp:1[m[K:
[25.285s] [01m[K/usr/include/c++/11/bits/stl_vector.h:389:11:[m[K [01;36m[Knote: [m[K  ‘[01m[Kstd::vector[m[K’
[25.285s]   389 |     class [01;36m[Kvector[m[K : protected _Vector_base<_Tp, _Alloc>
[25.286s]       |           [01;36m[K^~~~~~[m[K
[25.287s] In file included from [01m[K/usr/include/c++/11/functional:62[m[K,
[25.288s]                  from [01m[K/usr/include/c++/11/pstl/glue_algorithm_defs.h:13[m[K,
[25.288s]                  from [01m[K/usr/include/c++/11/algorithm:74[m[K,
[25.289s]                  from [01m[K/opt/ros/humble/include/rclcpp/rclcpp/executor.hpp:18[m[K,
[25.290s]                  from [01m[K/opt/ros/humble/include/rclcpp/rclcpp/executors/multi_threaded_executor.hpp:25[m[K,
[25.291s]                  from [01m[K/opt/ros/humble/include/rclcpp/rclcpp/executors.hpp:21[m[K,
[25.291s]                  from [01m[K/opt/ros/humble/include/rclcpp/rclcpp/rclcpp.hpp:155[m[K,
[25.292s]                  from [01m[K/root/ros2_ws/src/mybot/src/joint_state_publisher_node.cpp:1[m[K:
[25.293s] [01m[K/usr/include/c++/11/vector:86:13:[m[K [01;36m[Knote: [m[K  ‘[01m[Kstd::pmr::vector[m[K’
[25.294s]    86 |       using [01;36m[Kvector[m[K = std::vector<_Tp, polymorphic_allocator<_Tp>>;
[25.294s]       |             [01;36m[K^~~~~~[m[K
[25.295s] [01m[K/root/ros2_ws/src/mybot/src/joint_state_publisher_node.cpp:144:16:[m[K [01;31m[Kerror: [m[Kexpected primary-expression before ‘[01m[Kdouble[m[K’
[25.296s]   144 |         vector<[01;31m[Kdouble[m[K> zw_positions = positions_;
[25.297s]       |                [01;31m[K^~~~~~[m[K
[25.297s] [01m[K/root/ros2_ws/src/mybot/src/joint_state_publisher_node.cpp:146:16:[m[K [01;31m[Kerror: [m[Kexpected primary-expression before ‘[01m[Kdouble[m[K’
[25.298s]   146 |         vector<[01;31m[Kdouble[m[K> vect = matrixVectorMultiplication(zw_positions[12], zw_positions[14]);
[25.299s]       |                [01;31m[K^~~~~~[m[K
[25.336s] [01m[K/root/ros2_ws/src/mybot/src/joint_state_publisher_node.cpp:147:9:[m[K [01;31m[Kerror: [m[K‘[01m[Kzw_positions[m[K’ was not declared in this scope; did you mean ‘[01m[Kpositions_[m[K’?
[25.336s]   147 |         [01;31m[Kzw_positions[m[K[12] = vect[0];
[25.337s]       |         [01;31m[K^~~~~~~~~~~~[m[K
[25.338s]       |         [32m[Kpositions_[m[K
[25.370s] [01m[K/root/ros2_ws/src/mybot/src/joint_state_publisher_node.cpp:147:28:[m[K [01;31m[Kerror: [m[K‘[01m[Kvect[m[K’ was not declared in this scope
[25.371s]   147 |         zw_positions[12] = [01;31m[Kvect[m[K[0];
[25.372s]       |                            [01;31m[K^~~~[m[K
[41.494s] gmake[2]: *** [CMakeFiles/joint_state_publisher_node.dir/build.make:76: CMakeFiles/joint_state_publisher_node.dir/src/joint_state_publisher_node.cpp.o] Error 1
[41.503s] gmake[1]: *** [CMakeFiles/Makefile2:193: CMakeFiles/joint_state_publisher_node.dir/all] Error 2
[41.503s] gmake[1]: *** Waiting for unfinished jobs....
[93.529s] [ 83%] [32m[1mLinking CXX executable face_tracking_node[0m
[96.800s] [ 83%] Built target face_tracking_node
[96.817s] gmake: *** [Makefile:146: all] Error 2
[96.837s] Invoked command in '/root/ros2_ws/build/mybot' returned '2': AMENT_PREFIX_PATH=/root/ros2_ws/install/my_ros2_project:/root/ros2_ws/install/mybot_interfaces:/root/ros2_ws/install/message:/opt/ros/humble CMAKE_PREFIX_PATH=/root/ros2_ws/install/message:/root/ros2_ws/install/mybot_interfaces:/root/ros2_ws/install/my_ros2_project:/opt/ros/humble LD_LIBRARY_PATH=/root/ros2_ws/install/message/lib:/root/ros2_ws/install/mybot_interfaces/lib:/opt/ros/humble/lib/aarch64-linux-gnu:/opt/ros/humble/lib PYTHONPATH=/root/ros2_ws/install/my_ros2_project/lib/python3.10/site-packages:/root/ros2_ws/install/mybot_interfaces/local/lib/python3.10/dist-packages:/root/ros2_ws/install/message/local/lib/python3.10/dist-packages:/opt/ros/humble/lib/python3.10/site-packages:/opt/ros/humble/local/lib/python3.10/dist-packages /usr/bin/cmake --build /root/ros2_ws/build/mybot -- -j8 -l8
