[4.511s] Invoking command in '/root/ros2_ws/src/my_ros2_project': CMAKE_PREFIX_PATH=/root/ros2_ws/install/message:/root/ros2_ws/install/mybot_interfaces LD_LIBRARY_PATH=/root/ros2_ws/install/message/lib:/root/ros2_ws/install/mybot_interfaces/lib:/opt/ros/humble/lib/aarch64-linux-gnu:/opt/ros/humble/lib PYTHONPATH=/root/ros2_ws/build/my_ros2_project/prefix_override:/usr/lib/python3/dist-packages/colcon_core/task/python/colcon_distutils_commands:/root/ros2_ws/install/my_ros2_project/lib/python3.10/site-packages:${PYTHONPATH} /usr/bin/python3 -W ignore:setup.py install is deprecated -W ignore:easy_install command is deprecated setup.py egg_info --egg-base ../../build/my_ros2_project build --build-base /root/ros2_ws/build/my_ros2_project/build install --record /root/ros2_ws/build/my_ros2_project/install.log --single-version-externally-managed install_data
[6.359s] running egg_info
[6.365s] writing ../../build/my_ros2_project/my_ros2_project.egg-info/PKG-INFO
[6.367s] writing dependency_links to ../../build/my_ros2_project/my_ros2_project.egg-info/dependency_links.txt
[6.368s] writing entry points to ../../build/my_ros2_project/my_ros2_project.egg-info/entry_points.txt
[6.369s] writing requirements to ../../build/my_ros2_project/my_ros2_project.egg-info/requires.txt
[6.371s] writing top-level names to ../../build/my_ros2_project/my_ros2_project.egg-info/top_level.txt
[6.380s] reading manifest file '../../build/my_ros2_project/my_ros2_project.egg-info/SOURCES.txt'
[6.387s] writing manifest file '../../build/my_ros2_project/my_ros2_project.egg-info/SOURCES.txt'
[6.388s] running build
[6.389s] running build_py
[6.390s] running install
[6.392s] running install_lib
[6.403s] running install_data
[6.404s] running install_egg_info
[6.413s] removing '/root/ros2_ws/install/my_ros2_project/lib/python3.10/site-packages/my_ros2_project-0.0.0-py3.10.egg-info' (and everything under it)
[6.415s] Copying ../../build/my_ros2_project/my_ros2_project.egg-info to /root/ros2_ws/install/my_ros2_project/lib/python3.10/site-packages/my_ros2_project-0.0.0-py3.10.egg-info
[6.420s] running install_scripts
[6.578s] Installing socket_to_ros script to /root/ros2_ws/install/my_ros2_project/lib/my_ros2_project
[6.581s] writing list of installed files to '/root/ros2_ws/build/my_ros2_project/install.log'
[6.671s] Invoked command in '/root/ros2_ws/src/my_ros2_project' returned '0': CMAKE_PREFIX_PATH=/root/ros2_ws/install/message:/root/ros2_ws/install/mybot_interfaces LD_LIBRARY_PATH=/root/ros2_ws/install/message/lib:/root/ros2_ws/install/mybot_interfaces/lib:/opt/ros/humble/lib/aarch64-linux-gnu:/opt/ros/humble/lib PYTHONPATH=/root/ros2_ws/build/my_ros2_project/prefix_override:/usr/lib/python3/dist-packages/colcon_core/task/python/colcon_distutils_commands:/root/ros2_ws/install/my_ros2_project/lib/python3.10/site-packages:${PYTHONPATH} /usr/bin/python3 -W ignore:setup.py install is deprecated -W ignore:easy_install command is deprecated setup.py egg_info --egg-base ../../build/my_ros2_project build --build-base /root/ros2_ws/build/my_ros2_project/build install --record /root/ros2_ws/build/my_ros2_project/install.log --single-version-externally-managed install_data
