[35m[1mConsolidate compiler generated dependencies of target joint_state_publisher_node[0m
[35m[1mConsolidate compiler generated dependencies of target face_tracking_node[0m
[ 33%] Built target motor_node
[ 66%] Built target joint_state_publisher_node
[100%] Built target face_tracking_node
-- Install configuration: ""
-- Up-to-date: /root/ros2_ws/install/mybot/lib/mybot/face_tracking_node
-- Up-to-date: /root/ros2_ws/install/mybot/lib/mybot/motor_node
-- Up-to-date: /root/ros2_ws/install/mybot/lib/mybot/joint_state_publisher_node
-- Up-to-date: /root/ros2_ws/install/mybot/share/mybot/urdf
-- Up-to-date: /root/ros2_ws/install/mybot/share/mybot/urdf/motor.urdf
-- Installing: /root/ros2_ws/install/mybot/share/mybot/urdf/mybot.urdf
-- Up-to-date: /root/ros2_ws/install/mybot/share/mybot/launch
-- Installing: /root/ros2_ws/install/mybot/share/mybot/launch/__pycache__
-- Installing: /root/ros2_ws/install/mybot/share/mybot/launch/__pycache__/mybot_launch.cpython-310.pyc
-- Up-to-date: /root/ros2_ws/install/mybot/share/mybot/launch/mybot_launch.py
-- Up-to-date: /root/ros2_ws/install/mybot/share/mybot/rviz
-- Up-to-date: /root/ros2_ws/install/mybot/share/mybot/rviz/rviz.rviz
-- Up-to-date: /root/ros2_ws/install/mybot/share/ament_index/resource_index/package_run_dependencies/mybot
-- Up-to-date: /root/ros2_ws/install/mybot/share/ament_index/resource_index/parent_prefix_path/mybot
-- Up-to-date: /root/ros2_ws/install/mybot/share/mybot/environment/ament_prefix_path.sh
-- Up-to-date: /root/ros2_ws/install/mybot/share/mybot/environment/ament_prefix_path.dsv
-- Up-to-date: /root/ros2_ws/install/mybot/share/mybot/environment/path.sh
-- Up-to-date: /root/ros2_ws/install/mybot/share/mybot/environment/path.dsv
-- Up-to-date: /root/ros2_ws/install/mybot/share/mybot/local_setup.bash
-- Up-to-date: /root/ros2_ws/install/mybot/share/mybot/local_setup.sh
-- Up-to-date: /root/ros2_ws/install/mybot/share/mybot/local_setup.zsh
-- Up-to-date: /root/ros2_ws/install/mybot/share/mybot/local_setup.dsv
-- Installing: /root/ros2_ws/install/mybot/share/mybot/package.dsv
-- Up-to-date: /root/ros2_ws/install/mybot/share/ament_index/resource_index/packages/mybot
-- Up-to-date: /root/ros2_ws/install/mybot/share/mybot/cmake/mybotConfig.cmake
-- Up-to-date: /root/ros2_ws/install/mybot/share/mybot/cmake/mybotConfig-version.cmake
-- Up-to-date: /root/ros2_ws/install/mybot/share/mybot/package.xml
