[0.119s] Invoking command in '/root/ros2_ws/build/mybot': AMENT_PREFIX_PATH=/root/ros2_ws/install/my_ros2_project:/root/ros2_ws/install/message CMAKE_PREFIX_PATH=/root/ros2_ws/install/message LD_LIBRARY_PATH=/root/ros2_ws/install/message/lib PYTHONPATH=/root/ros2_ws/install/my_ros2_project/lib/python3.10/site-packages:/root/ros2_ws/install/message/local/lib/python3.10/dist-packages /usr/bin/cmake --build /root/ros2_ws/build/mybot -- -j8 -l8
[0.861s] [35m[1mConsolidate compiler generated dependencies of target joint_state_publisher_node[0m
[0.871s] [35m[1mConsolidate compiler generated dependencies of target face_tracking_node[0m
[1.076s] [ 33%] Built target motor_node
[1.091s] [ 66%] Built target joint_state_publisher_node
[1.108s] [100%] Built target face_tracking_node
[1.233s] Invoked command in '/root/ros2_ws/build/mybot' returned '0': AMENT_PREFIX_PATH=/root/ros2_ws/install/my_ros2_project:/root/ros2_ws/install/message CMAKE_PREFIX_PATH=/root/ros2_ws/install/message LD_LIBRARY_PATH=/root/ros2_ws/install/message/lib PYTHONPATH=/root/ros2_ws/install/my_ros2_project/lib/python3.10/site-packages:/root/ros2_ws/install/message/local/lib/python3.10/dist-packages /usr/bin/cmake --build /root/ros2_ws/build/mybot -- -j8 -l8
[1.240s] Invoking command in '/root/ros2_ws/build/mybot': AMENT_PREFIX_PATH=/root/ros2_ws/install/my_ros2_project:/root/ros2_ws/install/message CMAKE_PREFIX_PATH=/root/ros2_ws/install/message LD_LIBRARY_PATH=/root/ros2_ws/install/message/lib PYTHONPATH=/root/ros2_ws/install/my_ros2_project/lib/python3.10/site-packages:/root/ros2_ws/install/message/local/lib/python3.10/dist-packages /usr/bin/cmake --install /root/ros2_ws/build/mybot
[1.370s] -- Install configuration: ""
[1.378s] -- Up-to-date: /root/ros2_ws/install/mybot/lib/mybot/face_tracking_node
[1.382s] -- Up-to-date: /root/ros2_ws/install/mybot/lib/mybot/motor_node
[1.383s] -- Up-to-date: /root/ros2_ws/install/mybot/lib/mybot/joint_state_publisher_node
[1.384s] -- Up-to-date: /root/ros2_ws/install/mybot/share/mybot/urdf
[1.385s] -- Up-to-date: /root/ros2_ws/install/mybot/share/mybot/urdf/motor.urdf
[1.386s] -- Installing: /root/ros2_ws/install/mybot/share/mybot/urdf/mybot.urdf
[1.387s] -- Up-to-date: /root/ros2_ws/install/mybot/share/mybot/launch
[1.388s] -- Installing: /root/ros2_ws/install/mybot/share/mybot/launch/__pycache__
[1.390s] -- Installing: /root/ros2_ws/install/mybot/share/mybot/launch/__pycache__/mybot_launch.cpython-310.pyc
[1.391s] -- Up-to-date: /root/ros2_ws/install/mybot/share/mybot/launch/mybot_launch.py
[1.391s] -- Up-to-date: /root/ros2_ws/install/mybot/share/mybot/rviz
[1.392s] -- Up-to-date: /root/ros2_ws/install/mybot/share/mybot/rviz/rviz.rviz
[1.393s] -- Up-to-date: /root/ros2_ws/install/mybot/share/ament_index/resource_index/package_run_dependencies/mybot
[1.394s] -- Up-to-date: /root/ros2_ws/install/mybot/share/ament_index/resource_index/parent_prefix_path/mybot
[1.395s] -- Up-to-date: /root/ros2_ws/install/mybot/share/mybot/environment/ament_prefix_path.sh
[1.396s] -- Up-to-date: /root/ros2_ws/install/mybot/share/mybot/environment/ament_prefix_path.dsv
[1.396s] -- Up-to-date: /root/ros2_ws/install/mybot/share/mybot/environment/path.sh
[1.397s] -- Up-to-date: /root/ros2_ws/install/mybot/share/mybot/environment/path.dsv
[1.397s] -- Up-to-date: /root/ros2_ws/install/mybot/share/mybot/local_setup.bash
[1.398s] -- Up-to-date: /root/ros2_ws/install/mybot/share/mybot/local_setup.sh
[1.398s] -- Up-to-date: /root/ros2_ws/install/mybot/share/mybot/local_setup.zsh
[1.399s] -- Up-to-date: /root/ros2_ws/install/mybot/share/mybot/local_setup.dsv
[1.399s] -- Installing: /root/ros2_ws/install/mybot/share/mybot/package.dsv
[1.400s] -- Up-to-date: /root/ros2_ws/install/mybot/share/ament_index/resource_index/packages/mybot
[1.400s] -- Up-to-date: /root/ros2_ws/install/mybot/share/mybot/cmake/mybotConfig.cmake
[1.401s] -- Up-to-date: /root/ros2_ws/install/mybot/share/mybot/cmake/mybotConfig-version.cmake
[1.401s] -- Up-to-date: /root/ros2_ws/install/mybot/share/mybot/package.xml
[1.414s] Invoked command in '/root/ros2_ws/build/mybot' returned '0': AMENT_PREFIX_PATH=/root/ros2_ws/install/my_ros2_project:/root/ros2_ws/install/message CMAKE_PREFIX_PATH=/root/ros2_ws/install/message LD_LIBRARY_PATH=/root/ros2_ws/install/message/lib PYTHONPATH=/root/ros2_ws/install/my_ros2_project/lib/python3.10/site-packages:/root/ros2_ws/install/message/local/lib/python3.10/dist-packages /usr/bin/cmake --install /root/ros2_ws/build/mybot
