[  3%] Built target message__cpp
[ 12%] Built target message__rosidl_generator_c
[ 12%] Built target ament_cmake_python_copy_message
[ 22%] Built target message__rosidl_typesupport_fastrtps_cpp
[ 32%] Built target message__rosidl_typesupport_introspection_cpp
[ 41%] Built target message__rosidl_typesupport_fastrtps_c
[ 51%] Built target message__rosidl_typesupport_introspection_c
[ 61%] Built target message__rosidl_typesupport_cpp
[ 70%] Built target message__rosidl_typesupport_c
[ 70%] Built target message
[ 74%] Built target message__py
[ 80%] Built target message__rosidl_generator_py
[ 87%] Built target message__rosidl_typesupport_fastrtps_c__pyext
[ 93%] Built target message__rosidl_typesupport_c__pyext
[100%] Built target message__rosidl_typesupport_introspection_c__pyext
running egg_info
writing message.egg-info/PKG-INFO
writing dependency_links to message.egg-info/dependency_links.txt
writing top-level names to message.egg-info/top_level.txt
reading manifest file 'message.egg-info/SOURCES.txt'
writing manifest file 'message.egg-info/SOURCES.txt'
[100%] Built target ament_cmake_python_build_message_egg
-- Install configuration: ""
-- Up-to-date: /root/ros2_ws/install/message/share/ament_index/resource_index/rosidl_interfaces/message
-- Up-to-date: /root/ros2_ws/install/message/include/message/message
-- Up-to-date: /root/ros2_ws/install/message/include/message/message/msg
-- Up-to-date: /root/ros2_ws/install/message/include/message/message/msg/detail
-- Up-to-date: /root/ros2_ws/install/message/include/message/message/msg/detail/emotion__functions.h
-- Up-to-date: /root/ros2_ws/install/message/include/message/message/msg/detail/emotion__functions.c
-- Up-to-date: /root/ros2_ws/install/message/include/message/message/msg/detail/emotion__type_support.h
-- Up-to-date: /root/ros2_ws/install/message/include/message/message/msg/detail/emotion__struct.h
-- Up-to-date: /root/ros2_ws/install/message/include/message/message/msg/rosidl_generator_c__visibility_control.h
-- Up-to-date: /root/ros2_ws/install/message/include/message/message/msg/emotion.h
-- Up-to-date: /root/ros2_ws/install/message/share/message/environment/library_path.sh
-- Up-to-date: /root/ros2_ws/install/message/share/message/environment/library_path.dsv
-- Up-to-date: /root/ros2_ws/install/message/lib/libmessage__rosidl_generator_c.so
-- Up-to-date: /root/ros2_ws/install/message/include/message/message
-- Up-to-date: /root/ros2_ws/install/message/include/message/message/msg
-- Up-to-date: /root/ros2_ws/install/message/include/message/message/msg/detail
-- Up-to-date: /root/ros2_ws/install/message/include/message/message/msg/detail/emotion__rosidl_typesupport_fastrtps_c.h
-- Up-to-date: /root/ros2_ws/install/message/include/message/message/msg/rosidl_typesupport_fastrtps_c__visibility_control.h
-- Up-to-date: /root/ros2_ws/install/message/lib/libmessage__rosidl_typesupport_fastrtps_c.so
-- Up-to-date: /root/ros2_ws/install/message/include/message/message
-- Up-to-date: /root/ros2_ws/install/message/include/message/message/msg
-- Up-to-date: /root/ros2_ws/install/message/include/message/message/msg/detail
-- Up-to-date: /root/ros2_ws/install/message/include/message/message/msg/detail/emotion__struct.hpp
-- Up-to-date: /root/ros2_ws/install/message/include/message/message/msg/detail/emotion__traits.hpp
-- Up-to-date: /root/ros2_ws/install/message/include/message/message/msg/detail/emotion__builder.hpp
-- Up-to-date: /root/ros2_ws/install/message/include/message/message/msg/detail/emotion__type_support.hpp
-- Up-to-date: /root/ros2_ws/install/message/include/message/message/msg/emotion.hpp
-- Up-to-date: /root/ros2_ws/install/message/include/message/message/msg/rosidl_generator_cpp__visibility_control.hpp
-- Up-to-date: /root/ros2_ws/install/message/include/message/message
-- Up-to-date: /root/ros2_ws/install/message/include/message/message/msg
-- Up-to-date: /root/ros2_ws/install/message/include/message/message/msg/detail
-- Up-to-date: /root/ros2_ws/install/message/include/message/message/msg/detail/emotion__rosidl_typesupport_fastrtps_cpp.hpp
-- Up-to-date: /root/ros2_ws/install/message/include/message/message/msg/detail/dds_fastrtps
-- Up-to-date: /root/ros2_ws/install/message/include/message/message/msg/rosidl_typesupport_fastrtps_cpp__visibility_control.h
-- Up-to-date: /root/ros2_ws/install/message/lib/libmessage__rosidl_typesupport_fastrtps_cpp.so
-- Up-to-date: /root/ros2_ws/install/message/include/message/message
-- Up-to-date: /root/ros2_ws/install/message/include/message/message/msg
-- Up-to-date: /root/ros2_ws/install/message/include/message/message/msg/detail
-- Up-to-date: /root/ros2_ws/install/message/include/message/message/msg/detail/emotion__type_support.c
-- Up-to-date: /root/ros2_ws/install/message/include/message/message/msg/detail/emotion__rosidl_typesupport_introspection_c.h
-- Up-to-date: /root/ros2_ws/install/message/include/message/message/msg/rosidl_typesupport_introspection_c__visibility_control.h
-- Up-to-date: /root/ros2_ws/install/message/lib/libmessage__rosidl_typesupport_introspection_c.so
-- Up-to-date: /root/ros2_ws/install/message/lib/libmessage__rosidl_typesupport_c.so
-- Up-to-date: /root/ros2_ws/install/message/include/message/message
-- Up-to-date: /root/ros2_ws/install/message/include/message/message/msg
-- Up-to-date: /root/ros2_ws/install/message/include/message/message/msg/detail
-- Up-to-date: /root/ros2_ws/install/message/include/message/message/msg/detail/emotion__type_support.cpp
-- Up-to-date: /root/ros2_ws/install/message/include/message/message/msg/detail/emotion__rosidl_typesupport_introspection_cpp.hpp
-- Up-to-date: /root/ros2_ws/install/message/lib/libmessage__rosidl_typesupport_introspection_cpp.so
-- Up-to-date: /root/ros2_ws/install/message/lib/libmessage__rosidl_typesupport_cpp.so
-- Up-to-date: /root/ros2_ws/install/message/share/message/environment/pythonpath.sh
-- Up-to-date: /root/ros2_ws/install/message/share/message/environment/pythonpath.dsv
-- Up-to-date: /root/ros2_ws/install/message/local/lib/python3.10/dist-packages/message-0.0.0-py3.10.egg-info
-- Installing: /root/ros2_ws/install/message/local/lib/python3.10/dist-packages/message-0.0.0-py3.10.egg-info/dependency_links.txt
-- Installing: /root/ros2_ws/install/message/local/lib/python3.10/dist-packages/message-0.0.0-py3.10.egg-info/SOURCES.txt
-- Installing: /root/ros2_ws/install/message/local/lib/python3.10/dist-packages/message-0.0.0-py3.10.egg-info/top_level.txt
-- Installing: /root/ros2_ws/install/message/local/lib/python3.10/dist-packages/message-0.0.0-py3.10.egg-info/PKG-INFO
-- Up-to-date: /root/ros2_ws/install/message/local/lib/python3.10/dist-packages/message
-- Up-to-date: /root/ros2_ws/install/message/local/lib/python3.10/dist-packages/message/__init__.py
-- Up-to-date: /root/ros2_ws/install/message/local/lib/python3.10/dist-packages/message/libmessage__rosidl_generator_py.so
-- Up-to-date: /root/ros2_ws/install/message/local/lib/python3.10/dist-packages/message/message_s__rosidl_typesupport_introspection_c.cpython-310-aarch64-linux-gnu.so
-- Up-to-date: /root/ros2_ws/install/message/local/lib/python3.10/dist-packages/message/message_s__rosidl_typesupport_c.cpython-310-aarch64-linux-gnu.so
-- Up-to-date: /root/ros2_ws/install/message/local/lib/python3.10/dist-packages/message/_message_s.ep.rosidl_typesupport_c.c
-- Up-to-date: /root/ros2_ws/install/message/local/lib/python3.10/dist-packages/message/message_s__rosidl_typesupport_fastrtps_c.cpython-310-aarch64-linux-gnu.so
-- Up-to-date: /root/ros2_ws/install/message/local/lib/python3.10/dist-packages/message/_message_s.ep.rosidl_typesupport_introspection_c.c
-- Up-to-date: /root/ros2_ws/install/message/local/lib/python3.10/dist-packages/message/msg
-- Up-to-date: /root/ros2_ws/install/message/local/lib/python3.10/dist-packages/message/msg/__init__.py
-- Up-to-date: /root/ros2_ws/install/message/local/lib/python3.10/dist-packages/message/msg/_emotion.py
-- Up-to-date: /root/ros2_ws/install/message/local/lib/python3.10/dist-packages/message/msg/_emotion_s.c
-- Up-to-date: /root/ros2_ws/install/message/local/lib/python3.10/dist-packages/message/_message_s.ep.rosidl_typesupport_fastrtps_c.c
Listing '/root/ros2_ws/install/message/local/lib/python3.10/dist-packages/message'...
Listing '/root/ros2_ws/install/message/local/lib/python3.10/dist-packages/message/msg'...
-- Up-to-date: /root/ros2_ws/install/message/local/lib/python3.10/dist-packages/message/message_s__rosidl_typesupport_fastrtps_c.cpython-310-aarch64-linux-gnu.so
-- Up-to-date: /root/ros2_ws/install/message/local/lib/python3.10/dist-packages/message/message_s__rosidl_typesupport_introspection_c.cpython-310-aarch64-linux-gnu.so
-- Up-to-date: /root/ros2_ws/install/message/local/lib/python3.10/dist-packages/message/message_s__rosidl_typesupport_c.cpython-310-aarch64-linux-gnu.so
-- Up-to-date: /root/ros2_ws/install/message/lib/libmessage__rosidl_generator_py.so
-- Up-to-date: /root/ros2_ws/install/message/share/message/msg/Emotion.idl
-- Up-to-date: /root/ros2_ws/install/message/share/message/msg/Emotion.msg
-- Up-to-date: /root/ros2_ws/install/message/share/ament_index/resource_index/package_run_dependencies/message
-- Up-to-date: /root/ros2_ws/install/message/share/ament_index/resource_index/parent_prefix_path/message
-- Up-to-date: /root/ros2_ws/install/message/share/message/environment/ament_prefix_path.sh
-- Up-to-date: /root/ros2_ws/install/message/share/message/environment/ament_prefix_path.dsv
-- Up-to-date: /root/ros2_ws/install/message/share/message/environment/path.sh
-- Up-to-date: /root/ros2_ws/install/message/share/message/environment/path.dsv
-- Up-to-date: /root/ros2_ws/install/message/share/message/local_setup.bash
-- Up-to-date: /root/ros2_ws/install/message/share/message/local_setup.sh
-- Up-to-date: /root/ros2_ws/install/message/share/message/local_setup.zsh
-- Up-to-date: /root/ros2_ws/install/message/share/message/local_setup.dsv
-- Installing: /root/ros2_ws/install/message/share/message/package.dsv
-- Up-to-date: /root/ros2_ws/install/message/share/ament_index/resource_index/packages/message
-- Up-to-date: /root/ros2_ws/install/message/share/message/cmake/export_message__rosidl_generator_cExport.cmake
-- Up-to-date: /root/ros2_ws/install/message/share/message/cmake/export_message__rosidl_generator_cExport-noconfig.cmake
-- Up-to-date: /root/ros2_ws/install/message/share/message/cmake/export_message__rosidl_typesupport_fastrtps_cExport.cmake
-- Up-to-date: /root/ros2_ws/install/message/share/message/cmake/export_message__rosidl_typesupport_fastrtps_cExport-noconfig.cmake
-- Up-to-date: /root/ros2_ws/install/message/share/message/cmake/export_message__rosidl_generator_cppExport.cmake
-- Up-to-date: /root/ros2_ws/install/message/share/message/cmake/export_message__rosidl_typesupport_fastrtps_cppExport.cmake
-- Up-to-date: /root/ros2_ws/install/message/share/message/cmake/export_message__rosidl_typesupport_fastrtps_cppExport-noconfig.cmake
-- Up-to-date: /root/ros2_ws/install/message/share/message/cmake/message__rosidl_typesupport_introspection_cExport.cmake
-- Up-to-date: /root/ros2_ws/install/message/share/message/cmake/message__rosidl_typesupport_introspection_cExport-noconfig.cmake
-- Up-to-date: /root/ros2_ws/install/message/share/message/cmake/message__rosidl_typesupport_cExport.cmake
-- Up-to-date: /root/ros2_ws/install/message/share/message/cmake/message__rosidl_typesupport_cExport-noconfig.cmake
-- Up-to-date: /root/ros2_ws/install/message/share/message/cmake/message__rosidl_typesupport_introspection_cppExport.cmake
-- Up-to-date: /root/ros2_ws/install/message/share/message/cmake/message__rosidl_typesupport_introspection_cppExport-noconfig.cmake
-- Up-to-date: /root/ros2_ws/install/message/share/message/cmake/message__rosidl_typesupport_cppExport.cmake
-- Up-to-date: /root/ros2_ws/install/message/share/message/cmake/message__rosidl_typesupport_cppExport-noconfig.cmake
-- Up-to-date: /root/ros2_ws/install/message/share/message/cmake/export_message__rosidl_generator_pyExport.cmake
-- Up-to-date: /root/ros2_ws/install/message/share/message/cmake/export_message__rosidl_generator_pyExport-noconfig.cmake
-- Up-to-date: /root/ros2_ws/install/message/share/message/cmake/rosidl_cmake-extras.cmake
-- Up-to-date: /root/ros2_ws/install/message/share/message/cmake/ament_cmake_export_dependencies-extras.cmake
-- Up-to-date: /root/ros2_ws/install/message/share/message/cmake/ament_cmake_export_include_directories-extras.cmake
-- Up-to-date: /root/ros2_ws/install/message/share/message/cmake/ament_cmake_export_libraries-extras.cmake
-- Up-to-date: /root/ros2_ws/install/message/share/message/cmake/ament_cmake_export_targets-extras.cmake
-- Up-to-date: /root/ros2_ws/install/message/share/message/cmake/rosidl_cmake_export_typesupport_targets-extras.cmake
-- Up-to-date: /root/ros2_ws/install/message/share/message/cmake/rosidl_cmake_export_typesupport_libraries-extras.cmake
-- Up-to-date: /root/ros2_ws/install/message/share/message/cmake/messageConfig.cmake
-- Up-to-date: /root/ros2_ws/install/message/share/message/cmake/messageConfig-version.cmake
-- Up-to-date: /root/ros2_ws/install/message/share/message/package.xml
