[0.148s] Invoking command in '/root/ros2_ws/build/message': CMAKE_PREFIX_PATH=${CMAKE_PREFIX_PATH}:/root/ros2_ws/install/my_ros2_project:/opt/ros/humble /usr/bin/cmake --build /root/ros2_ws/build/message -- -j8 -l8
[1.209s] [  3%] Built target message__cpp
[1.304s] [ 12%] Built target message__rosidl_generator_c
[1.496s] [ 12%] Built target ament_cmake_python_copy_message
[2.321s] [ 22%] Built target message__rosidl_typesupport_fastrtps_cpp
[2.381s] [ 32%] Built target message__rosidl_typesupport_introspection_cpp
[2.416s] [ 41%] Built target message__rosidl_typesupport_fastrtps_c
[2.456s] [ 51%] Built target message__rosidl_typesupport_introspection_c
[2.497s] [ 61%] Built target message__rosidl_typesupport_cpp
[2.555s] [ 70%] Built target message__rosidl_typesupport_c
[2.959s] [ 70%] Built target message
[3.372s] [ 74%] Built target message__py
[3.809s] [ 80%] Built target message__rosidl_generator_py
[4.498s] [ 87%] Built target message__rosidl_typesupport_fastrtps_c__pyext
[4.525s] [ 93%] Built target message__rosidl_typesupport_c__pyext
[4.547s] [100%] Built target message__rosidl_typesupport_introspection_c__pyext
[4.856s] running egg_info
[4.862s] writing message.egg-info/PKG-INFO
[4.864s] writing dependency_links to message.egg-info/dependency_links.txt
[4.865s] writing top-level names to message.egg-info/top_level.txt
[4.879s] reading manifest file 'message.egg-info/SOURCES.txt'
[4.884s] writing manifest file 'message.egg-info/SOURCES.txt'
[5.079s] [100%] Built target ament_cmake_python_build_message_egg
[5.272s] Invoked command in '/root/ros2_ws/build/message' returned '0': CMAKE_PREFIX_PATH=${CMAKE_PREFIX_PATH}:/root/ros2_ws/install/my_ros2_project:/opt/ros/humble /usr/bin/cmake --build /root/ros2_ws/build/message -- -j8 -l8
[5.281s] Invoking command in '/root/ros2_ws/build/message': CMAKE_PREFIX_PATH=${CMAKE_PREFIX_PATH}:/root/ros2_ws/install/my_ros2_project:/opt/ros/humble /usr/bin/cmake --install /root/ros2_ws/build/message
[5.429s] -- Install configuration: ""
[5.458s] -- Up-to-date: /root/ros2_ws/install/message/share/ament_index/resource_index/rosidl_interfaces/message
[5.460s] -- Up-to-date: /root/ros2_ws/install/message/include/message/message
[5.461s] -- Up-to-date: /root/ros2_ws/install/message/include/message/message/msg
[5.463s] -- Up-to-date: /root/ros2_ws/install/message/include/message/message/msg/detail
[5.464s] -- Up-to-date: /root/ros2_ws/install/message/include/message/message/msg/detail/emotion__functions.h
[5.464s] -- Up-to-date: /root/ros2_ws/install/message/include/message/message/msg/detail/emotion__functions.c
[5.465s] -- Up-to-date: /root/ros2_ws/install/message/include/message/message/msg/detail/emotion__type_support.h
[5.466s] -- Up-to-date: /root/ros2_ws/install/message/include/message/message/msg/detail/emotion__struct.h
[5.467s] -- Up-to-date: /root/ros2_ws/install/message/include/message/message/msg/rosidl_generator_c__visibility_control.h
[5.468s] -- Up-to-date: /root/ros2_ws/install/message/include/message/message/msg/emotion.h
[5.469s] -- Up-to-date: /root/ros2_ws/install/message/share/message/environment/library_path.sh
[5.470s] -- Up-to-date: /root/ros2_ws/install/message/share/message/environment/library_path.dsv
[5.471s] -- Up-to-date: /root/ros2_ws/install/message/lib/libmessage__rosidl_generator_c.so
[5.472s] -- Up-to-date: /root/ros2_ws/install/message/include/message/message
[5.473s] -- Up-to-date: /root/ros2_ws/install/message/include/message/message/msg
[5.474s] -- Up-to-date: /root/ros2_ws/install/message/include/message/message/msg/detail
[5.475s] -- Up-to-date: /root/ros2_ws/install/message/include/message/message/msg/detail/emotion__rosidl_typesupport_fastrtps_c.h
[5.476s] -- Up-to-date: /root/ros2_ws/install/message/include/message/message/msg/rosidl_typesupport_fastrtps_c__visibility_control.h
[5.477s] -- Up-to-date: /root/ros2_ws/install/message/lib/libmessage__rosidl_typesupport_fastrtps_c.so
[5.478s] -- Up-to-date: /root/ros2_ws/install/message/include/message/message
[5.479s] -- Up-to-date: /root/ros2_ws/install/message/include/message/message/msg
[5.480s] -- Up-to-date: /root/ros2_ws/install/message/include/message/message/msg/detail
[5.481s] -- Up-to-date: /root/ros2_ws/install/message/include/message/message/msg/detail/emotion__struct.hpp
[5.482s] -- Up-to-date: /root/ros2_ws/install/message/include/message/message/msg/detail/emotion__traits.hpp
[5.483s] -- Up-to-date: /root/ros2_ws/install/message/include/message/message/msg/detail/emotion__builder.hpp
[5.484s] -- Up-to-date: /root/ros2_ws/install/message/include/message/message/msg/detail/emotion__type_support.hpp
[5.486s] -- Up-to-date: /root/ros2_ws/install/message/include/message/message/msg/emotion.hpp
[5.487s] -- Up-to-date: /root/ros2_ws/install/message/include/message/message/msg/rosidl_generator_cpp__visibility_control.hpp
[5.488s] -- Up-to-date: /root/ros2_ws/install/message/include/message/message
[5.489s] -- Up-to-date: /root/ros2_ws/install/message/include/message/message/msg
[5.490s] -- Up-to-date: /root/ros2_ws/install/message/include/message/message/msg/detail
[5.491s] -- Up-to-date: /root/ros2_ws/install/message/include/message/message/msg/detail/emotion__rosidl_typesupport_fastrtps_cpp.hpp
[5.492s] -- Up-to-date: /root/ros2_ws/install/message/include/message/message/msg/detail/dds_fastrtps
[5.493s] -- Up-to-date: /root/ros2_ws/install/message/include/message/message/msg/rosidl_typesupport_fastrtps_cpp__visibility_control.h
[5.493s] -- Up-to-date: /root/ros2_ws/install/message/lib/libmessage__rosidl_typesupport_fastrtps_cpp.so
[5.494s] -- Up-to-date: /root/ros2_ws/install/message/include/message/message
[5.494s] -- Up-to-date: /root/ros2_ws/install/message/include/message/message/msg
[5.495s] -- Up-to-date: /root/ros2_ws/install/message/include/message/message/msg/detail
[5.495s] -- Up-to-date: /root/ros2_ws/install/message/include/message/message/msg/detail/emotion__type_support.c
[5.496s] -- Up-to-date: /root/ros2_ws/install/message/include/message/message/msg/detail/emotion__rosidl_typesupport_introspection_c.h
[5.497s] -- Up-to-date: /root/ros2_ws/install/message/include/message/message/msg/rosidl_typesupport_introspection_c__visibility_control.h
[5.497s] -- Up-to-date: /root/ros2_ws/install/message/lib/libmessage__rosidl_typesupport_introspection_c.so
[5.498s] -- Up-to-date: /root/ros2_ws/install/message/lib/libmessage__rosidl_typesupport_c.so
[5.498s] -- Up-to-date: /root/ros2_ws/install/message/include/message/message
[5.499s] -- Up-to-date: /root/ros2_ws/install/message/include/message/message/msg
[5.499s] -- Up-to-date: /root/ros2_ws/install/message/include/message/message/msg/detail
[5.500s] -- Up-to-date: /root/ros2_ws/install/message/include/message/message/msg/detail/emotion__type_support.cpp
[5.500s] -- Up-to-date: /root/ros2_ws/install/message/include/message/message/msg/detail/emotion__rosidl_typesupport_introspection_cpp.hpp
[5.501s] -- Up-to-date: /root/ros2_ws/install/message/lib/libmessage__rosidl_typesupport_introspection_cpp.so
[5.501s] -- Up-to-date: /root/ros2_ws/install/message/lib/libmessage__rosidl_typesupport_cpp.so
[5.521s] -- Up-to-date: /root/ros2_ws/install/message/share/message/environment/pythonpath.sh
[5.521s] -- Up-to-date: /root/ros2_ws/install/message/share/message/environment/pythonpath.dsv
[5.522s] -- Up-to-date: /root/ros2_ws/install/message/local/lib/python3.10/dist-packages/message-0.0.0-py3.10.egg-info
[5.523s] -- Installing: /root/ros2_ws/install/message/local/lib/python3.10/dist-packages/message-0.0.0-py3.10.egg-info/dependency_links.txt
[5.523s] -- Installing: /root/ros2_ws/install/message/local/lib/python3.10/dist-packages/message-0.0.0-py3.10.egg-info/SOURCES.txt
[5.524s] -- Installing: /root/ros2_ws/install/message/local/lib/python3.10/dist-packages/message-0.0.0-py3.10.egg-info/top_level.txt
[5.524s] -- Installing: /root/ros2_ws/install/message/local/lib/python3.10/dist-packages/message-0.0.0-py3.10.egg-info/PKG-INFO
[5.525s] -- Up-to-date: /root/ros2_ws/install/message/local/lib/python3.10/dist-packages/message
[5.526s] -- Up-to-date: /root/ros2_ws/install/message/local/lib/python3.10/dist-packages/message/__init__.py
[5.526s] -- Up-to-date: /root/ros2_ws/install/message/local/lib/python3.10/dist-packages/message/libmessage__rosidl_generator_py.so
[5.527s] -- Up-to-date: /root/ros2_ws/install/message/local/lib/python3.10/dist-packages/message/message_s__rosidl_typesupport_introspection_c.cpython-310-aarch64-linux-gnu.so
[5.527s] -- Up-to-date: /root/ros2_ws/install/message/local/lib/python3.10/dist-packages/message/message_s__rosidl_typesupport_c.cpython-310-aarch64-linux-gnu.so
[5.528s] -- Up-to-date: /root/ros2_ws/install/message/local/lib/python3.10/dist-packages/message/_message_s.ep.rosidl_typesupport_c.c
[5.528s] -- Up-to-date: /root/ros2_ws/install/message/local/lib/python3.10/dist-packages/message/message_s__rosidl_typesupport_fastrtps_c.cpython-310-aarch64-linux-gnu.so
[5.529s] -- Up-to-date: /root/ros2_ws/install/message/local/lib/python3.10/dist-packages/message/_message_s.ep.rosidl_typesupport_introspection_c.c
[5.529s] -- Up-to-date: /root/ros2_ws/install/message/local/lib/python3.10/dist-packages/message/msg
[5.530s] -- Up-to-date: /root/ros2_ws/install/message/local/lib/python3.10/dist-packages/message/msg/__init__.py
[5.531s] -- Up-to-date: /root/ros2_ws/install/message/local/lib/python3.10/dist-packages/message/msg/_emotion.py
[5.531s] -- Up-to-date: /root/ros2_ws/install/message/local/lib/python3.10/dist-packages/message/msg/_emotion_s.c
[5.532s] -- Up-to-date: /root/ros2_ws/install/message/local/lib/python3.10/dist-packages/message/_message_s.ep.rosidl_typesupport_fastrtps_c.c
[5.946s] Listing '/root/ros2_ws/install/message/local/lib/python3.10/dist-packages/message'...
[5.946s] Listing '/root/ros2_ws/install/message/local/lib/python3.10/dist-packages/message/msg'...
[5.973s] -- Up-to-date: /root/ros2_ws/install/message/local/lib/python3.10/dist-packages/message/message_s__rosidl_typesupport_fastrtps_c.cpython-310-aarch64-linux-gnu.so
[5.975s] -- Up-to-date: /root/ros2_ws/install/message/local/lib/python3.10/dist-packages/message/message_s__rosidl_typesupport_introspection_c.cpython-310-aarch64-linux-gnu.so
[5.978s] -- Up-to-date: /root/ros2_ws/install/message/local/lib/python3.10/dist-packages/message/message_s__rosidl_typesupport_c.cpython-310-aarch64-linux-gnu.so
[5.982s] -- Up-to-date: /root/ros2_ws/install/message/lib/libmessage__rosidl_generator_py.so
[5.987s] -- Up-to-date: /root/ros2_ws/install/message/share/message/msg/Emotion.idl
[5.988s] -- Up-to-date: /root/ros2_ws/install/message/share/message/msg/Emotion.msg
[5.993s] -- Up-to-date: /root/ros2_ws/install/message/share/ament_index/resource_index/package_run_dependencies/message
[5.995s] -- Up-to-date: /root/ros2_ws/install/message/share/ament_index/resource_index/parent_prefix_path/message
[5.996s] -- Up-to-date: /root/ros2_ws/install/message/share/message/environment/ament_prefix_path.sh
[5.997s] -- Up-to-date: /root/ros2_ws/install/message/share/message/environment/ament_prefix_path.dsv
[5.998s] -- Up-to-date: /root/ros2_ws/install/message/share/message/environment/path.sh
[5.998s] -- Up-to-date: /root/ros2_ws/install/message/share/message/environment/path.dsv
[6.000s] -- Up-to-date: /root/ros2_ws/install/message/share/message/local_setup.bash
[6.001s] -- Up-to-date: /root/ros2_ws/install/message/share/message/local_setup.sh
[6.002s] -- Up-to-date: /root/ros2_ws/install/message/share/message/local_setup.zsh
[6.003s] -- Up-to-date: /root/ros2_ws/install/message/share/message/local_setup.dsv
[6.004s] -- Installing: /root/ros2_ws/install/message/share/message/package.dsv
[6.004s] -- Up-to-date: /root/ros2_ws/install/message/share/ament_index/resource_index/packages/message
[6.005s] -- Up-to-date: /root/ros2_ws/install/message/share/message/cmake/export_message__rosidl_generator_cExport.cmake
[6.006s] -- Up-to-date: /root/ros2_ws/install/message/share/message/cmake/export_message__rosidl_generator_cExport-noconfig.cmake
[6.006s] -- Up-to-date: /root/ros2_ws/install/message/share/message/cmake/export_message__rosidl_typesupport_fastrtps_cExport.cmake
[6.007s] -- Up-to-date: /root/ros2_ws/install/message/share/message/cmake/export_message__rosidl_typesupport_fastrtps_cExport-noconfig.cmake
[6.008s] -- Up-to-date: /root/ros2_ws/install/message/share/message/cmake/export_message__rosidl_generator_cppExport.cmake
[6.008s] -- Up-to-date: /root/ros2_ws/install/message/share/message/cmake/export_message__rosidl_typesupport_fastrtps_cppExport.cmake
[6.009s] -- Up-to-date: /root/ros2_ws/install/message/share/message/cmake/export_message__rosidl_typesupport_fastrtps_cppExport-noconfig.cmake
[6.009s] -- Up-to-date: /root/ros2_ws/install/message/share/message/cmake/message__rosidl_typesupport_introspection_cExport.cmake
[6.010s] -- Up-to-date: /root/ros2_ws/install/message/share/message/cmake/message__rosidl_typesupport_introspection_cExport-noconfig.cmake
[6.010s] -- Up-to-date: /root/ros2_ws/install/message/share/message/cmake/message__rosidl_typesupport_cExport.cmake
[6.011s] -- Up-to-date: /root/ros2_ws/install/message/share/message/cmake/message__rosidl_typesupport_cExport-noconfig.cmake
[6.011s] -- Up-to-date: /root/ros2_ws/install/message/share/message/cmake/message__rosidl_typesupport_introspection_cppExport.cmake
[6.012s] -- Up-to-date: /root/ros2_ws/install/message/share/message/cmake/message__rosidl_typesupport_introspection_cppExport-noconfig.cmake
[6.013s] -- Up-to-date: /root/ros2_ws/install/message/share/message/cmake/message__rosidl_typesupport_cppExport.cmake
[6.013s] -- Up-to-date: /root/ros2_ws/install/message/share/message/cmake/message__rosidl_typesupport_cppExport-noconfig.cmake
[6.034s] -- Up-to-date: /root/ros2_ws/install/message/share/message/cmake/export_message__rosidl_generator_pyExport.cmake
[6.036s] -- Up-to-date: /root/ros2_ws/install/message/share/message/cmake/export_message__rosidl_generator_pyExport-noconfig.cmake
[6.036s] -- Up-to-date: /root/ros2_ws/install/message/share/message/cmake/rosidl_cmake-extras.cmake
[6.037s] -- Up-to-date: /root/ros2_ws/install/message/share/message/cmake/ament_cmake_export_dependencies-extras.cmake
[6.038s] -- Up-to-date: /root/ros2_ws/install/message/share/message/cmake/ament_cmake_export_include_directories-extras.cmake
[6.039s] -- Up-to-date: /root/ros2_ws/install/message/share/message/cmake/ament_cmake_export_libraries-extras.cmake
[6.042s] -- Up-to-date: /root/ros2_ws/install/message/share/message/cmake/ament_cmake_export_targets-extras.cmake
[6.043s] -- Up-to-date: /root/ros2_ws/install/message/share/message/cmake/rosidl_cmake_export_typesupport_targets-extras.cmake
[6.044s] -- Up-to-date: /root/ros2_ws/install/message/share/message/cmake/rosidl_cmake_export_typesupport_libraries-extras.cmake
[6.059s] -- Up-to-date: /root/ros2_ws/install/message/share/message/cmake/messageConfig.cmake
[6.059s] -- Up-to-date: /root/ros2_ws/install/message/share/message/cmake/messageConfig-version.cmake
[6.060s] -- Up-to-date: /root/ros2_ws/install/message/share/message/package.xml
[6.065s] Invoked command in '/root/ros2_ws/build/message' returned '0': CMAKE_PREFIX_PATH=${CMAKE_PREFIX_PATH}:/root/ros2_ws/install/my_ros2_project:/opt/ros/humble /usr/bin/cmake --install /root/ros2_ws/build/message
