[0.141s] Invoking command in '/root/ros2_ws/build/mybot': AMENT_PREFIX_PATH=/root/ros2_ws/install/my_ros2_project:/root/ros2_ws/install/mybot_interfaces:/root/ros2_ws/install/message:/opt/ros/humble CMAKE_PREFIX_PATH=/root/ros2_ws/install/message:/root/ros2_ws/install/mybot_interfaces:/root/ros2_ws/install/my_ros2_project:/opt/ros/humble LD_LIBRARY_PATH=/root/ros2_ws/install/message/lib:/root/ros2_ws/install/mybot_interfaces/lib:/opt/ros/humble/lib/aarch64-linux-gnu:/opt/ros/humble/lib PYTHONPATH=/root/ros2_ws/install/my_ros2_project/lib/python3.10/site-packages:/root/ros2_ws/install/mybot_interfaces/local/lib/python3.10/dist-packages:/root/ros2_ws/install/message/local/lib/python3.10/dist-packages:/opt/ros/humble/lib/python3.10/site-packages:/opt/ros/humble/local/lib/python3.10/dist-packages /usr/bin/cmake --build /root/ros2_ws/build/mybot -- -j8 -l8
[0.857s] [35m[1mConsolidate compiler generated dependencies of target joint_state_publisher_node[0m
[0.865s] [35m[1mConsolidate compiler generated dependencies of target face_tracking_node[0m
[1.064s] [ 33%] Built target motor_node
[1.097s] [ 50%] [32mBuilding CXX object CMakeFiles/joint_state_publisher_node.dir/src/joint_state_publisher_node.cpp.o[0m
[1.112s] [ 83%] Built target face_tracking_node
[21.196s] [01m[K/root/ros2_ws/src/mybot/src/joint_state_publisher_node.cpp:162:26:[m[K [01;31m[Kerror: [m[Ktype/value mismatch at argument 2 in template parameter list for ‘[01m[Ktemplate<class _Tp, class _Alloc> class std::vector[m[K’
[21.197s]   162 |     std::vector<double, 2[01;31m[K>[m[K matrixVectorMultiplication(double x, double y) {
[21.198s]       |                          [01;31m[K^[m[K
[21.198s] [01m[K/root/ros2_ws/src/mybot/src/joint_state_publisher_node.cpp:162:26:[m[K [01;36m[Knote: [m[K  expected a type, got ‘[01m[K2[m[K’
[21.692s] [01m[K/root/ros2_ws/src/mybot/src/joint_state_publisher_node.cpp:[m[K In member function ‘[01m[Kvoid JointStatePublisherNode::publish_joint_states()[m[K’:
[21.693s] [01m[K/root/ros2_ws/src/mybot/src/joint_state_publisher_node.cpp:146:62:[m[K [01;31m[Kerror: [m[Kconversion from ‘[01m[Kint[m[K’ to non-scalar type ‘[01m[Kstd::vector<double, std::allocator<double> >[m[K’ requested
[21.694s]   146 |         std::vector<double> vect = [01;31m[KmatrixVectorMultiplication(zw_positions[12], zw_positions[14])[m[K;
[21.695s]       |                                    [01;31m[K~~~~~~~~~~~~~~~~~~~~~~~~~~^~~~~~~~~~~~~~~~~~~~~~~~~~~~~~~~~~~~[m[K
[21.714s] [01m[K/root/ros2_ws/src/mybot/src/joint_state_publisher_node.cpp:[m[K In member function ‘[01m[Kint JointStatePublisherNode::matrixVectorMultiplication(double, double)[m[K’:
[21.714s] [01m[K/root/ros2_ws/src/mybot/src/joint_state_publisher_node.cpp:175:16:[m[K [01;31m[Kerror: [m[Kcannot convert ‘[01m[Kstd::array<double, 2>[m[K’ to ‘[01m[Kint[m[K’ in return
[21.715s]   175 |         return [01;31m[Kresult[m[K;
[21.716s]       |                [01;31m[K^~~~~~[m[K
[34.456s] gmake[2]: *** [CMakeFiles/joint_state_publisher_node.dir/build.make:76: CMakeFiles/joint_state_publisher_node.dir/src/joint_state_publisher_node.cpp.o] Error 1
[34.464s] gmake[1]: *** [CMakeFiles/Makefile2:193: CMakeFiles/joint_state_publisher_node.dir/all] Error 2
[34.471s] gmake: *** [Makefile:146: all] Error 2
[34.491s] Invoked command in '/root/ros2_ws/build/mybot' returned '2': AMENT_PREFIX_PATH=/root/ros2_ws/install/my_ros2_project:/root/ros2_ws/install/mybot_interfaces:/root/ros2_ws/install/message:/opt/ros/humble CMAKE_PREFIX_PATH=/root/ros2_ws/install/message:/root/ros2_ws/install/mybot_interfaces:/root/ros2_ws/install/my_ros2_project:/opt/ros/humble LD_LIBRARY_PATH=/root/ros2_ws/install/message/lib:/root/ros2_ws/install/mybot_interfaces/lib:/opt/ros/humble/lib/aarch64-linux-gnu:/opt/ros/humble/lib PYTHONPATH=/root/ros2_ws/install/my_ros2_project/lib/python3.10/site-packages:/root/ros2_ws/install/mybot_interfaces/local/lib/python3.10/dist-packages:/root/ros2_ws/install/message/local/lib/python3.10/dist-packages:/opt/ros/humble/lib/python3.10/site-packages:/opt/ros/humble/local/lib/python3.10/dist-packages /usr/bin/cmake --build /root/ros2_ws/build/mybot -- -j8 -l8
