[0.146s] Invoking command in '/root/ros2_ws/build/message': CMAKE_PREFIX_PATH=${CMAKE_PREFIX_PATH}:/root/ros2_ws/install/my_ros2_project:/opt/ros/humble /usr/bin/cmake --build /root/ros2_ws/build/message -- -j8 -l8
[0.948s] [35m[1mConsolidate compiler generated dependencies of target message__rosidl_generator_c[0m
[1.197s] [  3%] Built target message__cpp
[1.204s] [ 12%] Built target message__rosidl_generator_c
[1.388s] [ 12%] Built target ament_cmake_python_copy_message
[1.642s] [35m[1mConsolidate compiler generated dependencies of target message__rosidl_typesupport_introspection_cpp[0m
[1.711s] [35m[1mConsolidate compiler generated dependencies of target message__rosidl_typesupport_introspection_c[0m
[1.818s] [35m[1mConsolidate compiler generated dependencies of target message__rosidl_typesupport_fastrtps_cpp[0m
[1.843s] [35m[1mConsolidate compiler generated dependencies of target message__rosidl_typesupport_fastrtps_c[0m
[1.844s] [35m[1mConsolidate compiler generated dependencies of target message__rosidl_typesupport_cpp[0m
[1.969s] [35m[1mConsolidate compiler generated dependencies of target message__rosidl_typesupport_c[0m
[2.125s] [ 22%] Built target message__rosidl_typesupport_introspection_cpp
[2.325s] [ 32%] Built target message__rosidl_typesupport_introspection_c
[2.374s] [ 41%] Built target message__rosidl_typesupport_fastrtps_cpp
[2.433s] [ 51%] Built target message__rosidl_typesupport_cpp
[2.448s] [ 61%] Built target message__rosidl_typesupport_fastrtps_c
[2.509s] [ 70%] Built target message__rosidl_typesupport_c
[2.909s] [ 70%] Built target message
[3.318s] [ 74%] Built target message__py
[3.536s] [35m[1mConsolidate compiler generated dependencies of target message__rosidl_generator_py[0m
[3.758s] [ 80%] Built target message__rosidl_generator_py
[4.038s] [35m[1mConsolidate compiler generated dependencies of target message__rosidl_typesupport_fastrtps_c__pyext[0m
[4.098s] [35m[1mConsolidate compiler generated dependencies of target message__rosidl_typesupport_introspection_c__pyext[0m
[4.128s] [35m[1mConsolidate compiler generated dependencies of target message__rosidl_typesupport_c__pyext[0m
[4.413s] [ 87%] Built target message__rosidl_typesupport_fastrtps_c__pyext
[4.453s] [ 93%] Built target message__rosidl_typesupport_introspection_c__pyext
[4.498s] [100%] Built target message__rosidl_typesupport_c__pyext
[4.945s] running egg_info
[4.952s] writing message.egg-info/PKG-INFO
[4.953s] writing dependency_links to message.egg-info/dependency_links.txt
[4.955s] writing top-level names to message.egg-info/top_level.txt
[4.969s] reading manifest file 'message.egg-info/SOURCES.txt'
[4.974s] writing manifest file 'message.egg-info/SOURCES.txt'
[5.165s] [100%] Built target ament_cmake_python_build_message_egg
[5.322s] Invoked command in '/root/ros2_ws/build/message' returned '0': CMAKE_PREFIX_PATH=${CMAKE_PREFIX_PATH}:/root/ros2_ws/install/my_ros2_project:/opt/ros/humble /usr/bin/cmake --build /root/ros2_ws/build/message -- -j8 -l8
[5.331s] Invoking command in '/root/ros2_ws/build/message': CMAKE_PREFIX_PATH=${CMAKE_PREFIX_PATH}:/root/ros2_ws/install/my_ros2_project:/opt/ros/humble /usr/bin/cmake --install /root/ros2_ws/build/message
[5.473s] -- Install configuration: ""
[5.500s] -- Up-to-date: /root/ros2_ws/install/message/share/ament_index/resource_index/rosidl_interfaces/message
[5.500s] -- Up-to-date: /root/ros2_ws/install/message/include/message/message
[5.501s] -- Up-to-date: /root/ros2_ws/install/message/include/message/message/msg
[5.502s] -- Up-to-date: /root/ros2_ws/install/message/include/message/message/msg/detail
[5.502s] -- Up-to-date: /root/ros2_ws/install/message/include/message/message/msg/detail/emotion__functions.h
[5.503s] -- Up-to-date: /root/ros2_ws/install/message/include/message/message/msg/detail/emotion__functions.c
[5.504s] -- Up-to-date: /root/ros2_ws/install/message/include/message/message/msg/detail/emotion__type_support.h
[5.505s] -- Up-to-date: /root/ros2_ws/install/message/include/message/message/msg/detail/emotion__struct.h
[5.505s] -- Up-to-date: /root/ros2_ws/install/message/include/message/message/msg/rosidl_generator_c__visibility_control.h
[5.506s] -- Up-to-date: /root/ros2_ws/install/message/include/message/message/msg/emotion.h
[5.507s] -- Up-to-date: /root/ros2_ws/install/message/share/message/environment/library_path.sh
[5.507s] -- Up-to-date: /root/ros2_ws/install/message/share/message/environment/library_path.dsv
[5.508s] -- Up-to-date: /root/ros2_ws/install/message/lib/libmessage__rosidl_generator_c.so
[5.509s] -- Up-to-date: /root/ros2_ws/install/message/include/message/message
[5.509s] -- Up-to-date: /root/ros2_ws/install/message/include/message/message/msg
[5.510s] -- Up-to-date: /root/ros2_ws/install/message/include/message/message/msg/detail
[5.510s] -- Up-to-date: /root/ros2_ws/install/message/include/message/message/msg/detail/emotion__rosidl_typesupport_fastrtps_c.h
[5.511s] -- Up-to-date: /root/ros2_ws/install/message/include/message/message/msg/rosidl_typesupport_fastrtps_c__visibility_control.h
[5.512s] -- Up-to-date: /root/ros2_ws/install/message/lib/libmessage__rosidl_typesupport_fastrtps_c.so
[5.512s] -- Up-to-date: /root/ros2_ws/install/message/include/message/message
[5.513s] -- Up-to-date: /root/ros2_ws/install/message/include/message/message/msg
[5.513s] -- Up-to-date: /root/ros2_ws/install/message/include/message/message/msg/detail
[5.514s] -- Up-to-date: /root/ros2_ws/install/message/include/message/message/msg/detail/emotion__struct.hpp
[5.514s] -- Up-to-date: /root/ros2_ws/install/message/include/message/message/msg/detail/emotion__traits.hpp
[5.515s] -- Up-to-date: /root/ros2_ws/install/message/include/message/message/msg/detail/emotion__builder.hpp
[5.515s] -- Up-to-date: /root/ros2_ws/install/message/include/message/message/msg/detail/emotion__type_support.hpp
[5.516s] -- Up-to-date: /root/ros2_ws/install/message/include/message/message/msg/emotion.hpp
[5.517s] -- Up-to-date: /root/ros2_ws/install/message/include/message/message/msg/rosidl_generator_cpp__visibility_control.hpp
[5.543s] -- Up-to-date: /root/ros2_ws/install/message/include/message/message
[5.544s] -- Up-to-date: /root/ros2_ws/install/message/include/message/message/msg
[5.544s] -- Up-to-date: /root/ros2_ws/install/message/include/message/message/msg/detail
[5.545s] -- Up-to-date: /root/ros2_ws/install/message/include/message/message/msg/detail/emotion__rosidl_typesupport_fastrtps_cpp.hpp
[5.545s] -- Up-to-date: /root/ros2_ws/install/message/include/message/message/msg/detail/dds_fastrtps
[5.546s] -- Up-to-date: /root/ros2_ws/install/message/include/message/message/msg/rosidl_typesupport_fastrtps_cpp__visibility_control.h
[5.546s] -- Up-to-date: /root/ros2_ws/install/message/lib/libmessage__rosidl_typesupport_fastrtps_cpp.so
[5.547s] -- Up-to-date: /root/ros2_ws/install/message/include/message/message
[5.547s] -- Up-to-date: /root/ros2_ws/install/message/include/message/message/msg
[5.548s] -- Up-to-date: /root/ros2_ws/install/message/include/message/message/msg/detail
[5.549s] -- Up-to-date: /root/ros2_ws/install/message/include/message/message/msg/detail/emotion__type_support.c
[5.549s] -- Up-to-date: /root/ros2_ws/install/message/include/message/message/msg/detail/emotion__rosidl_typesupport_introspection_c.h
[5.550s] -- Up-to-date: /root/ros2_ws/install/message/include/message/message/msg/rosidl_typesupport_introspection_c__visibility_control.h
[5.550s] -- Up-to-date: /root/ros2_ws/install/message/lib/libmessage__rosidl_typesupport_introspection_c.so
[5.551s] -- Up-to-date: /root/ros2_ws/install/message/lib/libmessage__rosidl_typesupport_c.so
[5.552s] -- Up-to-date: /root/ros2_ws/install/message/include/message/message
[5.552s] -- Up-to-date: /root/ros2_ws/install/message/include/message/message/msg
[5.553s] -- Up-to-date: /root/ros2_ws/install/message/include/message/message/msg/detail
[5.553s] -- Up-to-date: /root/ros2_ws/install/message/include/message/message/msg/detail/emotion__type_support.cpp
[5.554s] -- Up-to-date: /root/ros2_ws/install/message/include/message/message/msg/detail/emotion__rosidl_typesupport_introspection_cpp.hpp
[5.554s] -- Up-to-date: /root/ros2_ws/install/message/lib/libmessage__rosidl_typesupport_introspection_cpp.so
[5.555s] -- Up-to-date: /root/ros2_ws/install/message/lib/libmessage__rosidl_typesupport_cpp.so
[5.555s] -- Up-to-date: /root/ros2_ws/install/message/share/message/environment/pythonpath.sh
[5.556s] -- Up-to-date: /root/ros2_ws/install/message/share/message/environment/pythonpath.dsv
[5.557s] -- Up-to-date: /root/ros2_ws/install/message/local/lib/python3.10/dist-packages/message-0.0.0-py3.10.egg-info
[5.557s] -- Installing: /root/ros2_ws/install/message/local/lib/python3.10/dist-packages/message-0.0.0-py3.10.egg-info/dependency_links.txt
[5.558s] -- Installing: /root/ros2_ws/install/message/local/lib/python3.10/dist-packages/message-0.0.0-py3.10.egg-info/SOURCES.txt
[5.558s] -- Installing: /root/ros2_ws/install/message/local/lib/python3.10/dist-packages/message-0.0.0-py3.10.egg-info/top_level.txt
[5.559s] -- Installing: /root/ros2_ws/install/message/local/lib/python3.10/dist-packages/message-0.0.0-py3.10.egg-info/PKG-INFO
[5.559s] -- Up-to-date: /root/ros2_ws/install/message/local/lib/python3.10/dist-packages/message
[5.560s] -- Up-to-date: /root/ros2_ws/install/message/local/lib/python3.10/dist-packages/message/__init__.py
[5.561s] -- Up-to-date: /root/ros2_ws/install/message/local/lib/python3.10/dist-packages/message/libmessage__rosidl_generator_py.so
[5.561s] -- Up-to-date: /root/ros2_ws/install/message/local/lib/python3.10/dist-packages/message/message_s__rosidl_typesupport_introspection_c.cpython-310-aarch64-linux-gnu.so
[5.562s] -- Up-to-date: /root/ros2_ws/install/message/local/lib/python3.10/dist-packages/message/message_s__rosidl_typesupport_c.cpython-310-aarch64-linux-gnu.so
[5.562s] -- Up-to-date: /root/ros2_ws/install/message/local/lib/python3.10/dist-packages/message/_message_s.ep.rosidl_typesupport_c.c
[5.563s] -- Up-to-date: /root/ros2_ws/install/message/local/lib/python3.10/dist-packages/message/message_s__rosidl_typesupport_fastrtps_c.cpython-310-aarch64-linux-gnu.so
[5.563s] -- Up-to-date: /root/ros2_ws/install/message/local/lib/python3.10/dist-packages/message/_message_s.ep.rosidl_typesupport_introspection_c.c
[5.564s] -- Up-to-date: /root/ros2_ws/install/message/local/lib/python3.10/dist-packages/message/msg
[5.565s] -- Up-to-date: /root/ros2_ws/install/message/local/lib/python3.10/dist-packages/message/msg/__init__.py
[5.565s] -- Up-to-date: /root/ros2_ws/install/message/local/lib/python3.10/dist-packages/message/msg/_emotion.py
[5.566s] -- Up-to-date: /root/ros2_ws/install/message/local/lib/python3.10/dist-packages/message/msg/_emotion_s.c
[5.566s] -- Up-to-date: /root/ros2_ws/install/message/local/lib/python3.10/dist-packages/message/_message_s.ep.rosidl_typesupport_fastrtps_c.c
[5.990s] Listing '/root/ros2_ws/install/message/local/lib/python3.10/dist-packages/message'...
[5.991s] Listing '/root/ros2_ws/install/message/local/lib/python3.10/dist-packages/message/msg'...
[6.037s] -- Up-to-date: /root/ros2_ws/install/message/local/lib/python3.10/dist-packages/message/message_s__rosidl_typesupport_fastrtps_c.cpython-310-aarch64-linux-gnu.so
[6.045s] -- Up-to-date: /root/ros2_ws/install/message/local/lib/python3.10/dist-packages/message/message_s__rosidl_typesupport_introspection_c.cpython-310-aarch64-linux-gnu.so
[6.045s] -- Up-to-date: /root/ros2_ws/install/message/local/lib/python3.10/dist-packages/message/message_s__rosidl_typesupport_c.cpython-310-aarch64-linux-gnu.so
[6.046s] -- Up-to-date: /root/ros2_ws/install/message/lib/libmessage__rosidl_generator_py.so
[6.047s] -- Up-to-date: /root/ros2_ws/install/message/share/message/msg/Emotion.idl
[6.047s] -- Up-to-date: /root/ros2_ws/install/message/share/message/msg/Emotion.msg
[6.048s] -- Up-to-date: /root/ros2_ws/install/message/share/ament_index/resource_index/package_run_dependencies/message
[6.049s] -- Up-to-date: /root/ros2_ws/install/message/share/ament_index/resource_index/parent_prefix_path/message
[6.049s] -- Up-to-date: /root/ros2_ws/install/message/share/message/environment/ament_prefix_path.sh
[6.050s] -- Up-to-date: /root/ros2_ws/install/message/share/message/environment/ament_prefix_path.dsv
[6.052s] -- Up-to-date: /root/ros2_ws/install/message/share/message/environment/path.sh
[6.052s] -- Up-to-date: /root/ros2_ws/install/message/share/message/environment/path.dsv
[6.053s] -- Up-to-date: /root/ros2_ws/install/message/share/message/local_setup.bash
[6.054s] -- Up-to-date: /root/ros2_ws/install/message/share/message/local_setup.sh
[6.055s] -- Up-to-date: /root/ros2_ws/install/message/share/message/local_setup.zsh
[6.059s] -- Up-to-date: /root/ros2_ws/install/message/share/message/local_setup.dsv
[6.060s] -- Installing: /root/ros2_ws/install/message/share/message/package.dsv
[6.060s] -- Up-to-date: /root/ros2_ws/install/message/share/ament_index/resource_index/packages/message
[6.061s] -- Up-to-date: /root/ros2_ws/install/message/share/message/cmake/export_message__rosidl_generator_cExport.cmake
[6.061s] -- Up-to-date: /root/ros2_ws/install/message/share/message/cmake/export_message__rosidl_generator_cExport-noconfig.cmake
[6.062s] -- Up-to-date: /root/ros2_ws/install/message/share/message/cmake/export_message__rosidl_typesupport_fastrtps_cExport.cmake
[6.063s] -- Up-to-date: /root/ros2_ws/install/message/share/message/cmake/export_message__rosidl_typesupport_fastrtps_cExport-noconfig.cmake
[6.063s] -- Up-to-date: /root/ros2_ws/install/message/share/message/cmake/export_message__rosidl_generator_cppExport.cmake
[6.064s] -- Up-to-date: /root/ros2_ws/install/message/share/message/cmake/export_message__rosidl_typesupport_fastrtps_cppExport.cmake
[6.064s] -- Up-to-date: /root/ros2_ws/install/message/share/message/cmake/export_message__rosidl_typesupport_fastrtps_cppExport-noconfig.cmake
[6.065s] -- Up-to-date: /root/ros2_ws/install/message/share/message/cmake/message__rosidl_typesupport_introspection_cExport.cmake
[6.065s] -- Up-to-date: /root/ros2_ws/install/message/share/message/cmake/message__rosidl_typesupport_introspection_cExport-noconfig.cmake
[6.066s] -- Up-to-date: /root/ros2_ws/install/message/share/message/cmake/message__rosidl_typesupport_cExport.cmake
[6.066s] -- Up-to-date: /root/ros2_ws/install/message/share/message/cmake/message__rosidl_typesupport_cExport-noconfig.cmake
[6.067s] -- Up-to-date: /root/ros2_ws/install/message/share/message/cmake/message__rosidl_typesupport_introspection_cppExport.cmake
[6.067s] -- Up-to-date: /root/ros2_ws/install/message/share/message/cmake/message__rosidl_typesupport_introspection_cppExport-noconfig.cmake
[6.068s] -- Up-to-date: /root/ros2_ws/install/message/share/message/cmake/message__rosidl_typesupport_cppExport.cmake
[6.068s] -- Up-to-date: /root/ros2_ws/install/message/share/message/cmake/message__rosidl_typesupport_cppExport-noconfig.cmake
[6.069s] -- Up-to-date: /root/ros2_ws/install/message/share/message/cmake/export_message__rosidl_generator_pyExport.cmake
[6.070s] -- Up-to-date: /root/ros2_ws/install/message/share/message/cmake/export_message__rosidl_generator_pyExport-noconfig.cmake
[6.071s] -- Up-to-date: /root/ros2_ws/install/message/share/message/cmake/rosidl_cmake-extras.cmake
[6.072s] -- Up-to-date: /root/ros2_ws/install/message/share/message/cmake/ament_cmake_export_dependencies-extras.cmake
[6.073s] -- Up-to-date: /root/ros2_ws/install/message/share/message/cmake/ament_cmake_export_include_directories-extras.cmake
[6.073s] -- Up-to-date: /root/ros2_ws/install/message/share/message/cmake/ament_cmake_export_libraries-extras.cmake
[6.074s] -- Up-to-date: /root/ros2_ws/install/message/share/message/cmake/ament_cmake_export_targets-extras.cmake
[6.075s] -- Up-to-date: /root/ros2_ws/install/message/share/message/cmake/rosidl_cmake_export_typesupport_targets-extras.cmake
[6.077s] -- Up-to-date: /root/ros2_ws/install/message/share/message/cmake/rosidl_cmake_export_typesupport_libraries-extras.cmake
[6.078s] -- Up-to-date: /root/ros2_ws/install/message/share/message/cmake/messageConfig.cmake
[6.079s] -- Up-to-date: /root/ros2_ws/install/message/share/message/cmake/messageConfig-version.cmake
[6.080s] -- Up-to-date: /root/ros2_ws/install/message/share/message/package.xml
[6.244s] Invoked command in '/root/ros2_ws/build/message' returned '0': CMAKE_PREFIX_PATH=${CMAKE_PREFIX_PATH}:/root/ros2_ws/install/my_ros2_project:/opt/ros/humble /usr/bin/cmake --install /root/ros2_ws/build/message
