[0.102s] Invoking command in '/root/ros2_ws/build/message': /usr/bin/cmake --build /root/ros2_ws/build/message -- -j8 -l8
[1.145s] [  9%] Built target message__rosidl_generator_c
[1.162s] [ 12%] Built target message__cpp
[1.398s] [ 12%] Built target ament_cmake_python_copy_message
[2.221s] [ 22%] Built target message__rosidl_typesupport_introspection_cpp
[2.284s] [ 32%] Built target message__rosidl_typesupport_c
[2.338s] [ 41%] Built target message__rosidl_typesupport_fastrtps_c
[2.339s] [ 51%] Built target message__rosidl_typesupport_cpp
[2.375s] [ 61%] Built target message__rosidl_typesupport_introspection_c
[2.444s] [ 70%] Built target message__rosidl_typesupport_fastrtps_cpp
[2.828s] [ 70%] Built target message
[3.221s] [ 74%] Built target message__py
[3.644s] [ 80%] Built target message__rosidl_generator_py
[4.115s] running egg_info
[4.125s] writing message.egg-info/PKG-INFO
[4.132s] writing dependency_links to message.egg-info/dependency_links.txt
[4.135s] writing top-level names to message.egg-info/top_level.txt
[4.161s] reading manifest file 'message.egg-info/SOURCES.txt'
[4.165s] writing manifest file 'message.egg-info/SOURCES.txt'
[4.307s] [ 87%] Built target message__rosidl_typesupport_introspection_c__pyext
[4.328s] [100%] Built target message__rosidl_typesupport_fastrtps_c__pyext
[4.329s] [100%] Built target message__rosidl_typesupport_c__pyext
[4.421s] [100%] Built target ament_cmake_python_build_message_egg
[4.562s] Invoked command in '/root/ros2_ws/build/message' returned '0': /usr/bin/cmake --build /root/ros2_ws/build/message -- -j8 -l8
[4.692s] Invoking command in '/root/ros2_ws/build/message': /usr/bin/cmake --install /root/ros2_ws/build/message
[4.836s] -- Install configuration: ""
[4.841s] -- Up-to-date: /root/ros2_ws/install/message/share/ament_index/resource_index/rosidl_interfaces/message
[4.842s] -- Up-to-date: /root/ros2_ws/install/message/include/message/message
[4.843s] -- Up-to-date: /root/ros2_ws/install/message/include/message/message/msg
[4.844s] -- Up-to-date: /root/ros2_ws/install/message/include/message/message/msg/detail
[4.845s] -- Up-to-date: /root/ros2_ws/install/message/include/message/message/msg/detail/emotion__functions.h
[4.846s] -- Up-to-date: /root/ros2_ws/install/message/include/message/message/msg/detail/emotion__functions.c
[4.846s] -- Up-to-date: /root/ros2_ws/install/message/include/message/message/msg/detail/emotion__type_support.h
[4.847s] -- Up-to-date: /root/ros2_ws/install/message/include/message/message/msg/detail/emotion__struct.h
[4.848s] -- Up-to-date: /root/ros2_ws/install/message/include/message/message/msg/rosidl_generator_c__visibility_control.h
[4.848s] -- Up-to-date: /root/ros2_ws/install/message/include/message/message/msg/emotion.h
[4.849s] -- Up-to-date: /root/ros2_ws/install/message/share/message/environment/library_path.sh
[4.849s] -- Up-to-date: /root/ros2_ws/install/message/share/message/environment/library_path.dsv
[4.850s] -- Up-to-date: /root/ros2_ws/install/message/lib/libmessage__rosidl_generator_c.so
[4.851s] -- Up-to-date: /root/ros2_ws/install/message/include/message/message
[4.852s] -- Up-to-date: /root/ros2_ws/install/message/include/message/message/msg
[4.854s] -- Up-to-date: /root/ros2_ws/install/message/include/message/message/msg/detail
[4.855s] -- Up-to-date: /root/ros2_ws/install/message/include/message/message/msg/detail/emotion__rosidl_typesupport_fastrtps_c.h
[4.856s] -- Up-to-date: /root/ros2_ws/install/message/include/message/message/msg/rosidl_typesupport_fastrtps_c__visibility_control.h
[4.857s] -- Up-to-date: /root/ros2_ws/install/message/lib/libmessage__rosidl_typesupport_fastrtps_c.so
[4.857s] -- Up-to-date: /root/ros2_ws/install/message/include/message/message
[4.858s] -- Up-to-date: /root/ros2_ws/install/message/include/message/message/msg
[4.859s] -- Up-to-date: /root/ros2_ws/install/message/include/message/message/msg/detail
[4.859s] -- Up-to-date: /root/ros2_ws/install/message/include/message/message/msg/detail/emotion__struct.hpp
[4.861s] -- Up-to-date: /root/ros2_ws/install/message/include/message/message/msg/detail/emotion__traits.hpp
[4.862s] -- Up-to-date: /root/ros2_ws/install/message/include/message/message/msg/detail/emotion__builder.hpp
[4.863s] -- Up-to-date: /root/ros2_ws/install/message/include/message/message/msg/detail/emotion__type_support.hpp
[4.863s] -- Up-to-date: /root/ros2_ws/install/message/include/message/message/msg/emotion.hpp
[4.864s] -- Up-to-date: /root/ros2_ws/install/message/include/message/message/msg/rosidl_generator_cpp__visibility_control.hpp
[4.865s] -- Up-to-date: /root/ros2_ws/install/message/include/message/message
[4.866s] -- Up-to-date: /root/ros2_ws/install/message/include/message/message/msg
[4.867s] -- Up-to-date: /root/ros2_ws/install/message/include/message/message/msg/detail
[4.867s] -- Up-to-date: /root/ros2_ws/install/message/include/message/message/msg/detail/emotion__rosidl_typesupport_fastrtps_cpp.hpp
[4.868s] -- Up-to-date: /root/ros2_ws/install/message/include/message/message/msg/detail/dds_fastrtps
[4.869s] -- Up-to-date: /root/ros2_ws/install/message/include/message/message/msg/rosidl_typesupport_fastrtps_cpp__visibility_control.h
[4.870s] -- Up-to-date: /root/ros2_ws/install/message/lib/libmessage__rosidl_typesupport_fastrtps_cpp.so
[4.870s] -- Up-to-date: /root/ros2_ws/install/message/include/message/message
[4.871s] -- Up-to-date: /root/ros2_ws/install/message/include/message/message/msg
[4.871s] -- Up-to-date: /root/ros2_ws/install/message/include/message/message/msg/detail
[4.872s] -- Up-to-date: /root/ros2_ws/install/message/include/message/message/msg/detail/emotion__type_support.c
[4.873s] -- Up-to-date: /root/ros2_ws/install/message/include/message/message/msg/detail/emotion__rosidl_typesupport_introspection_c.h
[4.873s] -- Up-to-date: /root/ros2_ws/install/message/include/message/message/msg/rosidl_typesupport_introspection_c__visibility_control.h
[4.875s] -- Up-to-date: /root/ros2_ws/install/message/lib/libmessage__rosidl_typesupport_introspection_c.so
[4.876s] -- Up-to-date: /root/ros2_ws/install/message/lib/libmessage__rosidl_typesupport_c.so
[4.877s] -- Up-to-date: /root/ros2_ws/install/message/include/message/message
[4.878s] -- Up-to-date: /root/ros2_ws/install/message/include/message/message/msg
[4.879s] -- Up-to-date: /root/ros2_ws/install/message/include/message/message/msg/detail
[4.879s] -- Up-to-date: /root/ros2_ws/install/message/include/message/message/msg/detail/emotion__type_support.cpp
[4.880s] -- Up-to-date: /root/ros2_ws/install/message/include/message/message/msg/detail/emotion__rosidl_typesupport_introspection_cpp.hpp
[4.881s] -- Up-to-date: /root/ros2_ws/install/message/lib/libmessage__rosidl_typesupport_introspection_cpp.so
[4.881s] -- Up-to-date: /root/ros2_ws/install/message/lib/libmessage__rosidl_typesupport_cpp.so
[4.882s] -- Up-to-date: /root/ros2_ws/install/message/share/message/environment/pythonpath.sh
[4.882s] -- Up-to-date: /root/ros2_ws/install/message/share/message/environment/pythonpath.dsv
[4.883s] -- Up-to-date: /root/ros2_ws/install/message/local/lib/python3.10/dist-packages/message-0.0.0-py3.10.egg-info
[4.883s] -- Installing: /root/ros2_ws/install/message/local/lib/python3.10/dist-packages/message-0.0.0-py3.10.egg-info/dependency_links.txt
[4.884s] -- Installing: /root/ros2_ws/install/message/local/lib/python3.10/dist-packages/message-0.0.0-py3.10.egg-info/SOURCES.txt
[4.885s] -- Installing: /root/ros2_ws/install/message/local/lib/python3.10/dist-packages/message-0.0.0-py3.10.egg-info/top_level.txt
[4.885s] -- Installing: /root/ros2_ws/install/message/local/lib/python3.10/dist-packages/message-0.0.0-py3.10.egg-info/PKG-INFO
[4.886s] -- Up-to-date: /root/ros2_ws/install/message/local/lib/python3.10/dist-packages/message
[4.886s] -- Up-to-date: /root/ros2_ws/install/message/local/lib/python3.10/dist-packages/message/__init__.py
[4.887s] -- Up-to-date: /root/ros2_ws/install/message/local/lib/python3.10/dist-packages/message/libmessage__rosidl_generator_py.so
[4.887s] -- Up-to-date: /root/ros2_ws/install/message/local/lib/python3.10/dist-packages/message/message_s__rosidl_typesupport_introspection_c.cpython-310-aarch64-linux-gnu.so
[4.888s] -- Up-to-date: /root/ros2_ws/install/message/local/lib/python3.10/dist-packages/message/message_s__rosidl_typesupport_c.cpython-310-aarch64-linux-gnu.so
[4.889s] -- Up-to-date: /root/ros2_ws/install/message/local/lib/python3.10/dist-packages/message/_message_s.ep.rosidl_typesupport_c.c
[4.889s] -- Up-to-date: /root/ros2_ws/install/message/local/lib/python3.10/dist-packages/message/message_s__rosidl_typesupport_fastrtps_c.cpython-310-aarch64-linux-gnu.so
[4.890s] -- Up-to-date: /root/ros2_ws/install/message/local/lib/python3.10/dist-packages/message/_message_s.ep.rosidl_typesupport_introspection_c.c
[4.890s] -- Up-to-date: /root/ros2_ws/install/message/local/lib/python3.10/dist-packages/message/msg
[4.891s] -- Up-to-date: /root/ros2_ws/install/message/local/lib/python3.10/dist-packages/message/msg/__init__.py
[4.891s] -- Up-to-date: /root/ros2_ws/install/message/local/lib/python3.10/dist-packages/message/msg/_emotion.py
[4.892s] -- Up-to-date: /root/ros2_ws/install/message/local/lib/python3.10/dist-packages/message/msg/_emotion_s.c
[4.892s] -- Up-to-date: /root/ros2_ws/install/message/local/lib/python3.10/dist-packages/message/_message_s.ep.rosidl_typesupport_fastrtps_c.c
[5.326s] Listing '/root/ros2_ws/install/message/local/lib/python3.10/dist-packages/message'...
[5.327s] Listing '/root/ros2_ws/install/message/local/lib/python3.10/dist-packages/message/msg'...
[5.355s] -- Up-to-date: /root/ros2_ws/install/message/local/lib/python3.10/dist-packages/message/message_s__rosidl_typesupport_fastrtps_c.cpython-310-aarch64-linux-gnu.so
[5.356s] -- Up-to-date: /root/ros2_ws/install/message/local/lib/python3.10/dist-packages/message/message_s__rosidl_typesupport_introspection_c.cpython-310-aarch64-linux-gnu.so
[5.358s] -- Up-to-date: /root/ros2_ws/install/message/local/lib/python3.10/dist-packages/message/message_s__rosidl_typesupport_c.cpython-310-aarch64-linux-gnu.so
[5.359s] -- Up-to-date: /root/ros2_ws/install/message/lib/libmessage__rosidl_generator_py.so
[5.361s] -- Up-to-date: /root/ros2_ws/install/message/share/message/msg/Emotion.idl
[5.362s] -- Up-to-date: /root/ros2_ws/install/message/share/message/msg/Emotion.msg
[5.363s] -- Up-to-date: /root/ros2_ws/install/message/share/ament_index/resource_index/package_run_dependencies/message
[5.364s] -- Up-to-date: /root/ros2_ws/install/message/share/ament_index/resource_index/parent_prefix_path/message
[5.365s] -- Up-to-date: /root/ros2_ws/install/message/share/message/environment/ament_prefix_path.sh
[5.366s] -- Up-to-date: /root/ros2_ws/install/message/share/message/environment/ament_prefix_path.dsv
[5.366s] -- Up-to-date: /root/ros2_ws/install/message/share/message/environment/path.sh
[5.367s] -- Up-to-date: /root/ros2_ws/install/message/share/message/environment/path.dsv
[5.369s] -- Up-to-date: /root/ros2_ws/install/message/share/message/local_setup.bash
[5.369s] -- Up-to-date: /root/ros2_ws/install/message/share/message/local_setup.sh
[5.371s] -- Up-to-date: /root/ros2_ws/install/message/share/message/local_setup.zsh
[5.372s] -- Up-to-date: /root/ros2_ws/install/message/share/message/local_setup.dsv
[5.372s] -- Installing: /root/ros2_ws/install/message/share/message/package.dsv
[5.373s] -- Up-to-date: /root/ros2_ws/install/message/share/ament_index/resource_index/packages/message
[5.374s] -- Up-to-date: /root/ros2_ws/install/message/share/message/cmake/export_message__rosidl_generator_cExport.cmake
[5.375s] -- Up-to-date: /root/ros2_ws/install/message/share/message/cmake/export_message__rosidl_generator_cExport-noconfig.cmake
[5.376s] -- Up-to-date: /root/ros2_ws/install/message/share/message/cmake/export_message__rosidl_typesupport_fastrtps_cExport.cmake
[5.377s] -- Up-to-date: /root/ros2_ws/install/message/share/message/cmake/export_message__rosidl_typesupport_fastrtps_cExport-noconfig.cmake
[5.378s] -- Up-to-date: /root/ros2_ws/install/message/share/message/cmake/export_message__rosidl_generator_cppExport.cmake
[5.378s] -- Up-to-date: /root/ros2_ws/install/message/share/message/cmake/export_message__rosidl_typesupport_fastrtps_cppExport.cmake
[5.379s] -- Up-to-date: /root/ros2_ws/install/message/share/message/cmake/export_message__rosidl_typesupport_fastrtps_cppExport-noconfig.cmake
[5.380s] -- Up-to-date: /root/ros2_ws/install/message/share/message/cmake/message__rosidl_typesupport_introspection_cExport.cmake
[5.381s] -- Up-to-date: /root/ros2_ws/install/message/share/message/cmake/message__rosidl_typesupport_introspection_cExport-noconfig.cmake
[5.382s] -- Up-to-date: /root/ros2_ws/install/message/share/message/cmake/message__rosidl_typesupport_cExport.cmake
[5.383s] -- Up-to-date: /root/ros2_ws/install/message/share/message/cmake/message__rosidl_typesupport_cExport-noconfig.cmake
[5.383s] -- Up-to-date: /root/ros2_ws/install/message/share/message/cmake/message__rosidl_typesupport_introspection_cppExport.cmake
[5.384s] -- Up-to-date: /root/ros2_ws/install/message/share/message/cmake/message__rosidl_typesupport_introspection_cppExport-noconfig.cmake
[5.385s] -- Up-to-date: /root/ros2_ws/install/message/share/message/cmake/message__rosidl_typesupport_cppExport.cmake
[5.385s] -- Up-to-date: /root/ros2_ws/install/message/share/message/cmake/message__rosidl_typesupport_cppExport-noconfig.cmake
[5.386s] -- Up-to-date: /root/ros2_ws/install/message/share/message/cmake/export_message__rosidl_generator_pyExport.cmake
[5.386s] -- Up-to-date: /root/ros2_ws/install/message/share/message/cmake/export_message__rosidl_generator_pyExport-noconfig.cmake
[5.387s] -- Up-to-date: /root/ros2_ws/install/message/share/message/cmake/rosidl_cmake-extras.cmake
[5.388s] -- Up-to-date: /root/ros2_ws/install/message/share/message/cmake/ament_cmake_export_dependencies-extras.cmake
[5.388s] -- Up-to-date: /root/ros2_ws/install/message/share/message/cmake/ament_cmake_export_include_directories-extras.cmake
[5.389s] -- Up-to-date: /root/ros2_ws/install/message/share/message/cmake/ament_cmake_export_libraries-extras.cmake
[5.390s] -- Up-to-date: /root/ros2_ws/install/message/share/message/cmake/ament_cmake_export_targets-extras.cmake
[5.390s] -- Up-to-date: /root/ros2_ws/install/message/share/message/cmake/rosidl_cmake_export_typesupport_targets-extras.cmake
[5.391s] -- Up-to-date: /root/ros2_ws/install/message/share/message/cmake/rosidl_cmake_export_typesupport_libraries-extras.cmake
[5.391s] -- Up-to-date: /root/ros2_ws/install/message/share/message/cmake/messageConfig.cmake
[5.392s] -- Up-to-date: /root/ros2_ws/install/message/share/message/cmake/messageConfig-version.cmake
[5.393s] -- Up-to-date: /root/ros2_ws/install/message/share/message/package.xml
[5.398s] Invoked command in '/root/ros2_ws/build/message' returned '0': /usr/bin/cmake --install /root/ros2_ws/build/message
