[0.142s] Invoking command in '/root/ros2_ws/build/message': CMAKE_PREFIX_PATH=${CMAKE_PREFIX_PATH}:/root/ros2_ws/install/my_ros2_project:/opt/ros/humble /usr/bin/cmake --build /root/ros2_ws/build/message -- -j8 -l8
[1.101s] [  9%] Built target message__rosidl_generator_c
[1.243s] [ 12%] Built target message__cpp
[1.371s] [ 12%] Built target ament_cmake_python_copy_message
[2.046s] [ 22%] Built target message__rosidl_typesupport_c
[2.131s] [ 32%] Built target message__rosidl_typesupport_fastrtps_c
[2.347s] [ 45%] Built target message__rosidl_typesupport_introspection_c
[2.354s] [ 51%] Built target message__rosidl_typesupport_cpp
[2.417s] [ 61%] Built target message__rosidl_typesupport_fastrtps_cpp
[2.459s] [ 70%] Built target message__rosidl_typesupport_introspection_cpp
[2.856s] [ 70%] Built target message
[3.302s] [ 74%] Built target message__py
[3.728s] [ 80%] Built target message__rosidl_generator_py
[4.401s] [ 87%] Built target message__rosidl_typesupport_introspection_c__pyext
[4.414s] [ 93%] Built target message__rosidl_typesupport_c__pyext
[4.446s] [100%] Built target message__rosidl_typesupport_fastrtps_c__pyext
[4.721s] running egg_info
[4.727s] writing message.egg-info/PKG-INFO
[4.728s] writing dependency_links to message.egg-info/dependency_links.txt
[4.730s] writing top-level names to message.egg-info/top_level.txt
[4.745s] reading manifest file 'message.egg-info/SOURCES.txt'
[4.749s] writing manifest file 'message.egg-info/SOURCES.txt'
[4.948s] [100%] Built target ament_cmake_python_build_message_egg
[5.092s] Invoked command in '/root/ros2_ws/build/message' returned '0': CMAKE_PREFIX_PATH=${CMAKE_PREFIX_PATH}:/root/ros2_ws/install/my_ros2_project:/opt/ros/humble /usr/bin/cmake --build /root/ros2_ws/build/message -- -j8 -l8
[5.225s] Invoking command in '/root/ros2_ws/build/message': CMAKE_PREFIX_PATH=${CMAKE_PREFIX_PATH}:/root/ros2_ws/install/my_ros2_project:/opt/ros/humble /usr/bin/cmake --install /root/ros2_ws/build/message
[5.361s] -- Install configuration: ""
[5.366s] -- Up-to-date: /root/ros2_ws/install/message/share/ament_index/resource_index/rosidl_interfaces/message
[5.367s] -- Up-to-date: /root/ros2_ws/install/message/include/message/message
[5.368s] -- Up-to-date: /root/ros2_ws/install/message/include/message/message/msg
[5.369s] -- Up-to-date: /root/ros2_ws/install/message/include/message/message/msg/detail
[5.369s] -- Up-to-date: /root/ros2_ws/install/message/include/message/message/msg/detail/emotion__functions.h
[5.371s] -- Up-to-date: /root/ros2_ws/install/message/include/message/message/msg/detail/emotion__functions.c
[5.371s] -- Up-to-date: /root/ros2_ws/install/message/include/message/message/msg/detail/emotion__type_support.h
[5.372s] -- Up-to-date: /root/ros2_ws/install/message/include/message/message/msg/detail/emotion__struct.h
[5.372s] -- Up-to-date: /root/ros2_ws/install/message/include/message/message/msg/rosidl_generator_c__visibility_control.h
[5.373s] -- Up-to-date: /root/ros2_ws/install/message/include/message/message/msg/emotion.h
[5.374s] -- Up-to-date: /root/ros2_ws/install/message/share/message/environment/library_path.sh
[5.374s] -- Up-to-date: /root/ros2_ws/install/message/share/message/environment/library_path.dsv
[5.375s] -- Up-to-date: /root/ros2_ws/install/message/lib/libmessage__rosidl_generator_c.so
[5.377s] -- Up-to-date: /root/ros2_ws/install/message/include/message/message
[5.377s] -- Up-to-date: /root/ros2_ws/install/message/include/message/message/msg
[5.378s] -- Up-to-date: /root/ros2_ws/install/message/include/message/message/msg/detail
[5.380s] -- Up-to-date: /root/ros2_ws/install/message/include/message/message/msg/detail/emotion__rosidl_typesupport_fastrtps_c.h
[5.381s] -- Up-to-date: /root/ros2_ws/install/message/include/message/message/msg/rosidl_typesupport_fastrtps_c__visibility_control.h
[5.381s] -- Up-to-date: /root/ros2_ws/install/message/lib/libmessage__rosidl_typesupport_fastrtps_c.so
[5.382s] -- Up-to-date: /root/ros2_ws/install/message/include/message/message
[5.383s] -- Up-to-date: /root/ros2_ws/install/message/include/message/message/msg
[5.384s] -- Up-to-date: /root/ros2_ws/install/message/include/message/message/msg/detail
[5.385s] -- Up-to-date: /root/ros2_ws/install/message/include/message/message/msg/detail/emotion__struct.hpp
[5.385s] -- Up-to-date: /root/ros2_ws/install/message/include/message/message/msg/detail/emotion__traits.hpp
[5.386s] -- Up-to-date: /root/ros2_ws/install/message/include/message/message/msg/detail/emotion__builder.hpp
[5.388s] -- Up-to-date: /root/ros2_ws/install/message/include/message/message/msg/detail/emotion__type_support.hpp
[5.388s] -- Up-to-date: /root/ros2_ws/install/message/include/message/message/msg/emotion.hpp
[5.389s] -- Up-to-date: /root/ros2_ws/install/message/include/message/message/msg/rosidl_generator_cpp__visibility_control.hpp
[5.390s] -- Up-to-date: /root/ros2_ws/install/message/include/message/message
[5.390s] -- Up-to-date: /root/ros2_ws/install/message/include/message/message/msg
[5.391s] -- Up-to-date: /root/ros2_ws/install/message/include/message/message/msg/detail
[5.392s] -- Up-to-date: /root/ros2_ws/install/message/include/message/message/msg/detail/emotion__rosidl_typesupport_fastrtps_cpp.hpp
[5.392s] -- Up-to-date: /root/ros2_ws/install/message/include/message/message/msg/detail/dds_fastrtps
[5.393s] -- Up-to-date: /root/ros2_ws/install/message/include/message/message/msg/rosidl_typesupport_fastrtps_cpp__visibility_control.h
[5.394s] -- Up-to-date: /root/ros2_ws/install/message/lib/libmessage__rosidl_typesupport_fastrtps_cpp.so
[5.394s] -- Up-to-date: /root/ros2_ws/install/message/include/message/message
[5.396s] -- Up-to-date: /root/ros2_ws/install/message/include/message/message/msg
[5.396s] -- Up-to-date: /root/ros2_ws/install/message/include/message/message/msg/detail
[5.397s] -- Up-to-date: /root/ros2_ws/install/message/include/message/message/msg/detail/emotion__type_support.c
[5.398s] -- Up-to-date: /root/ros2_ws/install/message/include/message/message/msg/detail/emotion__rosidl_typesupport_introspection_c.h
[5.398s] -- Up-to-date: /root/ros2_ws/install/message/include/message/message/msg/rosidl_typesupport_introspection_c__visibility_control.h
[5.400s] -- Up-to-date: /root/ros2_ws/install/message/lib/libmessage__rosidl_typesupport_introspection_c.so
[5.401s] -- Up-to-date: /root/ros2_ws/install/message/lib/libmessage__rosidl_typesupport_c.so
[5.444s] -- Up-to-date: /root/ros2_ws/install/message/include/message/message
[5.445s] -- Up-to-date: /root/ros2_ws/install/message/include/message/message/msg
[5.445s] -- Up-to-date: /root/ros2_ws/install/message/include/message/message/msg/detail
[5.446s] -- Up-to-date: /root/ros2_ws/install/message/include/message/message/msg/detail/emotion__type_support.cpp
[5.446s] -- Up-to-date: /root/ros2_ws/install/message/include/message/message/msg/detail/emotion__rosidl_typesupport_introspection_cpp.hpp
[5.447s] -- Up-to-date: /root/ros2_ws/install/message/lib/libmessage__rosidl_typesupport_introspection_cpp.so
[5.448s] -- Up-to-date: /root/ros2_ws/install/message/lib/libmessage__rosidl_typesupport_cpp.so
[5.448s] -- Up-to-date: /root/ros2_ws/install/message/share/message/environment/pythonpath.sh
[5.449s] -- Up-to-date: /root/ros2_ws/install/message/share/message/environment/pythonpath.dsv
[5.449s] -- Up-to-date: /root/ros2_ws/install/message/local/lib/python3.10/dist-packages/message-0.0.0-py3.10.egg-info
[5.450s] -- Installing: /root/ros2_ws/install/message/local/lib/python3.10/dist-packages/message-0.0.0-py3.10.egg-info/dependency_links.txt
[5.450s] -- Installing: /root/ros2_ws/install/message/local/lib/python3.10/dist-packages/message-0.0.0-py3.10.egg-info/SOURCES.txt
[5.451s] -- Installing: /root/ros2_ws/install/message/local/lib/python3.10/dist-packages/message-0.0.0-py3.10.egg-info/top_level.txt
[5.451s] -- Installing: /root/ros2_ws/install/message/local/lib/python3.10/dist-packages/message-0.0.0-py3.10.egg-info/PKG-INFO
[5.452s] -- Up-to-date: /root/ros2_ws/install/message/local/lib/python3.10/dist-packages/message
[5.453s] -- Up-to-date: /root/ros2_ws/install/message/local/lib/python3.10/dist-packages/message/__init__.py
[5.453s] -- Up-to-date: /root/ros2_ws/install/message/local/lib/python3.10/dist-packages/message/libmessage__rosidl_generator_py.so
[5.454s] -- Up-to-date: /root/ros2_ws/install/message/local/lib/python3.10/dist-packages/message/message_s__rosidl_typesupport_introspection_c.cpython-310-aarch64-linux-gnu.so
[5.454s] -- Up-to-date: /root/ros2_ws/install/message/local/lib/python3.10/dist-packages/message/message_s__rosidl_typesupport_c.cpython-310-aarch64-linux-gnu.so
[5.455s] -- Up-to-date: /root/ros2_ws/install/message/local/lib/python3.10/dist-packages/message/_message_s.ep.rosidl_typesupport_c.c
[5.455s] -- Up-to-date: /root/ros2_ws/install/message/local/lib/python3.10/dist-packages/message/message_s__rosidl_typesupport_fastrtps_c.cpython-310-aarch64-linux-gnu.so
[5.456s] -- Up-to-date: /root/ros2_ws/install/message/local/lib/python3.10/dist-packages/message/_message_s.ep.rosidl_typesupport_introspection_c.c
[5.456s] -- Up-to-date: /root/ros2_ws/install/message/local/lib/python3.10/dist-packages/message/msg
[5.457s] -- Up-to-date: /root/ros2_ws/install/message/local/lib/python3.10/dist-packages/message/msg/__init__.py
[5.458s] -- Up-to-date: /root/ros2_ws/install/message/local/lib/python3.10/dist-packages/message/msg/_emotion.py
[5.458s] -- Up-to-date: /root/ros2_ws/install/message/local/lib/python3.10/dist-packages/message/msg/_emotion_s.c
[5.459s] -- Up-to-date: /root/ros2_ws/install/message/local/lib/python3.10/dist-packages/message/_message_s.ep.rosidl_typesupport_fastrtps_c.c
[5.885s] Listing '/root/ros2_ws/install/message/local/lib/python3.10/dist-packages/message'...
[5.886s] Listing '/root/ros2_ws/install/message/local/lib/python3.10/dist-packages/message/msg'...
[5.915s] -- Up-to-date: /root/ros2_ws/install/message/local/lib/python3.10/dist-packages/message/message_s__rosidl_typesupport_fastrtps_c.cpython-310-aarch64-linux-gnu.so
[5.918s] -- Up-to-date: /root/ros2_ws/install/message/local/lib/python3.10/dist-packages/message/message_s__rosidl_typesupport_introspection_c.cpython-310-aarch64-linux-gnu.so
[5.920s] -- Up-to-date: /root/ros2_ws/install/message/local/lib/python3.10/dist-packages/message/message_s__rosidl_typesupport_c.cpython-310-aarch64-linux-gnu.so
[5.922s] -- Up-to-date: /root/ros2_ws/install/message/lib/libmessage__rosidl_generator_py.so
[5.923s] -- Up-to-date: /root/ros2_ws/install/message/share/message/msg/Emotion.idl
[5.924s] -- Up-to-date: /root/ros2_ws/install/message/share/message/msg/Emotion.msg
[5.926s] -- Up-to-date: /root/ros2_ws/install/message/share/ament_index/resource_index/package_run_dependencies/message
[5.927s] -- Up-to-date: /root/ros2_ws/install/message/share/ament_index/resource_index/parent_prefix_path/message
[5.927s] -- Up-to-date: /root/ros2_ws/install/message/share/message/environment/ament_prefix_path.sh
[5.929s] -- Up-to-date: /root/ros2_ws/install/message/share/message/environment/ament_prefix_path.dsv
[5.929s] -- Up-to-date: /root/ros2_ws/install/message/share/message/environment/path.sh
[5.930s] -- Up-to-date: /root/ros2_ws/install/message/share/message/environment/path.dsv
[5.931s] -- Up-to-date: /root/ros2_ws/install/message/share/message/local_setup.bash
[5.931s] -- Up-to-date: /root/ros2_ws/install/message/share/message/local_setup.sh
[5.932s] -- Up-to-date: /root/ros2_ws/install/message/share/message/local_setup.zsh
[5.933s] -- Up-to-date: /root/ros2_ws/install/message/share/message/local_setup.dsv
[5.933s] -- Installing: /root/ros2_ws/install/message/share/message/package.dsv
[5.934s] -- Up-to-date: /root/ros2_ws/install/message/share/ament_index/resource_index/packages/message
[5.935s] -- Up-to-date: /root/ros2_ws/install/message/share/message/cmake/export_message__rosidl_generator_cExport.cmake
[5.936s] -- Up-to-date: /root/ros2_ws/install/message/share/message/cmake/export_message__rosidl_generator_cExport-noconfig.cmake
[5.937s] -- Up-to-date: /root/ros2_ws/install/message/share/message/cmake/export_message__rosidl_typesupport_fastrtps_cExport.cmake
[5.938s] -- Up-to-date: /root/ros2_ws/install/message/share/message/cmake/export_message__rosidl_typesupport_fastrtps_cExport-noconfig.cmake
[5.938s] -- Up-to-date: /root/ros2_ws/install/message/share/message/cmake/export_message__rosidl_generator_cppExport.cmake
[5.939s] -- Up-to-date: /root/ros2_ws/install/message/share/message/cmake/export_message__rosidl_typesupport_fastrtps_cppExport.cmake
[5.940s] -- Up-to-date: /root/ros2_ws/install/message/share/message/cmake/export_message__rosidl_typesupport_fastrtps_cppExport-noconfig.cmake
[5.941s] -- Up-to-date: /root/ros2_ws/install/message/share/message/cmake/message__rosidl_typesupport_introspection_cExport.cmake
[5.942s] -- Up-to-date: /root/ros2_ws/install/message/share/message/cmake/message__rosidl_typesupport_introspection_cExport-noconfig.cmake
[5.943s] -- Up-to-date: /root/ros2_ws/install/message/share/message/cmake/message__rosidl_typesupport_cExport.cmake
[5.945s] -- Up-to-date: /root/ros2_ws/install/message/share/message/cmake/message__rosidl_typesupport_cExport-noconfig.cmake
[5.947s] -- Up-to-date: /root/ros2_ws/install/message/share/message/cmake/message__rosidl_typesupport_introspection_cppExport.cmake
[5.948s] -- Up-to-date: /root/ros2_ws/install/message/share/message/cmake/message__rosidl_typesupport_introspection_cppExport-noconfig.cmake
[5.949s] -- Up-to-date: /root/ros2_ws/install/message/share/message/cmake/message__rosidl_typesupport_cppExport.cmake
[5.950s] -- Up-to-date: /root/ros2_ws/install/message/share/message/cmake/message__rosidl_typesupport_cppExport-noconfig.cmake
[5.952s] -- Up-to-date: /root/ros2_ws/install/message/share/message/cmake/export_message__rosidl_generator_pyExport.cmake
[5.953s] -- Up-to-date: /root/ros2_ws/install/message/share/message/cmake/export_message__rosidl_generator_pyExport-noconfig.cmake
[5.954s] -- Up-to-date: /root/ros2_ws/install/message/share/message/cmake/rosidl_cmake-extras.cmake
[5.955s] -- Up-to-date: /root/ros2_ws/install/message/share/message/cmake/ament_cmake_export_dependencies-extras.cmake
[5.956s] -- Up-to-date: /root/ros2_ws/install/message/share/message/cmake/ament_cmake_export_include_directories-extras.cmake
[5.956s] -- Up-to-date: /root/ros2_ws/install/message/share/message/cmake/ament_cmake_export_libraries-extras.cmake
[5.957s] -- Up-to-date: /root/ros2_ws/install/message/share/message/cmake/ament_cmake_export_targets-extras.cmake
[5.958s] -- Up-to-date: /root/ros2_ws/install/message/share/message/cmake/rosidl_cmake_export_typesupport_targets-extras.cmake
[5.960s] -- Up-to-date: /root/ros2_ws/install/message/share/message/cmake/rosidl_cmake_export_typesupport_libraries-extras.cmake
[5.960s] -- Up-to-date: /root/ros2_ws/install/message/share/message/cmake/messageConfig.cmake
[5.961s] -- Up-to-date: /root/ros2_ws/install/message/share/message/cmake/messageConfig-version.cmake
[5.962s] -- Up-to-date: /root/ros2_ws/install/message/share/message/package.xml
[6.006s] Invoked command in '/root/ros2_ws/build/message' returned '0': CMAKE_PREFIX_PATH=${CMAKE_PREFIX_PATH}:/root/ros2_ws/install/my_ros2_project:/opt/ros/humble /usr/bin/cmake --install /root/ros2_ws/build/message
