[0.159s] Invoking command in '/root/ros2_ws/build/message': CMAKE_PREFIX_PATH=${CMAKE_PREFIX_PATH}:/root/ros2_ws/install/my_ros2_project:/opt/ros/humble /usr/bin/cmake --build /root/ros2_ws/build/message -- -j8 -l8
[1.204s] [  9%] Built target message__rosidl_generator_c
[1.214s] [ 12%] Built target message__cpp
[1.568s] [ 12%] Built target ament_cmake_python_copy_message
[2.262s] [ 22%] Built target message__rosidl_typesupport_introspection_cpp
[2.298s] [ 32%] Built target message__rosidl_typesupport_fastrtps_c
[2.345s] [ 41%] Built target message__rosidl_typesupport_c
[2.385s] [ 51%] Built target message__rosidl_typesupport_introspection_c
[2.412s] [ 61%] Built target message__rosidl_typesupport_fastrtps_cpp
[2.475s] [ 70%] Built target message__rosidl_typesupport_cpp
[2.938s] [ 70%] Built target message
[3.360s] [ 74%] Built target message__py
[3.804s] [ 80%] Built target message__rosidl_generator_py
[4.469s] [ 87%] Built target message__rosidl_typesupport_introspection_c__pyext
[4.488s] [ 93%] Built target message__rosidl_typesupport_c__pyext
[4.518s] [100%] Built target message__rosidl_typesupport_fastrtps_c__pyext
[4.962s] running egg_info
[4.967s] writing message.egg-info/PKG-INFO
[4.969s] writing dependency_links to message.egg-info/dependency_links.txt
[4.971s] writing top-level names to message.egg-info/top_level.txt
[4.986s] reading manifest file 'message.egg-info/SOURCES.txt'
[4.991s] writing manifest file 'message.egg-info/SOURCES.txt'
[5.186s] [100%] Built target ament_cmake_python_build_message_egg
[5.380s] Invoked command in '/root/ros2_ws/build/message' returned '0': CMAKE_PREFIX_PATH=${CMAKE_PREFIX_PATH}:/root/ros2_ws/install/my_ros2_project:/opt/ros/humble /usr/bin/cmake --build /root/ros2_ws/build/message -- -j8 -l8
[5.389s] Invoking command in '/root/ros2_ws/build/message': CMAKE_PREFIX_PATH=${CMAKE_PREFIX_PATH}:/root/ros2_ws/install/my_ros2_project:/opt/ros/humble /usr/bin/cmake --install /root/ros2_ws/build/message
[5.556s] -- Install configuration: ""
[5.570s] -- Up-to-date: /root/ros2_ws/install/message/share/ament_index/resource_index/rosidl_interfaces/message
[5.586s] -- Up-to-date: /root/ros2_ws/install/message/include/message/message
[5.586s] -- Up-to-date: /root/ros2_ws/install/message/include/message/message/msg
[5.587s] -- Up-to-date: /root/ros2_ws/install/message/include/message/message/msg/detail
[5.587s] -- Up-to-date: /root/ros2_ws/install/message/include/message/message/msg/detail/emotion__functions.h
[5.588s] -- Up-to-date: /root/ros2_ws/install/message/include/message/message/msg/detail/emotion__functions.c
[5.588s] -- Up-to-date: /root/ros2_ws/install/message/include/message/message/msg/detail/emotion__type_support.h
[5.589s] -- Up-to-date: /root/ros2_ws/install/message/include/message/message/msg/detail/emotion__struct.h
[5.590s] -- Up-to-date: /root/ros2_ws/install/message/include/message/message/msg/rosidl_generator_c__visibility_control.h
[5.590s] -- Up-to-date: /root/ros2_ws/install/message/include/message/message/msg/emotion.h
[5.591s] -- Up-to-date: /root/ros2_ws/install/message/share/message/environment/library_path.sh
[5.591s] -- Up-to-date: /root/ros2_ws/install/message/share/message/environment/library_path.dsv
[5.592s] -- Up-to-date: /root/ros2_ws/install/message/lib/libmessage__rosidl_generator_c.so
[5.592s] -- Up-to-date: /root/ros2_ws/install/message/include/message/message
[5.593s] -- Up-to-date: /root/ros2_ws/install/message/include/message/message/msg
[5.593s] -- Up-to-date: /root/ros2_ws/install/message/include/message/message/msg/detail
[5.594s] -- Up-to-date: /root/ros2_ws/install/message/include/message/message/msg/detail/emotion__rosidl_typesupport_fastrtps_c.h
[5.595s] -- Up-to-date: /root/ros2_ws/install/message/include/message/message/msg/rosidl_typesupport_fastrtps_c__visibility_control.h
[5.595s] -- Up-to-date: /root/ros2_ws/install/message/lib/libmessage__rosidl_typesupport_fastrtps_c.so
[5.596s] -- Up-to-date: /root/ros2_ws/install/message/include/message/message
[5.596s] -- Up-to-date: /root/ros2_ws/install/message/include/message/message/msg
[5.597s] -- Up-to-date: /root/ros2_ws/install/message/include/message/message/msg/detail
[5.597s] -- Up-to-date: /root/ros2_ws/install/message/include/message/message/msg/detail/emotion__struct.hpp
[5.598s] -- Up-to-date: /root/ros2_ws/install/message/include/message/message/msg/detail/emotion__traits.hpp
[5.599s] -- Up-to-date: /root/ros2_ws/install/message/include/message/message/msg/detail/emotion__builder.hpp
[5.599s] -- Up-to-date: /root/ros2_ws/install/message/include/message/message/msg/detail/emotion__type_support.hpp
[5.600s] -- Up-to-date: /root/ros2_ws/install/message/include/message/message/msg/emotion.hpp
[5.600s] -- Up-to-date: /root/ros2_ws/install/message/include/message/message/msg/rosidl_generator_cpp__visibility_control.hpp
[5.601s] -- Up-to-date: /root/ros2_ws/install/message/include/message/message
[5.601s] -- Up-to-date: /root/ros2_ws/install/message/include/message/message/msg
[5.602s] -- Up-to-date: /root/ros2_ws/install/message/include/message/message/msg/detail
[5.602s] -- Up-to-date: /root/ros2_ws/install/message/include/message/message/msg/detail/emotion__rosidl_typesupport_fastrtps_cpp.hpp
[5.603s] -- Up-to-date: /root/ros2_ws/install/message/include/message/message/msg/detail/dds_fastrtps
[5.604s] -- Up-to-date: /root/ros2_ws/install/message/include/message/message/msg/rosidl_typesupport_fastrtps_cpp__visibility_control.h
[5.604s] -- Up-to-date: /root/ros2_ws/install/message/lib/libmessage__rosidl_typesupport_fastrtps_cpp.so
[5.605s] -- Up-to-date: /root/ros2_ws/install/message/include/message/message
[5.605s] -- Up-to-date: /root/ros2_ws/install/message/include/message/message/msg
[5.606s] -- Up-to-date: /root/ros2_ws/install/message/include/message/message/msg/detail
[5.606s] -- Up-to-date: /root/ros2_ws/install/message/include/message/message/msg/detail/emotion__type_support.c
[5.607s] -- Up-to-date: /root/ros2_ws/install/message/include/message/message/msg/detail/emotion__rosidl_typesupport_introspection_c.h
[5.608s] -- Up-to-date: /root/ros2_ws/install/message/include/message/message/msg/rosidl_typesupport_introspection_c__visibility_control.h
[5.608s] -- Up-to-date: /root/ros2_ws/install/message/lib/libmessage__rosidl_typesupport_introspection_c.so
[5.609s] -- Up-to-date: /root/ros2_ws/install/message/lib/libmessage__rosidl_typesupport_c.so
[5.609s] -- Up-to-date: /root/ros2_ws/install/message/include/message/message
[5.610s] -- Up-to-date: /root/ros2_ws/install/message/include/message/message/msg
[5.610s] -- Up-to-date: /root/ros2_ws/install/message/include/message/message/msg/detail
[5.611s] -- Up-to-date: /root/ros2_ws/install/message/include/message/message/msg/detail/emotion__type_support.cpp
[5.611s] -- Up-to-date: /root/ros2_ws/install/message/include/message/message/msg/detail/emotion__rosidl_typesupport_introspection_cpp.hpp
[5.612s] -- Up-to-date: /root/ros2_ws/install/message/lib/libmessage__rosidl_typesupport_introspection_cpp.so
[5.612s] -- Up-to-date: /root/ros2_ws/install/message/lib/libmessage__rosidl_typesupport_cpp.so
[5.613s] -- Up-to-date: /root/ros2_ws/install/message/share/message/environment/pythonpath.sh
[5.614s] -- Up-to-date: /root/ros2_ws/install/message/share/message/environment/pythonpath.dsv
[5.614s] -- Up-to-date: /root/ros2_ws/install/message/local/lib/python3.10/dist-packages/message-0.0.0-py3.10.egg-info
[5.615s] -- Installing: /root/ros2_ws/install/message/local/lib/python3.10/dist-packages/message-0.0.0-py3.10.egg-info/dependency_links.txt
[5.615s] -- Installing: /root/ros2_ws/install/message/local/lib/python3.10/dist-packages/message-0.0.0-py3.10.egg-info/SOURCES.txt
[5.616s] -- Installing: /root/ros2_ws/install/message/local/lib/python3.10/dist-packages/message-0.0.0-py3.10.egg-info/top_level.txt
[5.617s] -- Installing: /root/ros2_ws/install/message/local/lib/python3.10/dist-packages/message-0.0.0-py3.10.egg-info/PKG-INFO
[5.617s] -- Up-to-date: /root/ros2_ws/install/message/local/lib/python3.10/dist-packages/message
[5.618s] -- Up-to-date: /root/ros2_ws/install/message/local/lib/python3.10/dist-packages/message/__init__.py
[5.618s] -- Up-to-date: /root/ros2_ws/install/message/local/lib/python3.10/dist-packages/message/libmessage__rosidl_generator_py.so
[5.619s] -- Up-to-date: /root/ros2_ws/install/message/local/lib/python3.10/dist-packages/message/message_s__rosidl_typesupport_introspection_c.cpython-310-aarch64-linux-gnu.so
[5.619s] -- Up-to-date: /root/ros2_ws/install/message/local/lib/python3.10/dist-packages/message/message_s__rosidl_typesupport_c.cpython-310-aarch64-linux-gnu.so
[5.620s] -- Up-to-date: /root/ros2_ws/install/message/local/lib/python3.10/dist-packages/message/_message_s.ep.rosidl_typesupport_c.c
[5.621s] -- Up-to-date: /root/ros2_ws/install/message/local/lib/python3.10/dist-packages/message/message_s__rosidl_typesupport_fastrtps_c.cpython-310-aarch64-linux-gnu.so
[5.621s] -- Up-to-date: /root/ros2_ws/install/message/local/lib/python3.10/dist-packages/message/_message_s.ep.rosidl_typesupport_introspection_c.c
[5.622s] -- Up-to-date: /root/ros2_ws/install/message/local/lib/python3.10/dist-packages/message/msg
[5.622s] -- Up-to-date: /root/ros2_ws/install/message/local/lib/python3.10/dist-packages/message/msg/__init__.py
[5.623s] -- Up-to-date: /root/ros2_ws/install/message/local/lib/python3.10/dist-packages/message/msg/_emotion.py
[5.623s] -- Up-to-date: /root/ros2_ws/install/message/local/lib/python3.10/dist-packages/message/msg/_emotion_s.c
[5.624s] -- Up-to-date: /root/ros2_ws/install/message/local/lib/python3.10/dist-packages/message/_message_s.ep.rosidl_typesupport_fastrtps_c.c
[6.055s] Listing '/root/ros2_ws/install/message/local/lib/python3.10/dist-packages/message'...
[6.056s] Listing '/root/ros2_ws/install/message/local/lib/python3.10/dist-packages/message/msg'...
[6.114s] -- Up-to-date: /root/ros2_ws/install/message/local/lib/python3.10/dist-packages/message/message_s__rosidl_typesupport_fastrtps_c.cpython-310-aarch64-linux-gnu.so
[6.115s] -- Up-to-date: /root/ros2_ws/install/message/local/lib/python3.10/dist-packages/message/message_s__rosidl_typesupport_introspection_c.cpython-310-aarch64-linux-gnu.so
[6.115s] -- Up-to-date: /root/ros2_ws/install/message/local/lib/python3.10/dist-packages/message/message_s__rosidl_typesupport_c.cpython-310-aarch64-linux-gnu.so
[6.116s] -- Up-to-date: /root/ros2_ws/install/message/lib/libmessage__rosidl_generator_py.so
[6.117s] -- Up-to-date: /root/ros2_ws/install/message/share/message/msg/Emotion.idl
[6.118s] -- Up-to-date: /root/ros2_ws/install/message/share/message/msg/Emotion.msg
[6.119s] -- Up-to-date: /root/ros2_ws/install/message/share/ament_index/resource_index/package_run_dependencies/message
[6.120s] -- Up-to-date: /root/ros2_ws/install/message/share/ament_index/resource_index/parent_prefix_path/message
[6.120s] -- Up-to-date: /root/ros2_ws/install/message/share/message/environment/ament_prefix_path.sh
[6.121s] -- Up-to-date: /root/ros2_ws/install/message/share/message/environment/ament_prefix_path.dsv
[6.122s] -- Up-to-date: /root/ros2_ws/install/message/share/message/environment/path.sh
[6.122s] -- Up-to-date: /root/ros2_ws/install/message/share/message/environment/path.dsv
[6.123s] -- Up-to-date: /root/ros2_ws/install/message/share/message/local_setup.bash
[6.124s] -- Up-to-date: /root/ros2_ws/install/message/share/message/local_setup.sh
[6.125s] -- Up-to-date: /root/ros2_ws/install/message/share/message/local_setup.zsh
[6.126s] -- Up-to-date: /root/ros2_ws/install/message/share/message/local_setup.dsv
[6.126s] -- Installing: /root/ros2_ws/install/message/share/message/package.dsv
[6.127s] -- Up-to-date: /root/ros2_ws/install/message/share/ament_index/resource_index/packages/message
[6.128s] -- Up-to-date: /root/ros2_ws/install/message/share/message/cmake/export_message__rosidl_generator_cExport.cmake
[6.128s] -- Up-to-date: /root/ros2_ws/install/message/share/message/cmake/export_message__rosidl_generator_cExport-noconfig.cmake
[6.129s] -- Up-to-date: /root/ros2_ws/install/message/share/message/cmake/export_message__rosidl_typesupport_fastrtps_cExport.cmake
[6.130s] -- Up-to-date: /root/ros2_ws/install/message/share/message/cmake/export_message__rosidl_typesupport_fastrtps_cExport-noconfig.cmake
[6.133s] -- Up-to-date: /root/ros2_ws/install/message/share/message/cmake/export_message__rosidl_generator_cppExport.cmake
[6.135s] -- Up-to-date: /root/ros2_ws/install/message/share/message/cmake/export_message__rosidl_typesupport_fastrtps_cppExport.cmake
[6.136s] -- Up-to-date: /root/ros2_ws/install/message/share/message/cmake/export_message__rosidl_typesupport_fastrtps_cppExport-noconfig.cmake
[6.137s] -- Up-to-date: /root/ros2_ws/install/message/share/message/cmake/message__rosidl_typesupport_introspection_cExport.cmake
[6.138s] -- Up-to-date: /root/ros2_ws/install/message/share/message/cmake/message__rosidl_typesupport_introspection_cExport-noconfig.cmake
[6.139s] -- Up-to-date: /root/ros2_ws/install/message/share/message/cmake/message__rosidl_typesupport_cExport.cmake
[6.140s] -- Up-to-date: /root/ros2_ws/install/message/share/message/cmake/message__rosidl_typesupport_cExport-noconfig.cmake
[6.140s] -- Up-to-date: /root/ros2_ws/install/message/share/message/cmake/message__rosidl_typesupport_introspection_cppExport.cmake
[6.141s] -- Up-to-date: /root/ros2_ws/install/message/share/message/cmake/message__rosidl_typesupport_introspection_cppExport-noconfig.cmake
[6.142s] -- Up-to-date: /root/ros2_ws/install/message/share/message/cmake/message__rosidl_typesupport_cppExport.cmake
[6.142s] -- Up-to-date: /root/ros2_ws/install/message/share/message/cmake/message__rosidl_typesupport_cppExport-noconfig.cmake
[6.143s] -- Up-to-date: /root/ros2_ws/install/message/share/message/cmake/export_message__rosidl_generator_pyExport.cmake
[6.144s] -- Up-to-date: /root/ros2_ws/install/message/share/message/cmake/export_message__rosidl_generator_pyExport-noconfig.cmake
[6.145s] -- Up-to-date: /root/ros2_ws/install/message/share/message/cmake/rosidl_cmake-extras.cmake
[6.145s] -- Up-to-date: /root/ros2_ws/install/message/share/message/cmake/ament_cmake_export_dependencies-extras.cmake
[6.146s] -- Up-to-date: /root/ros2_ws/install/message/share/message/cmake/ament_cmake_export_include_directories-extras.cmake
[6.147s] -- Up-to-date: /root/ros2_ws/install/message/share/message/cmake/ament_cmake_export_libraries-extras.cmake
[6.148s] -- Up-to-date: /root/ros2_ws/install/message/share/message/cmake/ament_cmake_export_targets-extras.cmake
[6.149s] -- Up-to-date: /root/ros2_ws/install/message/share/message/cmake/rosidl_cmake_export_typesupport_targets-extras.cmake
[6.149s] -- Up-to-date: /root/ros2_ws/install/message/share/message/cmake/rosidl_cmake_export_typesupport_libraries-extras.cmake
[6.150s] -- Up-to-date: /root/ros2_ws/install/message/share/message/cmake/messageConfig.cmake
[6.151s] -- Up-to-date: /root/ros2_ws/install/message/share/message/cmake/messageConfig-version.cmake
[6.151s] -- Up-to-date: /root/ros2_ws/install/message/share/message/package.xml
[6.319s] Invoked command in '/root/ros2_ws/build/message' returned '0': CMAKE_PREFIX_PATH=${CMAKE_PREFIX_PATH}:/root/ros2_ws/install/my_ros2_project:/opt/ros/humble /usr/bin/cmake --install /root/ros2_ws/build/message
